Component: ARM Compiler 5.05 update 2 (build 169) Tool: armlink [4d0f33]

==============================================================================

Section Cross References

    startup_stm32f10x_md.o(RESET) refers to startup_stm32f10x_md.o(STACK) for __initial_sp
    startup_stm32f10x_md.o(RESET) refers to startup_stm32f10x_md.o(.text) for Reset_Handler
    startup_stm32f10x_md.o(RESET) refers to stm32f10x_it.o(i.NMI_Handler) for NMI_Handler
    startup_stm32f10x_md.o(RESET) refers to stm32f10x_it.o(i.HardFault_Handler) for HardFault_Handler
    startup_stm32f10x_md.o(RESET) refers to stm32f10x_it.o(i.MemManage_Handler) for MemManage_Handler
    startup_stm32f10x_md.o(RESET) refers to stm32f10x_it.o(i.BusFault_Handler) for BusFault_Handler
    startup_stm32f10x_md.o(RESET) refers to stm32f10x_it.o(i.UsageFault_Handler) for UsageFault_Handler
    startup_stm32f10x_md.o(RESET) refers to stm32f10x_it.o(i.SVC_Handler) for SVC_Handler
    startup_stm32f10x_md.o(RESET) refers to stm32f10x_it.o(i.DebugMon_Handler) for DebugMon_Handler
    startup_stm32f10x_md.o(RESET) refers to stm32f10x_it.o(i.PendSV_Handler) for PendSV_Handler
    startup_stm32f10x_md.o(RESET) refers to stm32f10x_it.o(i.SysTick_Handler) for SysTick_Handler
    startup_stm32f10x_md.o(RESET) refers to tim_delay.o(i.TIM4_IRQHandler) for TIM4_IRQHandler
    startup_stm32f10x_md.o(RESET) refers to usart.o(i.USART1_IRQHandler) for USART1_IRQHandler
    startup_stm32f10x_md.o(RESET) refers to usart.o(i.USART2_IRQHandler) for USART2_IRQHandler
    startup_stm32f10x_md.o(RESET) refers to usart.o(i.USART3_IRQHandler) for USART3_IRQHandler
    startup_stm32f10x_md.o(.text) refers to system_stm32f10x.o(i.SystemInit) for SystemInit
    startup_stm32f10x_md.o(.text) refers to entry.o(.ARM.Collect$$$$00000000) for __main
    main.o(i.main) refers to sys.o(i.NVIC_Configuration) for NVIC_Configuration
    main.o(i.main) refers to delay.o(i.delay_init) for delay_init
    main.o(i.main) refers to usart.o(i.usart2_init) for usart2_init
    main.o(i.main) refers to batt.o(i.batt_init) for batt_init
    main.o(i.main) refers to batt.o(i.batt_init_Read) for batt_init_Read
    main.o(i.main) refers to ctral.o(i.ctral_init) for ctral_init
    main.o(i.main) refers to adc.o(i.Adc_Config) for Adc_Config
    main.o(i.main) refers to pwm.o(i.pwm_init) for pwm_init
    main.o(i.main) refers to delay.o(i.delay_ms) for delay_ms
    main.o(i.main) refers to usart.o(i.Send_Data) for Send_Data
    main.o(i.main) refers to ctral.o(i.ctral_gpsctrl) for ctral_gpsctrl
    main.o(i.main) refers to ctral.o(i.ctral_cpctrl) for ctral_cpctrl
    main.o(i.main) refers to f2d.o(.text) for __aeabi_f2d
    main.o(i.main) refers to cdrcmple.o(.text) for __aeabi_cdrcmple
    main.o(i.main) refers to pwm.o(i.pwm_daty_updata) for pwm_daty_updata
    main.o(i.main) refers to cdcmple.o(.text) for __aeabi_cdcmple
    main.o(i.main) refers to stm32f10x_adc.o(i.ADC_SoftwareStartConvCmd) for ADC_SoftwareStartConvCmd
    main.o(i.main) refers to stm32f10x_adc.o(i.ADC_GetFlagStatus) for ADC_GetFlagStatus
    main.o(i.main) refers to stm32f10x_adc.o(i.ADC_GetConversionValue) for ADC_GetConversionValue
    main.o(i.main) refers to ffltui.o(.text) for __aeabi_ui2f
    main.o(i.main) refers to dmul.o(.text) for __aeabi_dmul
    main.o(i.main) refers to d2f.o(.text) for __aeabi_d2f
    main.o(i.main) refers to strcmp.o(.text) for strcmp
    main.o(i.main) refers to stm32f10x_gpio.o(i.GPIO_SetBits) for GPIO_SetBits
    main.o(i.main) refers to stm32f10x_gpio.o(i.GPIO_ResetBits) for GPIO_ResetBits
    main.o(i.main) refers to ctral.o(i.iap_load_bootload) for iap_load_bootload
    main.o(i.main) refers to sys.o(i.SoftReset) for SoftReset
    main.o(i.main) refers to main.o(.data) for temp
    main.o(i.main) refers to main.o(.bss) for data
    system_stm32f10x.o(i.SetSysClock) refers to system_stm32f10x.o(i.SetSysClockTo72) for SetSysClockTo72
    system_stm32f10x.o(i.SystemCoreClockUpdate) refers to system_stm32f10x.o(.data) for SystemCoreClock
    system_stm32f10x.o(i.SystemInit) refers to system_stm32f10x.o(i.SetSysClock) for SetSysClock
    stm32f10x_adc.o(i.ADC_DeInit) refers to stm32f10x_rcc.o(i.RCC_APB2PeriphResetCmd) for RCC_APB2PeriphResetCmd
    stm32f10x_bkp.o(i.BKP_DeInit) refers to stm32f10x_rcc.o(i.RCC_BackupResetCmd) for RCC_BackupResetCmd
    stm32f10x_can.o(i.CAN_DeInit) refers to stm32f10x_rcc.o(i.RCC_APB1PeriphResetCmd) for RCC_APB1PeriphResetCmd
    stm32f10x_can.o(i.CAN_GetITStatus) refers to stm32f10x_can.o(i.CheckITStatus) for CheckITStatus
    stm32f10x_cec.o(i.CEC_DeInit) refers to stm32f10x_rcc.o(i.RCC_APB1PeriphResetCmd) for RCC_APB1PeriphResetCmd
    stm32f10x_dac.o(i.DAC_DeInit) refers to stm32f10x_rcc.o(i.RCC_APB1PeriphResetCmd) for RCC_APB1PeriphResetCmd
    stm32f10x_flash.o(i.FLASH_EnableWriteProtection) refers to stm32f10x_flash.o(i.FLASH_WaitForLastOperation) for FLASH_WaitForLastOperation
[...]

Removing Unused input sections from the image.

    Removing core_cm3.o(.emb_text), (32 bytes).
    Removing system_stm32f10x.o(i.SystemCoreClockUpdate), (164 bytes).
    Removing misc.o(i.NVIC_SetVectorTable), (20 bytes).
    Removing misc.o(i.NVIC_SystemLPConfig), (32 bytes).
    Removing stm32f10x_adc.o(i.ADC_AnalogWatchdogCmd), (20 bytes).
    Removing stm32f10x_adc.o(i.ADC_AnalogWatchdogSingleChannelConfig), (16 bytes).
    Removing stm32f10x_adc.o(i.ADC_AnalogWatchdogThresholdsConfig), (6 bytes).
    Removing stm32f10x_adc.o(i.ADC_AutoInjectedConvCmd), (22 bytes).
    Removing stm32f10x_adc.o(i.ADC_ClearFlag), (6 bytes).
    Removing stm32f10x_adc.o(i.ADC_ClearITPendingBit), (10 bytes).
    Removing stm32f10x_adc.o(i.ADC_DMACmd), (22 bytes).
    Removing stm32f10x_adc.o(i.ADC_DiscModeChannelCountConfig), (24 bytes).
    Removing stm32f10x_adc.o(i.ADC_DiscModeCmd), (22 bytes).
    Removing stm32f10x_adc.o(i.ADC_ExternalTrigConvCmd), (22 bytes).
    Removing stm32f10x_adc.o(i.ADC_ExternalTrigInjectedConvCmd), (22 bytes).
    Removing stm32f10x_adc.o(i.ADC_ExternalTrigInjectedConvConfig), (16 bytes).
    Removing stm32f10x_adc.o(i.ADC_GetDualModeConversionValue), (12 bytes).
    Removing stm32f10x_adc.o(i.ADC_GetITStatus), (36 bytes).
    Removing stm32f10x_adc.o(i.ADC_GetInjectedConversionValue), (28 bytes).
    Removing stm32f10x_adc.o(i.ADC_GetSoftwareStartConvStatus), (20 bytes).
    Removing stm32f10x_adc.o(i.ADC_GetSoftwareStartInjectedConvCmdStatus), (20 bytes).
    Removing stm32f10x_adc.o(i.ADC_ITConfig), (24 bytes).
    Removing stm32f10x_adc.o(i.ADC_InjectedChannelConfig), (130 bytes).
    Removing stm32f10x_adc.o(i.ADC_InjectedDiscModeCmd), (22 bytes).
    Removing stm32f10x_adc.o(i.ADC_InjectedSequencerLengthConfig), (24 bytes).
    Removing stm32f10x_adc.o(i.ADC_SetInjectedOffset), (20 bytes).
    Removing stm32f10x_adc.o(i.ADC_SoftwareStartInjectedConvCmd), (22 bytes).
    Removing stm32f10x_adc.o(i.ADC_StructInit), (18 bytes).
    Removing stm32f10x_adc.o(i.ADC_TempSensorVrefintCmd), (36 bytes).
    Removing stm32f10x_bkp.o(i.BKP_ClearFlag), (20 bytes).
    Removing stm32f10x_bkp.o(i.BKP_ClearITPendingBit), (20 bytes).
    Removing stm32f10x_bkp.o(i.BKP_DeInit), (16 bytes).
    Removing stm32f10x_bkp.o(i.BKP_GetFlagStatus), (12 bytes).
    Removing stm32f10x_bkp.o(i.BKP_GetITStatus), (12 bytes).
    Removing stm32f10x_bkp.o(i.BKP_ITConfig), (12 bytes).
    Removing stm32f10x_bkp.o(i.BKP_RTCOutputConfig), (28 bytes).
    Removing stm32f10x_bkp.o(i.BKP_ReadBackupRegister), (28 bytes).
    Removing stm32f10x_bkp.o(i.BKP_SetRTCCalibrationValue), (28 bytes).
    Removing stm32f10x_bkp.o(i.BKP_TamperPinCmd), (12 bytes).
    Removing stm32f10x_bkp.o(i.BKP_TamperPinLevelConfig), (12 bytes).
    Removing stm32f10x_bkp.o(i.BKP_WriteBackupRegister), (28 bytes).
    Removing stm32f10x_can.o(i.CAN_CancelTransmit), (48 bytes).
    Removing stm32f10x_can.o(i.CAN_ClearFlag), (56 bytes).
    Removing stm32f10x_can.o(i.CAN_ClearITPendingBit), (168 bytes).
    Removing stm32f10x_can.o(i.CAN_DBGFreeze), (22 bytes).
    Removing stm32f10x_can.o(i.CAN_DeInit), (56 bytes).
    Removing stm32f10x_can.o(i.CAN_FIFORelease), (22 bytes).
    Removing stm32f10x_can.o(i.CAN_FilterInit), (264 bytes).
    Removing stm32f10x_can.o(i.CAN_GetFlagStatus), (120 bytes).
    Removing stm32f10x_can.o(i.CAN_GetITStatus), (288 bytes).
    Removing stm32f10x_can.o(i.CAN_GetLSBTransmitErrorCounter), (12 bytes).
    Removing stm32f10x_can.o(i.CAN_GetLastErrorCode), (12 bytes).
    Removing stm32f10x_can.o(i.CAN_GetReceiveErrorCounter), (10 bytes).
    Removing stm32f10x_can.o(i.CAN_ITConfig), (18 bytes).
    Removing stm32f10x_can.o(i.CAN_Init), (276 bytes).
    Removing stm32f10x_can.o(i.CAN_MessagePending), (30 bytes).
    Removing stm32f10x_can.o(i.CAN_OperatingModeRequest), (162 bytes).
    Removing stm32f10x_can.o(i.CAN_Receive), (240 bytes).
    Removing stm32f10x_can.o(i.CAN_SlaveStartBank), (52 bytes).
    Removing stm32f10x_can.o(i.CAN_Sleep), (30 bytes).
    Removing stm32f10x_can.o(i.CAN_StructInit), (32 bytes).
    Removing stm32f10x_can.o(i.CAN_TTComModeCmd), (118 bytes).
    Removing stm32f10x_can.o(i.CAN_Transmit), (294 bytes).
    Removing stm32f10x_can.o(i.CAN_TransmitStatus), (160 bytes).
    Removing stm32f10x_can.o(i.CAN_WakeUp), (48 bytes).
    Removing stm32f10x_can.o(i.CheckITStatus), (18 bytes).
    Removing stm32f10x_cec.o(i.CEC_ClearFlag), (36 bytes).
    Removing stm32f10x_cec.o(i.CEC_ClearITPendingBit), (36 bytes).
    Removing stm32f10x_cec.o(i.CEC_Cmd), (32 bytes).
    Removing stm32f10x_cec.o(i.CEC_DeInit), (22 bytes).
    Removing stm32f10x_cec.o(i.CEC_EndOfMessageCmd), (12 bytes).
    Removing stm32f10x_cec.o(i.CEC_GetFlagStatus), (48 bytes).
    Removing stm32f10x_cec.o(i.CEC_GetITStatus), (40 bytes).
    Removing stm32f10x_cec.o(i.CEC_ITConfig), (12 bytes).
    Removing stm32f10x_cec.o(i.CEC_Init), (32 bytes).
    Removing stm32f10x_cec.o(i.CEC_OwnAddressConfig), (12 bytes).
    Removing stm32f10x_cec.o(i.CEC_ReceiveDataByte), (12 bytes).
    Removing stm32f10x_cec.o(i.CEC_SendDataByte), (12 bytes).
    Removing stm32f10x_cec.o(i.CEC_SetPrescaler), (12 bytes).
    Removing stm32f10x_cec.o(i.CEC_StartOfMessage), (12 bytes).
    Removing stm32f10x_crc.o(i.CRC_CalcBlockCRC), (36 bytes).
    Removing stm32f10x_crc.o(i.CRC_CalcCRC), (16 bytes).
    Removing stm32f10x_crc.o(i.CRC_GetCRC), (12 bytes).
    Removing stm32f10x_crc.o(i.CRC_GetIDRegister), (12 bytes).
    Removing stm32f10x_crc.o(i.CRC_ResetDR), (12 bytes).
    Removing stm32f10x_crc.o(i.CRC_SetIDRegister), (12 bytes).
    Removing stm32f10x_dac.o(i.DAC_Cmd), (40 bytes).
    Removing stm32f10x_dac.o(i.DAC_DMACmd), (44 bytes).
    Removing stm32f10x_dac.o(i.DAC_DeInit), (22 bytes).
    Removing stm32f10x_dac.o(i.DAC_DualSoftwareTriggerCmd), (36 bytes).
    Removing stm32f10x_dac.o(i.DAC_GetDataOutputValue), (36 bytes).
    Removing stm32f10x_dac.o(i.DAC_Init), (52 bytes).
    Removing stm32f10x_dac.o(i.DAC_SetChannel1Data), (32 bytes).
    Removing stm32f10x_dac.o(i.DAC_SetChannel2Data), (32 bytes).
    Removing stm32f10x_dac.o(i.DAC_SetDualChannelData), (36 bytes).
    Removing stm32f10x_dac.o(i.DAC_SoftwareTriggerCmd), (44 bytes).
    Removing stm32f10x_dac.o(i.DAC_StructInit), (12 bytes).
    Removing stm32f10x_dac.o(i.DAC_WaveGenerationCmd), (40 bytes).
    Removing stm32f10x_dbgmcu.o(i.DBGMCU_Config), (32 bytes).
    Removing stm32f10x_dbgmcu.o(i.DBGMCU_GetDEVID), (16 bytes).
    Removing stm32f10x_dbgmcu.o(i.DBGMCU_GetREVID), (12 bytes).
    Removing stm32f10x_dma.o(i.DMA_ClearFlag), (28 bytes).
    Removing stm32f10x_dma.o(i.DMA_ClearITPendingBit), (28 bytes).
    Removing stm32f10x_dma.o(i.DMA_Cmd), (24 bytes).
    Removing stm32f10x_dma.o(i.DMA_DeInit), (332 bytes).
    Removing stm32f10x_dma.o(i.DMA_GetCurrDataCounter), (8 bytes).
    Removing stm32f10x_dma.o(i.DMA_GetFlagStatus), (44 bytes).
    Removing stm32f10x_dma.o(i.DMA_GetITStatus), (44 bytes).
    Removing stm32f10x_dma.o(i.DMA_ITConfig), (18 bytes).
    Removing stm32f10x_dma.o(i.DMA_Init), (60 bytes).
    Removing stm32f10x_dma.o(i.DMA_SetCurrDataCounter), (4 bytes).
    Removing stm32f10x_dma.o(i.DMA_StructInit), (26 bytes).
    Removing stm32f10x_exti.o(i.EXTI_ClearFlag), (12 bytes).
    Removing stm32f10x_exti.o(i.EXTI_ClearITPendingBit), (12 bytes).
    Removing stm32f10x_exti.o(i.EXTI_DeInit), (36 bytes).
    Removing stm32f10x_exti.o(i.EXTI_GenerateSWInterrupt), (16 bytes).
    Removing stm32f10x_exti.o(i.EXTI_GetFlagStatus), (24 bytes).
    Removing stm32f10x_exti.o(i.EXTI_GetITStatus), (40 bytes).
    Removing stm32f10x_exti.o(i.EXTI_Init), (148 bytes).
    Removing stm32f10x_exti.o(i.EXTI_StructInit), (16 bytes).
    Removing stm32f10x_flash.o(i.FLASH_ClearFlag), (12 bytes).
    Removing stm32f10x_flash.o(i.FLASH_EnableWriteProtection), (196 bytes).
    Removing stm32f10x_flash.o(i.FLASH_EraseAllBank1Pages), (72 bytes).
    Removing stm32f10x_flash.o(i.FLASH_EraseAllPages), (72 bytes).
    Removing stm32f10x_flash.o(i.FLASH_EraseOptionBytes), (168 bytes).
    Removing stm32f10x_flash.o(i.FLASH_ErasePage), (76 bytes).
    Removing stm32f10x_flash.o(i.FLASH_GetBank1Status), (52 bytes).
    Removing stm32f10x_flash.o(i.FLASH_GetFlagStatus), (48 bytes).
    Removing stm32f10x_flash.o(i.FLASH_GetPrefetchBufferStatus), (24 bytes).
    Removing stm32f10x_flash.o(i.FLASH_GetReadOutProtectionStatus), (24 bytes).
    Removing stm32f10x_flash.o(i.FLASH_GetStatus), (52 bytes).
    Removing stm32f10x_flash.o(i.FLASH_GetUserOptionByte), (12 bytes).
    Removing stm32f10x_flash.o(i.FLASH_GetWriteProtectionOptionByte), (12 bytes).
    Removing stm32f10x_flash.o(i.FLASH_HalfCycleAccessCmd), (28 bytes).
    Removing stm32f10x_flash.o(i.FLASH_ITConfig), (32 bytes).
    Removing stm32f10x_flash.o(i.FLASH_Lock), (20 bytes).
    Removing stm32f10x_flash.o(i.FLASH_LockBank1), (20 bytes).
    Removing stm32f10x_flash.o(i.FLASH_PrefetchBufferCmd), (28 bytes).
    Removing stm32f10x_flash.o(i.FLASH_ProgramHalfWord), (64 bytes).
    Removing stm32f10x_flash.o(i.FLASH_ProgramOptionByteData), (84 bytes).
    Removing stm32f10x_flash.o(i.FLASH_ProgramWord), (108 bytes).
    Removing stm32f10x_flash.o(i.FLASH_ReadOutProtection), (172 bytes).
    Removing stm32f10x_flash.o(i.FLASH_SetLatency), (24 bytes).
    Removing stm32f10x_flash.o(i.FLASH_Unlock), (24 bytes).
    Removing stm32f10x_flash.o(i.FLASH_UnlockBank1), (24 bytes).
    Removing stm32f10x_flash.o(i.FLASH_UserOptionByteConfig), (104 bytes).
    Removing stm32f10x_flash.o(i.FLASH_WaitForLastBank1Operation), (38 bytes).
    Removing stm32f10x_flash.o(i.FLASH_WaitForLastOperation), (38 bytes).
    Removing stm32f10x_fsmc.o(i.FSMC_ClearFlag), (64 bytes).
    Removing stm32f10x_fsmc.o(i.FSMC_ClearITPendingBit), (72 bytes).
    Removing stm32f10x_fsmc.o(i.FSMC_GetECC), (28 bytes).
    Removing stm32f10x_fsmc.o(i.FSMC_GetFlagStatus), (56 bytes).
    Removing stm32f10x_fsmc.o(i.FSMC_GetITStatus), (68 bytes).
    Removing stm32f10x_fsmc.o(i.FSMC_ITConfig), (128 bytes).
    Removing stm32f10x_fsmc.o(i.FSMC_NANDCmd), (92 bytes).
    Removing stm32f10x_fsmc.o(i.FSMC_NANDDeInit), (68 bytes).
    Removing stm32f10x_fsmc.o(i.FSMC_NANDECCCmd), (92 bytes).
    Removing stm32f10x_fsmc.o(i.FSMC_NANDInit), (136 bytes).
    Removing stm32f10x_fsmc.o(i.FSMC_NANDStructInit), (54 bytes).
    Removing stm32f10x_fsmc.o(i.FSMC_NORSRAMCmd), (52 bytes).
    Removing stm32f10x_fsmc.o(i.FSMC_NORSRAMDeInit), (54 bytes).
    Removing stm32f10x_fsmc.o(i.FSMC_NORSRAMInit), (230 bytes).
    Removing stm32f10x_fsmc.o(i.FSMC_NORSRAMStructInit), (114 bytes).
    Removing stm32f10x_fsmc.o(i.FSMC_PCCARDCmd), (48 bytes).
    Removing stm32f10x_fsmc.o(i.FSMC_PCCARDDeInit), (40 bytes).
    Removing stm32f10x_fsmc.o(i.FSMC_PCCARDInit), (132 bytes).
    Removing stm32f10x_fsmc.o(i.FSMC_PCCARDStructInit), (60 bytes).
    Removing stm32f10x_gpio.o(i.GPIO_AFIODeInit), (20 bytes).
    Removing stm32f10x_gpio.o(i.GPIO_DeInit), (200 bytes).
    Removing stm32f10x_gpio.o(i.GPIO_ETH_MediaInterfaceConfig), (12 bytes).
    Removing stm32f10x_gpio.o(i.GPIO_EXTILineConfig), (64 bytes).
    Removing stm32f10x_gpio.o(i.GPIO_EventOutputCmd), (12 bytes).
    Removing stm32f10x_gpio.o(i.GPIO_EventOutputConfig), (32 bytes).
    Removing stm32f10x_gpio.o(i.GPIO_PinLockConfig), (18 bytes).
    Removing stm32f10x_gpio.o(i.GPIO_PinRemapConfig), (144 bytes).
    Removing stm32f10x_gpio.o(i.GPIO_ReadInputData), (8 bytes).
    Removing stm32f10x_gpio.o(i.GPIO_ReadInputDataBit), (18 bytes).
    Removing stm32f10x_gpio.o(i.GPIO_ReadOutputData), (8 bytes).
    Removing stm32f10x_gpio.o(i.GPIO_ReadOutputDataBit), (18 bytes).
    Removing stm32f10x_gpio.o(i.GPIO_StructInit), (16 bytes).
    Removing stm32f10x_gpio.o(i.GPIO_Write), (4 bytes).
    Removing stm32f10x_gpio.o(i.GPIO_WriteBit), (10 bytes).
    Removing stm32f10x_i2c.o(i.I2C_ARPCmd), (24 bytes).
    Removing stm32f10x_i2c.o(i.I2C_AcknowledgeConfig), (24 bytes).
    Removing stm32f10x_i2c.o(i.I2C_CalculatePEC), (24 bytes).
    Removing stm32f10x_i2c.o(i.I2C_CheckEvent), (42 bytes).
    Removing stm32f10x_i2c.o(i.I2C_ClearFlag), (12 bytes).
    Removing stm32f10x_i2c.o(i.I2C_ClearITPendingBit), (12 bytes).
    Removing stm32f10x_i2c.o(i.I2C_Cmd), (24 bytes).
    Removing stm32f10x_i2c.o(i.I2C_DMACmd), (24 bytes).
    Removing stm32f10x_i2c.o(i.I2C_DMALastTransferCmd), (24 bytes).
    Removing stm32f10x_i2c.o(i.I2C_DeInit), (56 bytes).
    Removing stm32f10x_i2c.o(i.I2C_DualAddressCmd), (24 bytes).
    Removing stm32f10x_i2c.o(i.I2C_FastModeDutyCycleConfig), (28 bytes).
    Removing stm32f10x_i2c.o(i.I2C_GeneralCallCmd), (24 bytes).
    Removing stm32f10x_i2c.o(i.I2C_GenerateSTART), (24 bytes).
    Removing stm32f10x_i2c.o(i.I2C_GenerateSTOP), (24 bytes).
    Removing stm32f10x_i2c.o(i.I2C_GetFlagStatus), (58 bytes).
    Removing stm32f10x_i2c.o(i.I2C_GetITStatus), (38 bytes).
    Removing stm32f10x_i2c.o(i.I2C_GetLastEvent), (26 bytes).
    Removing stm32f10x_i2c.o(i.I2C_GetPEC), (8 bytes).
    Removing stm32f10x_i2c.o(i.I2C_ITConfig), (18 bytes).
    Removing stm32f10x_i2c.o(i.I2C_Init), (236 bytes).
    Removing stm32f10x_i2c.o(i.I2C_NACKPositionConfig), (28 bytes).
    Removing stm32f10x_i2c.o(i.I2C_OwnAddress2Config), (22 bytes).
    Removing stm32f10x_i2c.o(i.I2C_PECPositionConfig), (28 bytes).
    Removing stm32f10x_i2c.o(i.I2C_ReadRegister), (22 bytes).
    Removing stm32f10x_i2c.o(i.I2C_ReceiveData), (8 bytes).
    Removing stm32f10x_i2c.o(i.I2C_SMBusAlertConfig), (28 bytes).
    Removing stm32f10x_i2c.o(i.I2C_Send7bitAddress), (18 bytes).
    Removing stm32f10x_i2c.o(i.I2C_SendData), (4 bytes).
    Removing stm32f10x_i2c.o(i.I2C_SoftwareResetCmd), (22 bytes).
    Removing stm32f10x_i2c.o(i.I2C_StretchClockCmd), (24 bytes).
    Removing stm32f10x_i2c.o(i.I2C_StructInit), (30 bytes).
    Removing stm32f10x_i2c.o(i.I2C_TransmitPEC), (24 bytes).
    Removing stm32f10x_iwdg.o(i.IWDG_Enable), (16 bytes).
    Removing stm32f10x_iwdg.o(i.IWDG_GetFlagStatus), (24 bytes).
    Removing stm32f10x_iwdg.o(i.IWDG_ReloadCounter), (16 bytes).
    Removing stm32f10x_iwdg.o(i.IWDG_SetPrescaler), (12 bytes).
    Removing stm32f10x_iwdg.o(i.IWDG_SetReload), (12 bytes).
    Removing stm32f10x_iwdg.o(i.IWDG_WriteAccessCmd), (12 bytes).
    Removing stm32f10x_pwr.o(i.PWR_BackupAccessCmd), (12 bytes).
    Removing stm32f10x_pwr.o(i.PWR_ClearFlag), (20 bytes).
    Removing stm32f10x_pwr.o(i.PWR_DeInit), (22 bytes).
    Removing stm32f10x_pwr.o(i.PWR_EnterSTANDBYMode), (52 bytes).
    Removing stm32f10x_pwr.o(i.PWR_EnterSTOPMode), (64 bytes).
    Removing stm32f10x_pwr.o(i.PWR_GetFlagStatus), (24 bytes).
    Removing stm32f10x_pwr.o(i.PWR_PVDCmd), (12 bytes).
    Removing stm32f10x_pwr.o(i.PWR_PVDLevelConfig), (24 bytes).
    Removing stm32f10x_pwr.o(i.PWR_WakeUpPinCmd), (12 bytes).
    Removing stm32f10x_rcc.o(i.RCC_AHBPeriphClockCmd), (32 bytes).
    Removing stm32f10x_rcc.o(i.RCC_AdjustHSICalibrationValue), (24 bytes).
    Removing stm32f10x_rcc.o(i.RCC_BackupResetCmd), (12 bytes).
    Removing stm32f10x_rcc.o(i.RCC_ClearFlag), (20 bytes).
    Removing stm32f10x_rcc.o(i.RCC_ClearITPendingBit), (12 bytes).
    Removing stm32f10x_rcc.o(i.RCC_ClockSecuritySystemCmd), (12 bytes).
    Removing stm32f10x_rcc.o(i.RCC_DeInit), (76 bytes).
    Removing stm32f10x_rcc.o(i.RCC_GetFlagStatus), (60 bytes).
    Removing stm32f10x_rcc.o(i.RCC_GetITStatus), (24 bytes).
    Removing stm32f10x_rcc.o(i.RCC_GetSYSCLKSource), (16 bytes).
    Removing stm32f10x_rcc.o(i.RCC_HCLKConfig), (24 bytes).
    Removing stm32f10x_rcc.o(i.RCC_HSEConfig), (76 bytes).
    Removing stm32f10x_rcc.o(i.RCC_HSICmd), (12 bytes).
    Removing stm32f10x_rcc.o(i.RCC_ITConfig), (32 bytes).
    Removing stm32f10x_rcc.o(i.RCC_LSEConfig), (52 bytes).
    Removing stm32f10x_rcc.o(i.RCC_LSICmd), (12 bytes).
    Removing stm32f10x_rcc.o(i.RCC_MCOConfig), (12 bytes).
    Removing stm32f10x_rcc.o(i.RCC_PCLK1Config), (24 bytes).
    Removing stm32f10x_rcc.o(i.RCC_PCLK2Config), (24 bytes).
    Removing stm32f10x_rcc.o(i.RCC_PLLCmd), (12 bytes).
    Removing stm32f10x_rcc.o(i.RCC_PLLConfig), (28 bytes).
    Removing stm32f10x_rcc.o(i.RCC_RTCCLKCmd), (12 bytes).
    Removing stm32f10x_rcc.o(i.RCC_RTCCLKConfig), (16 bytes).
    Removing stm32f10x_rcc.o(i.RCC_SYSCLKConfig), (24 bytes).
    Removing stm32f10x_rcc.o(i.RCC_USBCLKConfig), (12 bytes).
    Removing stm32f10x_rcc.o(i.RCC_WaitForHSEStartUp), (56 bytes).
    Removing stm32f10x_rtc.o(i.RTC_ClearFlag), (16 bytes).
    Removing stm32f10x_rtc.o(i.RTC_ClearITPendingBit), (16 bytes).
    Removing stm32f10x_rtc.o(i.RTC_EnterConfigMode), (20 bytes).
    Removing stm32f10x_rtc.o(i.RTC_ExitConfigMode), (20 bytes).
    Removing stm32f10x_rtc.o(i.RTC_GetCounter), (20 bytes).
    Removing stm32f10x_rtc.o(i.RTC_GetDivider), (24 bytes).
    Removing stm32f10x_rtc.o(i.RTC_GetFlagStatus), (24 bytes).
    Removing stm32f10x_rtc.o(i.RTC_GetITStatus), (36 bytes).
    Removing stm32f10x_rtc.o(i.RTC_ITConfig), (32 bytes).
    Removing stm32f10x_rtc.o(i.RTC_SetAlarm), (28 bytes).
    Removing stm32f10x_rtc.o(i.RTC_SetCounter), (28 bytes).
    Removing stm32f10x_rtc.o(i.RTC_SetPrescaler), (32 bytes).
    Removing stm32f10x_rtc.o(i.RTC_WaitForLastTask), (20 bytes).
    Removing stm32f10x_rtc.o(i.RTC_WaitForSynchro), (36 bytes).
    Removing stm32f10x_sdio.o(i.SDIO_CEATAITCmd), (16 bytes).
    Removing stm32f10x_sdio.o(i.SDIO_ClearFlag), (12 bytes).
    Removing stm32f10x_sdio.o(i.SDIO_ClearITPendingBit), (12 bytes).
    Removing stm32f10x_sdio.o(i.SDIO_ClockCmd), (12 bytes).
    Removing stm32f10x_sdio.o(i.SDIO_CmdStructInit), (14 bytes).
    Removing stm32f10x_sdio.o(i.SDIO_CommandCompletionCmd), (12 bytes).
    Removing stm32f10x_sdio.o(i.SDIO_DMACmd), (12 bytes).
    Removing stm32f10x_sdio.o(i.SDIO_DataConfig), (48 bytes).
    Removing stm32f10x_sdio.o(i.SDIO_DataStructInit), (20 bytes).
    Removing stm32f10x_sdio.o(i.SDIO_DeInit), (36 bytes).
    Removing stm32f10x_sdio.o(i.SDIO_GetCommandResponse), (12 bytes).
    Removing stm32f10x_sdio.o(i.SDIO_GetDataCounter), (12 bytes).
    Removing stm32f10x_sdio.o(i.SDIO_GetFIFOCount), (12 bytes).
    Removing stm32f10x_sdio.o(i.SDIO_GetFlagStatus), (24 bytes).
    Removing stm32f10x_sdio.o(i.SDIO_GetITStatus), (24 bytes).
    Removing stm32f10x_sdio.o(i.SDIO_GetPowerState), (16 bytes).
    Removing stm32f10x_sdio.o(i.SDIO_GetResponse), (24 bytes).
    Removing stm32f10x_sdio.o(i.SDIO_ITConfig), (32 bytes).
    Removing stm32f10x_sdio.o(i.SDIO_Init), (48 bytes).
    Removing stm32f10x_sdio.o(i.SDIO_ReadData), (12 bytes).
    Removing stm32f10x_sdio.o(i.SDIO_SendCEATACmd), (12 bytes).
    Removing stm32f10x_sdio.o(i.SDIO_SendCommand), (44 bytes).
    Removing stm32f10x_sdio.o(i.SDIO_SendSDIOSuspendCmd), (12 bytes).
    Removing stm32f10x_sdio.o(i.SDIO_SetPowerState), (28 bytes).
    Removing stm32f10x_sdio.o(i.SDIO_SetSDIOOperation), (12 bytes).
    Removing stm32f10x_sdio.o(i.SDIO_SetSDIOReadWaitMode), (12 bytes).
    Removing stm32f10x_sdio.o(i.SDIO_StartSDIOReadWait), (12 bytes).
    Removing stm32f10x_sdio.o(i.SDIO_StopSDIOReadWait), (12 bytes).
    Removing stm32f10x_sdio.o(i.SDIO_StructInit), (16 bytes).
    Removing stm32f10x_sdio.o(i.SDIO_WriteData), (12 bytes).
    Removing stm32f10x_spi.o(i.I2S_Cmd), (24 bytes).
    Removing stm32f10x_spi.o(i.I2S_Init), (232 bytes).
    Removing stm32f10x_spi.o(i.I2S_StructInit), (20 bytes).
    Removing stm32f10x_spi.o(i.SPI_BiDirectionalLineConfig), (28 bytes).
    Removing stm32f10x_spi.o(i.SPI_CalculateCRC), (24 bytes).
    Removing stm32f10x_spi.o(i.SPI_Cmd), (24 bytes).
    Removing stm32f10x_spi.o(i.SPI_DataSizeConfig), (18 bytes).
    Removing stm32f10x_spi.o(i.SPI_GetCRC), (16 bytes).
    Removing stm32f10x_spi.o(i.SPI_GetCRCPolynomial), (6 bytes).
    Removing stm32f10x_spi.o(i.SPI_I2S_ClearFlag), (6 bytes).
    Removing stm32f10x_spi.o(i.SPI_I2S_ClearITPendingBit), (20 bytes).
    Removing stm32f10x_spi.o(i.SPI_I2S_DMACmd), (18 bytes).
    Removing stm32f10x_spi.o(i.SPI_I2S_DeInit), (88 bytes).
    Removing stm32f10x_spi.o(i.SPI_I2S_GetFlagStatus), (18 bytes).
    Removing stm32f10x_spi.o(i.SPI_I2S_GetITStatus), (52 bytes).
    Removing stm32f10x_spi.o(i.SPI_I2S_ITConfig), (32 bytes).
    Removing stm32f10x_spi.o(i.SPI_I2S_ReceiveData), (6 bytes).
    Removing stm32f10x_spi.o(i.SPI_I2S_SendData), (4 bytes).
    Removing stm32f10x_spi.o(i.SPI_Init), (60 bytes).
    Removing stm32f10x_spi.o(i.SPI_NSSInternalSoftwareConfig), (30 bytes).
    Removing stm32f10x_spi.o(i.SPI_SSOutputCmd), (24 bytes).
    Removing stm32f10x_spi.o(i.SPI_StructInit), (24 bytes).
    Removing stm32f10x_spi.o(i.SPI_TransmitCRC), (10 bytes).
    Removing stm32f10x_tim.o(i.TI1_Config), (128 bytes).
    Removing stm32f10x_tim.o(i.TI2_Config), (152 bytes).
    Removing stm32f10x_tim.o(i.TI3_Config), (144 bytes).
    Removing stm32f10x_tim.o(i.TI4_Config), (152 bytes).
    Removing stm32f10x_tim.o(i.TIM_ARRPreloadConfig), (24 bytes).
    Removing stm32f10x_tim.o(i.TIM_BDTRConfig), (32 bytes).
    Removing stm32f10x_tim.o(i.TIM_BDTRStructInit), (18 bytes).
    Removing stm32f10x_tim.o(i.TIM_CCPreloadControl), (24 bytes).
    Removing stm32f10x_tim.o(i.TIM_CCxCmd), (30 bytes).
    Removing stm32f10x_tim.o(i.TIM_CCxNCmd), (30 bytes).
    Removing stm32f10x_tim.o(i.TIM_ClearFlag), (6 bytes).
    Removing stm32f10x_tim.o(i.TIM_ClearOC1Ref), (18 bytes).
    Removing stm32f10x_tim.o(i.TIM_ClearOC2Ref), (24 bytes).
    Removing stm32f10x_tim.o(i.TIM_ClearOC3Ref), (18 bytes).
    Removing stm32f10x_tim.o(i.TIM_ClearOC4Ref), (24 bytes).
    Removing stm32f10x_tim.o(i.TIM_CounterModeConfig), (18 bytes).
    Removing stm32f10x_tim.o(i.TIM_CtrlPWMOutputs), (30 bytes).
    Removing stm32f10x_tim.o(i.TIM_DMACmd), (18 bytes).
    Removing stm32f10x_tim.o(i.TIM_DMAConfig), (10 bytes).
    Removing stm32f10x_tim.o(i.TIM_ETRClockMode1Config), (54 bytes).
    Removing stm32f10x_tim.o(i.TIM_ETRClockMode2Config), (32 bytes).
    Removing stm32f10x_tim.o(i.TIM_ETRConfig), (28 bytes).
    Removing stm32f10x_tim.o(i.TIM_EncoderInterfaceConfig), (66 bytes).
    Removing stm32f10x_tim.o(i.TIM_ForcedOC1Config), (18 bytes).
    Removing stm32f10x_tim.o(i.TIM_ForcedOC2Config), (26 bytes).
    Removing stm32f10x_tim.o(i.TIM_ForcedOC3Config), (18 bytes).
    Removing stm32f10x_tim.o(i.TIM_ForcedOC4Config), (26 bytes).
    Removing stm32f10x_tim.o(i.TIM_GenerateEvent), (4 bytes).
    Removing stm32f10x_tim.o(i.TIM_GetCapture1), (6 bytes).
    Removing stm32f10x_tim.o(i.TIM_GetCapture2), (6 bytes).
    Removing stm32f10x_tim.o(i.TIM_GetCapture3), (6 bytes).
    Removing stm32f10x_tim.o(i.TIM_GetCapture4), (8 bytes).
    Removing stm32f10x_tim.o(i.TIM_GetCounter), (6 bytes).
    Removing stm32f10x_tim.o(i.TIM_GetFlagStatus), (18 bytes).
    Removing stm32f10x_tim.o(i.TIM_GetPrescaler), (6 bytes).
    Removing stm32f10x_tim.o(i.TIM_ICInit), (172 bytes).
    Removing stm32f10x_tim.o(i.TIM_ICStructInit), (18 bytes).
    Removing stm32f10x_tim.o(i.TIM_ITConfig), (18 bytes).
    Removing stm32f10x_tim.o(i.TIM_ITRxExternalClockConfig), (24 bytes).
    Removing stm32f10x_tim.o(i.TIM_InternalClockConfig), (12 bytes).
    Removing stm32f10x_tim.o(i.TIM_OC1FastConfig), (18 bytes).
    Removing stm32f10x_tim.o(i.TIM_OC1NPolarityConfig), (18 bytes).
    Removing stm32f10x_tim.o(i.TIM_OC1PolarityConfig), (18 bytes).
    Removing stm32f10x_tim.o(i.TIM_OC2FastConfig), (26 bytes).
    Removing stm32f10x_tim.o(i.TIM_OC2Init), (164 bytes).
    Removing stm32f10x_tim.o(i.TIM_OC2NPolarityConfig), (26 bytes).
    Removing stm32f10x_tim.o(i.TIM_OC2PolarityConfig), (26 bytes).
    Removing stm32f10x_tim.o(i.TIM_OC2PreloadConfig), (26 bytes).
    Removing stm32f10x_tim.o(i.TIM_OC3FastConfig), (18 bytes).
    Removing stm32f10x_tim.o(i.TIM_OC3Init), (160 bytes).
    Removing stm32f10x_tim.o(i.TIM_OC3NPolarityConfig), (26 bytes).
    Removing stm32f10x_tim.o(i.TIM_OC3PolarityConfig), (26 bytes).
    Removing stm32f10x_tim.o(i.TIM_OC3PreloadConfig), (18 bytes).
    Removing stm32f10x_tim.o(i.TIM_OC4FastConfig), (26 bytes).
    Removing stm32f10x_tim.o(i.TIM_OC4Init), (124 bytes).
    Removing stm32f10x_tim.o(i.TIM_OC4PolarityConfig), (26 bytes).
    Removing stm32f10x_tim.o(i.TIM_OC4PreloadConfig), (26 bytes).
    Removing stm32f10x_tim.o(i.TIM_OCStructInit), (20 bytes).
    Removing stm32f10x_tim.o(i.TIM_PWMIConfig), (124 bytes).
    Removing stm32f10x_tim.o(i.TIM_PrescalerConfig), (6 bytes).
    Removing stm32f10x_tim.o(i.TIM_SelectCCDMA), (24 bytes).
    Removing stm32f10x_tim.o(i.TIM_SelectCOM), (24 bytes).
    Removing stm32f10x_tim.o(i.TIM_SelectHallSensor), (24 bytes).
    Removing stm32f10x_tim.o(i.TIM_SelectInputTrigger), (18 bytes).
    Removing stm32f10x_tim.o(i.TIM_SelectMasterSlaveMode), (18 bytes).
    Removing stm32f10x_tim.o(i.TIM_SelectOCxM), (82 bytes).
    Removing stm32f10x_tim.o(i.TIM_SelectOnePulseMode), (18 bytes).
    Removing stm32f10x_tim.o(i.TIM_SelectOutputTrigger), (18 bytes).
    Removing stm32f10x_tim.o(i.TIM_SelectSlaveMode), (18 bytes).
    Removing stm32f10x_tim.o(i.TIM_SetAutoreload), (4 bytes).
    Removing stm32f10x_tim.o(i.TIM_SetClockDivision), (18 bytes).
    Removing stm32f10x_tim.o(i.TIM_SetCompare1), (4 bytes).
    Removing stm32f10x_tim.o(i.TIM_SetCompare2), (4 bytes).
    Removing stm32f10x_tim.o(i.TIM_SetCompare3), (4 bytes).
    Removing stm32f10x_tim.o(i.TIM_SetCompare4), (6 bytes).
    Removing stm32f10x_tim.o(i.TIM_SetCounter), (4 bytes).
    Removing stm32f10x_tim.o(i.TIM_SetIC1Prescaler), (18 bytes).
    Removing stm32f10x_tim.o(i.TIM_SetIC2Prescaler), (26 bytes).
    Removing stm32f10x_tim.o(i.TIM_SetIC3Prescaler), (18 bytes).
    Removing stm32f10x_tim.o(i.TIM_SetIC4Prescaler), (26 bytes).
    Removing stm32f10x_tim.o(i.TIM_TIxExternalClockConfig), (62 bytes).
    Removing stm32f10x_tim.o(i.TIM_TimeBaseStructInit), (18 bytes).
    Removing stm32f10x_tim.o(i.TIM_UpdateDisableConfig), (24 bytes).
    Removing stm32f10x_tim.o(i.TIM_UpdateRequestConfig), (24 bytes).
    Removing stm32f10x_usart.o(i.USART_ClockInit), (34 bytes).
    Removing stm32f10x_usart.o(i.USART_ClockStructInit), (12 bytes).
    Removing stm32f10x_usart.o(i.USART_DMACmd), (18 bytes).
    Removing stm32f10x_usart.o(i.USART_HalfDuplexCmd), (24 bytes).
    Removing stm32f10x_usart.o(i.USART_IrDACmd), (24 bytes).
    Removing stm32f10x_usart.o(i.USART_IrDAConfig), (18 bytes).
    Removing stm32f10x_usart.o(i.USART_LINBreakDetectLengthConfig), (18 bytes).
    Removing stm32f10x_usart.o(i.USART_LINCmd), (24 bytes).
    Removing stm32f10x_usart.o(i.USART_OneBitMethodCmd), (24 bytes).
    Removing stm32f10x_usart.o(i.USART_OverSampling8Cmd), (22 bytes).
    Removing stm32f10x_usart.o(i.USART_ReceiverWakeUpCmd), (24 bytes).
    Removing stm32f10x_usart.o(i.USART_SendBreak), (10 bytes).
    Removing stm32f10x_usart.o(i.USART_SetAddress), (18 bytes).
    Removing stm32f10x_usart.o(i.USART_SetGuardTime), (16 bytes).
    Removing stm32f10x_usart.o(i.USART_SetPrescaler), (16 bytes).
    Removing stm32f10x_usart.o(i.USART_SmartCardCmd), (24 bytes).
    Removing stm32f10x_usart.o(i.USART_SmartCardNACKCmd), (24 bytes).
    Removing stm32f10x_usart.o(i.USART_StructInit), (24 bytes).
    Removing stm32f10x_usart.o(i.USART_WakeUpConfig), (18 bytes).
    Removing stm32f10x_wwdg.o(i.WWDG_ClearFlag), (12 bytes).
    Removing stm32f10x_wwdg.o(i.WWDG_DeInit), (22 bytes).
    Removing stm32f10x_wwdg.o(i.WWDG_Enable), (16 bytes).
    Removing stm32f10x_wwdg.o(i.WWDG_EnableIT), (12 bytes).
    Removing stm32f10x_wwdg.o(i.WWDG_GetFlagStatus), (12 bytes).
    Removing stm32f10x_wwdg.o(i.WWDG_SetCounter), (16 bytes).
    Removing stm32f10x_wwdg.o(i.WWDG_SetPrescaler), (24 bytes).
    Removing stm32f10x_wwdg.o(i.WWDG_SetWindowValue), (40 bytes).
    Removing delay.o(i.delay_us), (76 bytes).
    Removing usart.o(i.UART_Value), (24 bytes).
    Removing usart.o(i._sys_exit), (4 bytes).
    Removing usart.o(i._ttywrch), (4 bytes).
    Removing usart.o(i.fputc), (28 bytes).
    Removing usart.o(i.receive), (108 bytes).
    Removing usart.o(i.send), (212 bytes).
    Removing usart.o(i.u3_printf), (80 bytes).
    Removing usart.o(i.uart_init), (176 bytes).
    Removing usart.o(i.usart3_init), (204 bytes).
    Removing tim_delay.o(i.tim_Init), (92 bytes).

445 unused section(s) (total 17540 bytes) removed from the image.

==============================================================================

Image Symbol Table

    Local Symbols

    Symbol Name                              Value     Ov Type        Size  Object(Section)

    ../clib/microlib/division.c              0x00000000   Number         0  uldiv.o ABSOLUTE
    ../clib/microlib/division.c              0x00000000   Number         0  uidiv.o ABSOLUTE
    ../clib/microlib/init/entry.s            0x00000000   Number         0  entry5.o ABSOLUTE
    ../clib/microlib/init/entry.s            0x00000000   Number         0  entry11b.o ABSOLUTE
    ../clib/microlib/init/entry.s            0x00000000   Number         0  entry8a.o ABSOLUTE
    ../clib/microlib/init/entry.s            0x00000000   Number         0  entry2.o ABSOLUTE
    ../clib/microlib/init/entry.s            0x00000000   Number         0  entry9a.o ABSOLUTE
    ../clib/microlib/init/entry.s            0x00000000   Number         0  entry8b.o ABSOLUTE
    ../clib/microlib/init/entry.s            0x00000000   Number         0  entry.o ABSOLUTE
    ../clib/microlib/init/entry.s            0x00000000   Number         0  entry7b.o ABSOLUTE
    ../clib/microlib/init/entry.s            0x00000000   Number         0  entry7a.o ABSOLUTE
    ../clib/microlib/init/entry.s            0x00000000   Number         0  entry9b.o ABSOLUTE
    ../clib/microlib/init/entry.s            0x00000000   Number         0  entry11a.o ABSOLUTE
    ../clib/microlib/init/entry.s            0x00000000   Number         0  entry10b.o ABSOLUTE
    ../clib/microlib/init/entry.s            0x00000000   Number         0  entry10a.o ABSOLUTE
    ../clib/microlib/longlong.c              0x00000000   Number         0  llushr.o ABSOLUTE
    ../clib/microlib/longlong.c              0x00000000   Number         0  llsshr.o ABSOLUTE
    ../clib/microlib/longlong.c              0x00000000   Number         0  llshl.o ABSOLUTE
    ../clib/microlib/malloc/malloc.c         0x00000000   Number         0  malloc.o ABSOLUTE
    ../clib/microlib/malloc/malloc.c         0x00000000   Number         0  mallocr.o ABSOLUTE
    ../clib/microlib/malloc/malloc.c         0x00000000   Number         0  mallocra.o ABSOLUTE
    ../clib/microlib/malloc/malloc.c         0x00000000   Number         0  malloca.o ABSOLUTE
    ../clib/microlib/malloc/mvars.c          0x00000000   Number         0  mvars.o ABSOLUTE
    ../clib/microlib/printf/printf.c         0x00000000   Number         0  printfa.o ABSOLUTE
    ../clib/microlib/string/memcpy.c         0x00000000   Number         0  memcpya.o ABSOLUTE
    ../clib/microlib/string/memcpy.c         0x00000000   Number         0  memcpyb.o ABSOLUTE
    ../clib/microlib/string/strcmp.c         0x00000000   Number         0  strcmp.o ABSOLUTE
    ../clib/microlib/string/strcpy.c         0x00000000   Number         0  strcpy.o ABSOLUTE
    ../clib/microlib/string/strlen.c         0x00000000   Number         0  strlen.o ABSOLUTE
    ../clib/microlib/stubs.s                 0x00000000   Number         0  useno.o ABSOLUTE
    ../clib/microlib/stubs.s                 0x00000000   Number         0  iusefp.o ABSOLUTE
    ../fplib/microlib/d2f.c                  0x00000000   Number         0  d2f.o ABSOLUTE
    ../fplib/microlib/f2d.c                  0x00000000   Number         0  f2d.o ABSOLUTE
    ../fplib/microlib/fpadd.c                0x00000000   Number         0  dadd.o ABSOLUTE
    ../fplib/microlib/fpdiv.c                0x00000000   Number         0  ddiv.o ABSOLUTE
    ../fplib/microlib/fpepilogue.c           0x00000000   Number         0  fepilogue.o ABSOLUTE
    ../fplib/microlib/fpepilogue.c           0x00000000   Number         0  depilogue.o ABSOLUTE
    ../fplib/microlib/fpfix.c                0x00000000   Number         0  dfixul.o ABSOLUTE
    ../fplib/microlib/fpflt.c                0x00000000   Number         0  ffltui.o ABSOLUTE
    ../fplib/microlib/fpmul.c                0x00000000   Number         0  dmul.o ABSOLUTE
    ..\CORE\core_cm3.c                       0x00000000   Number         0  core_cm3.o ABSOLUTE
    ..\CORE\startup_stm32f10x_md.s           0x00000000   Number         0  startup_stm32f10x_md.o ABSOLUTE
    ..\FWLIB\src\misc.c                      0x00000000   Number         0  misc.o ABSOLUTE
    ..\FWLIB\src\stm32f10x_adc.c             0x00000000   Number         0  stm32f10x_adc.o ABSOLUTE
    ..\FWLIB\src\stm32f10x_bkp.c             0x00000000   Number         0  stm32f10x_bkp.o ABSOLUTE
    ..\FWLIB\src\stm32f10x_can.c             0x00000000   Number         0  stm32f10x_can.o ABSOLUTE
    ..\FWLIB\src\stm32f10x_cec.c             0x00000000   Number         0  stm32f10x_cec.o ABSOLUTE
    ..\FWLIB\src\stm32f10x_crc.c             0x00000000   Number         0  stm32f10x_crc.o ABSOLUTE
    ..\FWLIB\src\stm32f10x_dac.c             0x00000000   Number         0  stm32f10x_dac.o ABSOLUTE
    ..\FWLIB\src\stm32f10x_dbgmcu.c          0x00000000   Number         0  stm32f10x_dbgmcu.o ABSOLUTE
    ..\FWLIB\src\stm32f10x_dma.c             0x00000000   Number         0  stm32f10x_dma.o ABSOLUTE
    ..\FWLIB\src\stm32f10x_exti.c            0x00000000   Number         0  stm32f10x_exti.o ABSOLUTE
    ..\FWLIB\src\stm32f10x_flash.c           0x00000000   Number         0  stm32f10x_flash.o ABSOLUTE
    ..\FWLIB\src\stm32f10x_fsmc.c            0x00000000   Number         0  stm32f10x_fsmc.o ABSOLUTE
    ..\FWLIB\src\stm32f10x_gpio.c            0x00000000   Number         0  stm32f10x_gpio.o ABSOLUTE
    ..\FWLIB\src\stm32f10x_i2c.c             0x00000000   Number         0  stm32f10x_i2c.o ABSOLUTE
    ..\FWLIB\src\stm32f10x_iwdg.c            0x00000000   Number         0  stm32f10x_iwdg.o ABSOLUTE
    ..\FWLIB\src\stm32f10x_pwr.c             0x00000000   Number         0  stm32f10x_pwr.o ABSOLUTE
    ..\FWLIB\src\stm32f10x_rcc.c             0x00000000   Number         0  stm32f10x_rcc.o ABSOLUTE
    ..\FWLIB\src\stm32f10x_rtc.c             0x00000000   Number         0  stm32f10x_rtc.o ABSOLUTE
    ..\FWLIB\src\stm32f10x_sdio.c            0x00000000   Number         0  stm32f10x_sdio.o ABSOLUTE
    ..\FWLIB\src\stm32f10x_spi.c             0x00000000   Number         0  stm32f10x_spi.o ABSOLUTE
    ..\FWLIB\src\stm32f10x_tim.c             0x00000000   Number         0  stm32f10x_tim.o ABSOLUTE
    ..\FWLIB\src\stm32f10x_usart.c           0x00000000   Number         0  stm32f10x_usart.o ABSOLUTE
    ..\FWLIB\src\stm32f10x_wwdg.c            0x00000000   Number         0  stm32f10x_wwdg.o ABSOLUTE
    ..\HARDWARE\adc.c                        0x00000000   Number         0  adc.o ABSOLUTE
    ..\HARDWARE\batt.c                       0x00000000   Number         0  batt.o ABSOLUTE
    ..\HARDWARE\ctral.c                      0x00000000   Number         0  ctral.o ABSOLUTE
    ..\HARDWARE\delay.c                      0x00000000   Number         0  delay.o ABSOLUTE
    ..\HARDWARE\pwm.c                        0x00000000   Number         0  pwm.o ABSOLUTE
    ..\HARDWARE\receive_agreement.c          0x00000000   Number         0  receive_agreement.o ABSOLUTE
    ..\HARDWARE\sys.c                        0x00000000   Number         0  sys.o ABSOLUTE
    ..\HARDWARE\tim_delay.c                  0x00000000   Number         0  tim_delay.o ABSOLUTE
    ..\HARDWARE\usart.c                      0x00000000   Number         0  usart.o ABSOLUTE
    ..\\CORE\\core_cm3.c                     0x00000000   Number         0  core_cm3.o ABSOLUTE
    ..\\HARDWARE\\sys.c                      0x00000000   Number         0  sys.o ABSOLUTE
    cdcmple.s                                0x00000000   Number         0  cdcmple.o ABSOLUTE
    cdrcmple.s                               0x00000000   Number         0  cdrcmple.o ABSOLUTE
    dc.s                                     0x00000000   Number         0  dc.o ABSOLUTE
    handlers.s                               0x00000000   Number         0  handlers.o ABSOLUTE
    init.s                                   0x00000000   Number         0  init.o ABSOLUTE
    main.c                                   0x00000000   Number         0  main.o ABSOLUTE
    stm32f10x_it.c                           0x00000000   Number         0  stm32f10x_it.o ABSOLUTE
    system_stm32f10x.c                       0x00000000   Number         0  system_stm32f10x.o ABSOLUTE
    RESET                                    0x08003000   Section      236  startup_stm32f10x_md.o(RESET)
    .ARM.Collect$$$$00000000                 0x080030ec   Section        0  entry.o(.ARM.Collect$$$$00000000)
    .ARM.Collect$$$$00000001                 0x080030ec   Section        4  entry2.o(.ARM.Collect$$$$00000001)
    .ARM.Collect$$$$00000004                 0x080030f0   Section        4  entry5.o(.ARM.Collect$$$$00000004)
    .ARM.Collect$$$$00000008                 0x080030f4   Section        0  entry7b.o(.ARM.Collect$$$$00000008)
    .ARM.Collect$$$$0000000A                 0x080030f4   Section        0  entry8b.o(.ARM.Collect$$$$0000000A)
    .ARM.Collect$$$$0000000B                 0x080030f4   Section        8  entry9a.o(.ARM.Collect$$$$0000000B)
    .ARM.Collect$$$$0000000D                 0x080030fc   Section        0  entry10a.o(.ARM.Collect$$$$0000000D)
    .ARM.Collect$$$$0000000F                 0x080030fc   Section        0  entry11a.o(.ARM.Collect$$$$0000000F)
    .ARM.Collect$$$$00002712                 0x080030fc   Section        4  entry2.o(.ARM.Collect$$$$00002712)
    __lit__00000000                          0x080030fc   Data           4  entry2.o(.ARM.Collect$$$$00002712)
    .emb_text                                0x08003100   Section        8  sys.o(.emb_text)
    .text                                    0x08003108   Section       36  startup_stm32f10x_md.o(.text)
    .text                                    0x0800312c   Section        0  strlen.o(.text)
    .text                                    0x0800313a   Section        0  strcmp.o(.text)
    .text                                    0x08003156   Section        0  strcpy.o(.text)
    .text                                    0x08003168   Section        0  dmul.o(.text)
    .text                                    0x0800324c   Section        0  ffltui.o(.text)
    .text                                    0x08003256   Section        0  f2d.o(.text)
    .text                                    0x0800327c   Section       48  cdcmple.o(.text)
    .text                                    0x080032ac   Section       48  cdrcmple.o(.text)
    .text                                    0x080032dc   Section        0  d2f.o(.text)
    .text                                    0x08003314   Section        0  uidiv.o(.text)
    .text                                    0x08003340   Section        0  uldiv.o(.text)
    .text                                    0x080033a2   Section        0  fepilogue.o(.text)
    .text                                    0x080033a2   Section        0  iusefp.o(.text)
    .text                                    0x08003410   Section        0  depilogue.o(.text)
    .text                                    0x080034ca   Section        0  dadd.o(.text)
    .text                                    0x08003618   Section        0  ddiv.o(.text)
    .text                                    0x080036f6   Section        0  dfixul.o(.text)
    .text                                    0x08003728   Section       36  init.o(.text)
    .text                                    0x0800374c   Section        0  llshl.o(.text)
    .text                                    0x0800376a   Section        0  llushr.o(.text)
    .text                                    0x0800378a   Section        0  llsshr.o(.text)
    i.ADC_Cmd                                0x080037ae   Section        0  stm32f10x_adc.o(i.ADC_Cmd)
    i.ADC_DeInit                             0x080037c4   Section        0  stm32f10x_adc.o(i.ADC_DeInit)
    i.ADC_GetCalibrationStatus               0x08003820   Section        0  stm32f10x_adc.o(i.ADC_GetCalibrationStatus)
    i.ADC_GetConversionValue                 0x08003834   Section        0  stm32f10x_adc.o(i.ADC_GetConversionValue)
    i.ADC_GetFlagStatus                      0x0800383c   Section        0  stm32f10x_adc.o(i.ADC_GetFlagStatus)
    i.ADC_GetResetCalibrationStatus          0x0800384e   Section        0  stm32f10x_adc.o(i.ADC_GetResetCalibrationStatus)
    i.ADC_Init                               0x08003864   Section        0  stm32f10x_adc.o(i.ADC_Init)
    i.ADC_RegularChannelConfig               0x080038b4   Section        0  stm32f10x_adc.o(i.ADC_RegularChannelConfig)
    i.ADC_ResetCalibration                   0x0800396c   Section        0  stm32f10x_adc.o(i.ADC_ResetCalibration)
    i.ADC_SoftwareStartConvCmd               0x08003976   Section        0  stm32f10x_adc.o(i.ADC_SoftwareStartConvCmd)
    i.ADC_StartCalibration                   0x0800398c   Section        0  stm32f10x_adc.o(i.ADC_StartCalibration)
    i.Adc_Config                             0x08003998   Section        0  adc.o(i.Adc_Config)
    i.BusFault_Handler                       0x08003a4c   Section        0  stm32f10x_it.o(i.BusFault_Handler)
    i.DebugMon_Handler                       0x08003a50   Section        0  stm32f10x_it.o(i.DebugMon_Handler)
    i.GPIO_Init                              0x08003a52   Section        0  stm32f10x_gpio.o(i.GPIO_Init)
    i.GPIO_ResetBits                         0x08003b68   Section        0  stm32f10x_gpio.o(i.GPIO_ResetBits)
    i.GPIO_SetBits                           0x08003b6c   Section        0  stm32f10x_gpio.o(i.GPIO_SetBits)
    i.HardFault_Handler                      0x08003b70   Section        0  stm32f10x_it.o(i.HardFault_Handler)
    i.Init_data_array                        0x08003b74   Section        0  receive_agreement.o(i.Init_data_array)
    i.MemManage_Handler                      0x08003b88   Section        0  stm32f10x_it.o(i.MemManage_Handler)
    i.NMI_Handler                            0x08003b8c   Section        0  stm32f10x_it.o(i.NMI_Handler)
    i.NVIC_Configuration                     0x08003b8e   Section        0  sys.o(i.NVIC_Configuration)
    i.NVIC_Init                              0x08003b9c   Section        0  misc.o(i.NVIC_Init)
    i.NVIC_PriorityGroupConfig               0x08003c0c   Section        0  misc.o(i.NVIC_PriorityGroupConfig)
    i.PendSV_Handler                         0x08003c20   Section        0  stm32f10x_it.o(i.PendSV_Handler)
    i.RCC_ADCCLKConfig                       0x08003c24   Section        0  stm32f10x_rcc.o(i.RCC_ADCCLKConfig)
    i.RCC_APB1PeriphClockCmd                 0x08003c3c   Section        0  stm32f10x_rcc.o(i.RCC_APB1PeriphClockCmd)
    i.RCC_APB1PeriphResetCmd                 0x08003c5c   Section        0  stm32f10x_rcc.o(i.RCC_APB1PeriphResetCmd)
    i.RCC_APB2PeriphClockCmd                 0x08003c7c   Section        0  stm32f10x_rcc.o(i.RCC_APB2PeriphClockCmd)
    i.RCC_APB2PeriphResetCmd                 0x08003c9c   Section        0  stm32f10x_rcc.o(i.RCC_APB2PeriphResetCmd)
    i.RCC_GetClocksFreq                      0x08003cbc   Section        0  stm32f10x_rcc.o(i.RCC_GetClocksFreq)
    i.Receive_Data                           0x08003d90   Section        0  receive_agreement.o(i.Receive_Data)
    i.SVC_Handler                            0x08003e98   Section        0  stm32f10x_it.o(i.SVC_Handler)
    i.SendChar                               0x08003e9c   Section        0  usart.o(i.SendChar)
    i.SendString                             0x08003ebc   Section        0  usart.o(i.SendString)
    i.Send_Data                              0x08003ed4   Section        0  usart.o(i.Send_Data)
    i.SetSysClock                            0x08003f38   Section        0  system_stm32f10x.o(i.SetSysClock)
    SetSysClock                              0x08003f39   Thumb Code     8  system_stm32f10x.o(i.SetSysClock)
    i.SetSysClockTo72                        0x08003f40   Section        0  system_stm32f10x.o(i.SetSysClockTo72)
    SetSysClockTo72                          0x08003f41   Thumb Code   214  system_stm32f10x.o(i.SetSysClockTo72)
    i.SoftReset                              0x08004020   Section        0  sys.o(i.SoftReset)
    i.SysTick_CLKSourceConfig                0x08004048   Section        0  misc.o(i.SysTick_CLKSourceConfig)
    i.SysTick_Handler                        0x08004070   Section        0  stm32f10x_it.o(i.SysTick_Handler)
    i.SystemInit                             0x08004074   Section        0  system_stm32f10x.o(i.SystemInit)
    i.TIM4_IRQHandler                        0x080040d4   Section        0  tim_delay.o(i.TIM4_IRQHandler)
    i.TIM_ClearITPendingBit                  0x08004104   Section        0  stm32f10x_tim.o(i.TIM_ClearITPendingBit)
    i.TIM_Cmd                                0x0800410a   Section        0  stm32f10x_tim.o(i.TIM_Cmd)
    i.TIM_DeInit                             0x08004124   Section        0  stm32f10x_tim.o(i.TIM_DeInit)
    i.TIM_GetITStatus                        0x0800430c   Section        0  stm32f10x_tim.o(i.TIM_GetITStatus)
    i.TIM_OC1Init                            0x08004330   Section        0  stm32f10x_tim.o(i.TIM_OC1Init)
    i.TIM_OC1PreloadConfig                   0x080043c8   Section        0  stm32f10x_tim.o(i.TIM_OC1PreloadConfig)
    i.TIM_TimeBaseInit                       0x080043dc   Section        0  stm32f10x_tim.o(i.TIM_TimeBaseInit)
    i.USART1_IRQHandler                      0x08004480   Section        0  usart.o(i.USART1_IRQHandler)
    i.USART2_IRQHandler                      0x08004508   Section        0  usart.o(i.USART2_IRQHandler)
    i.USART3_IRQHandler                      0x08004664   Section        0  usart.o(i.USART3_IRQHandler)
    i.USART_ClearFlag                        0x0800468c   Section        0  stm32f10x_usart.o(i.USART_ClearFlag)
    i.USART_ClearITPendingBit                0x0800469e   Section        0  stm32f10x_usart.o(i.USART_ClearITPendingBit)
    i.USART_Cmd                              0x080046bc   Section        0  stm32f10x_usart.o(i.USART_Cmd)
    i.USART_DeInit                           0x080046d4   Section        0  stm32f10x_usart.o(i.USART_DeInit)
    i.USART_GetFlagStatus                    0x08004770   Section        0  stm32f10x_usart.o(i.USART_GetFlagStatus)
    i.USART_GetITStatus                      0x0800478a   Section        0  stm32f10x_usart.o(i.USART_GetITStatus)
    i.USART_ITConfig                         0x080047de   Section        0  stm32f10x_usart.o(i.USART_ITConfig)
    i.USART_Init                             0x08004828   Section        0  stm32f10x_usart.o(i.USART_Init)
    i.USART_ReceiveData                      0x08004900   Section        0  stm32f10x_usart.o(i.USART_ReceiveData)
    i.USART_SendData                         0x0800490a   Section        0  stm32f10x_usart.o(i.USART_SendData)
    i.USART_SendString                       0x08004912   Section        0  usart.o(i.USART_SendString)
    i.UsageFault_Handler                     0x0800494c   Section        0  stm32f10x_it.o(i.UsageFault_Handler)
    i.__0vsprintf                            0x08004950   Section        0  printfa.o(i.__0vsprintf)
    i.__scatterload_copy                     0x08004974   Section       14  handlers.o(i.__scatterload_copy)
    i.__scatterload_null                     0x08004982   Section        2  handlers.o(i.__scatterload_null)
    i.__scatterload_zeroinit                 0x08004984   Section       14  handlers.o(i.__scatterload_zeroinit)
    i._fp_digits                             0x08004994   Section        0  printfa.o(i._fp_digits)
    _fp_digits                               0x08004995   Thumb Code   334  printfa.o(i._fp_digits)
    i._printf_core                           0x08004af8   Section        0  printfa.o(i._printf_core)
    _printf_core                             0x08004af9   Thumb Code  1744  printfa.o(i._printf_core)
    i._printf_post_padding                   0x080051d4   Section        0  printfa.o(i._printf_post_padding)
    _printf_post_padding                     0x080051d5   Thumb Code    36  printfa.o(i._printf_post_padding)
    i._printf_pre_padding                    0x080051f8   Section        0  printfa.o(i._printf_pre_padding)
    _printf_pre_padding                      0x080051f9   Thumb Code    46  printfa.o(i._printf_pre_padding)
    i._sputc                                 0x08005226   Section        0  printfa.o(i._sputc)
    _sputc                                   0x08005227   Thumb Code    10  printfa.o(i._sputc)
    i.batt_init                              0x08005230   Section        0  batt.o(i.batt_init)
    i.batt_init_Read                         0x0800525c   Section        0  batt.o(i.batt_init_Read)
    i.ctral_cpctrl                           0x08005284   Section        0  ctral.o(i.ctral_cpctrl)
    i.ctral_gpsctrl                          0x08005294   Section        0  ctral.o(i.ctral_gpsctrl)
    i.ctral_init                             0x080052e4   Section        0  ctral.o(i.ctral_init)
    i.delay_init                             0x08005330   Section        0  delay.o(i.delay_init)
    i.delay_ms                               0x08005374   Section        0  delay.o(i.delay_ms)
    i.free                                   0x080053c0   Section        0  malloc.o(i.free)
    i.iap_load_bootload                      0x08005410   Section        0  ctral.o(i.iap_load_bootload)
    i.main                                   0x08005468   Section        0  main.o(i.main)
    i.malloc                                 0x08005638   Section        0  malloc.o(i.malloc)
    i.pUartHandle_init                       0x080056a4   Section        0  receive_agreement.o(i.pUartHandle_init)
    i.pwm_daty_updata                        0x080056b4   Section        0  pwm.o(i.pwm_daty_updata)
    i.pwm_gpio_init                          0x08005728   Section        0  pwm.o(i.pwm_gpio_init)
    pwm_gpio_init                            0x08005729   Thumb Code    44  pwm.o(i.pwm_gpio_init)
    i.pwm_init                               0x08005758   Section        0  pwm.o(i.pwm_init)
    i.pwm_tim_init                           0x08005764   Section        0  pwm.o(i.pwm_tim_init)
    pwm_tim_init                             0x08005765   Thumb Code    92  pwm.o(i.pwm_tim_init)
    i.usart2_init                            0x080057c4   Section        0  usart.o(i.usart2_init)
    .data                                    0x20000000   Section       20  main.o(.data)
    .data                                    0x20000014   Section       20  system_stm32f10x.o(.data)
    .data                                    0x20000028   Section       20  stm32f10x_rcc.o(.data)
    APBAHBPrescTable                         0x20000028   Data          16  stm32f10x_rcc.o(.data)
    ADCPrescTable                            0x20000038   Data           4  stm32f10x_rcc.o(.data)
    .data                                    0x2000003c   Section        4  delay.o(.data)
    fac_us                                   0x2000003c   Data           1  delay.o(.data)
    fac_ms                                   0x2000003e   Data           2  delay.o(.data)
    .data                                    0x20000040   Section       18  usart.o(.data)
    .data                                    0x20000054   Section        4  ctral.o(.data)
    .data                                    0x20000058   Section        4  mvars.o(.data)
    .data                                    0x2000005c   Section        4  mvars.o(.data)
    .bss                                     0x20000060   Section       20  main.o(.bss)
    .bss                                     0x20000074   Section      268  receive_agreement.o(.bss)
    .bss                                     0x20000180   Section    16271  usart.o(.bss)
    HEAP                                     0x20004110   Section      512  startup_stm32f10x_md.o(HEAP)
    STACK                                    0x20004310   Section     1024  startup_stm32f10x_md.o(STACK)

    Global Symbols

    Symbol Name                              Value     Ov Type        Size  Object(Section)

    BuildAttributes$$THM_ISAv4$P$D$K$B$S$PE$A:L22UL41UL21$X:L11$S22US41US21$IEEE1$IW$USESV6$~STKCKD$USESV7$~SHL$OTIME$ROPI$EBA8$MICROLIB$REQ8$PRES8$EABIv2 0x00000000   Number         0  anon$$obj.o ABSOLUTE
    __ARM_use_no_argv                        0x00000000   Number         0  main.o ABSOLUTE
    __use_no_errno                           0x00000000   Number         0  useno.o ABSOLUTE
    __use_no_exception_handling              0x00000000   Number         0  useno.o ABSOLUTE
    __use_no_fp                              0x00000000   Number         0  useno.o ABSOLUTE
    __use_no_heap                            0x00000000   Number         0  useno.o ABSOLUTE
    __use_no_heap_region                     0x00000000   Number         0  useno.o ABSOLUTE
    __use_no_semihosting                     0x00000000   Number         0  useno.o ABSOLUTE
    __use_no_semihosting_swi                 0x00000000   Number         0  useno.o ABSOLUTE
    __use_no_signal_handling                 0x00000000   Number         0  useno.o ABSOLUTE
    __cpp_initialize__aeabi_                  - Undefined Weak Reference
    __cxa_finalize                            - Undefined Weak Reference
    __decompress                              - Undefined Weak Reference
    _clock_init                               - Undefined Weak Reference
    _microlib_exit                            - Undefined Weak Reference
    __Vectors_Size                           0x000000ec   Number         0  startup_stm32f10x_md.o ABSOLUTE
    __Vectors                                0x08003000   Data           4  startup_stm32f10x_md.o(RESET)
    __Vectors_End                            0x080030ec   Data           0  startup_stm32f10x_md.o(RESET)
    __main                                   0x080030ed   Thumb Code     0  entry.o(.ARM.Collect$$$$00000000)
    _main_stk                                0x080030ed   Thumb Code     0  entry2.o(.ARM.Collect$$$$00000001)
    _main_scatterload                        0x080030f1   Thumb Code     0  entry5.o(.ARM.Collect$$$$00000004)
    __main_after_scatterload                 0x080030f5   Thumb Code     0  entry5.o(.ARM.Collect$$$$00000004)
    _main_clock                              0x080030f5   Thumb Code     0  entry7b.o(.ARM.Collect$$$$00000008)
    _main_cpp_init                           0x080030f5   Thumb Code     0  entry8b.o(.ARM.Collect$$$$0000000A)
    _main_init                               0x080030f5   Thumb Code     0  entry9a.o(.ARM.Collect$$$$0000000B)
    __rt_final_cpp                           0x080030fd   Thumb Code     0  entry10a.o(.ARM.Collect$$$$0000000D)
    __rt_final_exit                          0x080030fd   Thumb Code     0  entry11a.o(.ARM.Collect$$$$0000000F)
    WFI_SET                                  0x08003101   Thumb Code     2  sys.o(.emb_text)
    MSR_MSP                                  0x08003103   Thumb Code     6  sys.o(.emb_text)
    Reset_Handler                            0x08003109   Thumb Code     8  startup_stm32f10x_md.o(.text)
    ADC1_2_IRQHandler                        0x08003123   Thumb Code     0  startup_stm32f10x_md.o(.text)
    CAN1_RX1_IRQHandler                      0x08003123   Thumb Code     0  startup_stm32f10x_md.o(.text)
    CAN1_SCE_IRQHandler                      0x08003123   Thumb Code     0  startup_stm32f10x_md.o(.text)
    DMA1_Channel1_IRQHandler                 0x08003123   Thumb Code     0  startup_stm32f10x_md.o(.text)
    DMA1_Channel2_IRQHandler                 0x08003123   Thumb Code     0  startup_stm32f10x_md.o(.text)
    DMA1_Channel3_IRQHandler                 0x08003123   Thumb Code     0  startup_stm32f10x_md.o(.text)
    DMA1_Channel4_IRQHandler                 0x08003123   Thumb Code     0  startup_stm32f10x_md.o(.text)
    DMA1_Channel5_IRQHandler                 0x08003123   Thumb Code     0  startup_stm32f10x_md.o(.text)
    DMA1_Channel6_IRQHandler                 0x08003123   Thumb Code     0  startup_stm32f10x_md.o(.text)
    DMA1_Channel7_IRQHandler                 0x08003123   Thumb Code     0  startup_stm32f10x_md.o(.text)
    EXTI0_IRQHandler                         0x08003123   Thumb Code     0  startup_stm32f10x_md.o(.text)
    EXTI15_10_IRQHandler                     0x08003123   Thumb Code     0  startup_stm32f10x_md.o(.text)
    EXTI1_IRQHandler                         0x08003123   Thumb Code     0  startup_stm32f10x_md.o(.text)
    EXTI2_IRQHandler                         0x08003123   Thumb Code     0  startup_stm32f10x_md.o(.text)
    EXTI3_IRQHandler                         0x08003123   Thumb Code     0  startup_stm32f10x_md.o(.text)
    EXTI4_IRQHandler                         0x08003123   Thumb Code     0  startup_stm32f10x_md.o(.text)
    EXTI9_5_IRQHandler                       0x08003123   Thumb Code     0  startup_stm32f10x_md.o(.text)
    FLASH_IRQHandler                         0x08003123   Thumb Code     0  startup_stm32f10x_md.o(.text)
    I2C1_ER_IRQHandler                       0x08003123   Thumb Code     0  startup_stm32f10x_md.o(.text)
    I2C1_EV_IRQHandler                       0x08003123   Thumb Code     0  startup_stm32f10x_md.o(.text)
    I2C2_ER_IRQHandler                       0x08003123   Thumb Code     0  startup_stm32f10x_md.o(.text)
    I2C2_EV_IRQHandler                       0x08003123   Thumb Code     0  startup_stm32f10x_md.o(.text)
    PVD_IRQHandler                           0x08003123   Thumb Code     0  startup_stm32f10x_md.o(.text)
    RCC_IRQHandler                           0x08003123   Thumb Code     0  startup_stm32f10x_md.o(.text)
    RTCAlarm_IRQHandler                      0x08003123   Thumb Code     0  startup_stm32f10x_md.o(.text)
    RTC_IRQHandler                           0x08003123   Thumb Code     0  startup_stm32f10x_md.o(.text)
    SPI1_IRQHandler                          0x08003123   Thumb Code     0  startup_stm32f10x_md.o(.text)
    SPI2_IRQHandler                          0x08003123   Thumb Code     0  startup_stm32f10x_md.o(.text)
    TAMPER_IRQHandler                        0x08003123   Thumb Code     0  startup_stm32f10x_md.o(.text)
    TIM1_BRK_IRQHandler                      0x08003123   Thumb Code     0  startup_stm32f10x_md.o(.text)
    TIM1_CC_IRQHandler                       0x08003123   Thumb Code     0  startup_stm32f10x_md.o(.text)
    TIM1_TRG_COM_IRQHandler                  0x08003123   Thumb Code     0  startup_stm32f10x_md.o(.text)
    TIM1_UP_IRQHandler                       0x08003123   Thumb Code     0  startup_stm32f10x_md.o(.text)
    TIM2_IRQHandler                          0x08003123   Thumb Code     0  startup_stm32f10x_md.o(.text)
    TIM3_IRQHandler                          0x08003123   Thumb Code     0  startup_stm32f10x_md.o(.text)
    USBWakeUp_IRQHandler                     0x08003123   Thumb Code     0  startup_stm32f10x_md.o(.text)
    USB_HP_CAN1_TX_IRQHandler                0x08003123   Thumb Code     0  startup_stm32f10x_md.o(.text)
    USB_LP_CAN1_RX0_IRQHandler               0x08003123   Thumb Code     0  startup_stm32f10x_md.o(.text)
    WWDG_IRQHandler                          0x08003123   Thumb Code     0  startup_stm32f10x_md.o(.text)
    strlen                                   0x0800312d   Thumb Code    14  strlen.o(.text)
    strcmp                                   0x0800313b   Thumb Code    28  strcmp.o(.text)
    strcpy                                   0x08003157   Thumb Code    18  strcpy.o(.text)
    __aeabi_dmul                             0x08003169   Thumb Code   228  dmul.o(.text)
    __aeabi_ui2f                             0x0800324d   Thumb Code    10  ffltui.o(.text)
    __aeabi_f2d                              0x08003257   Thumb Code    38  f2d.o(.text)
    __aeabi_cdcmpeq                          0x0800327d   Thumb Code     0  cdcmple.o(.text)
    __aeabi_cdcmple                          0x0800327d   Thumb Code    48  cdcmple.o(.text)
    __aeabi_cdrcmple                         0x080032ad   Thumb Code    48  cdrcmple.o(.text)
    __aeabi_d2f                              0x080032dd   Thumb Code    56  d2f.o(.text)
    __aeabi_uidiv                            0x08003315   Thumb Code     0  uidiv.o(.text)
    __aeabi_uidivmod                         0x08003315   Thumb Code    44  uidiv.o(.text)
    __aeabi_uldivmod                         0x08003341   Thumb Code    98  uldiv.o(.text)
    __I$use$fp                               0x080033a3   Thumb Code     0  iusefp.o(.text)
    _float_round                             0x080033a3   Thumb Code    18  fepilogue.o(.text)
    _float_epilogue                          0x080033b5   Thumb Code    92  fepilogue.o(.text)
    _double_round                            0x08003411   Thumb Code    30  depilogue.o(.text)
    _double_epilogue                         0x0800342f   Thumb Code   156  depilogue.o(.text)
    __aeabi_dadd                             0x080034cb   Thumb Code   322  dadd.o(.text)
    __aeabi_dsub                             0x0800360d   Thumb Code     6  dadd.o(.text)
    __aeabi_drsub                            0x08003613   Thumb Code     6  dadd.o(.text)
    __aeabi_ddiv                             0x08003619   Thumb Code   222  ddiv.o(.text)
    __aeabi_d2ulz                            0x080036f7   Thumb Code    48  dfixul.o(.text)
    __scatterload                            0x08003729   Thumb Code    28  init.o(.text)
    __scatterload_rt2                        0x08003729   Thumb Code     0  init.o(.text)
    __aeabi_llsl                             0x0800374d   Thumb Code    30  llshl.o(.text)
    _ll_shift_l                              0x0800374d   Thumb Code     0  llshl.o(.text)
    __aeabi_llsr                             0x0800376b   Thumb Code    32  llushr.o(.text)
    _ll_ushift_r                             0x0800376b   Thumb Code     0  llushr.o(.text)
    __aeabi_lasr                             0x0800378b   Thumb Code    36  llsshr.o(.text)
    _ll_sshift_r                             0x0800378b   Thumb Code     0  llsshr.o(.text)
    ADC_Cmd                                  0x080037af   Thumb Code    22  stm32f10x_adc.o(i.ADC_Cmd)
    ADC_DeInit                               0x080037c5   Thumb Code    78  stm32f10x_adc.o(i.ADC_DeInit)
    ADC_GetCalibrationStatus                 0x08003821   Thumb Code    20  stm32f10x_adc.o(i.ADC_GetCalibrationStatus)
    ADC_GetConversionValue                   0x08003835   Thumb Code     8  stm32f10x_adc.o(i.ADC_GetConversionValue)
    ADC_GetFlagStatus                        0x0800383d   Thumb Code    18  stm32f10x_adc.o(i.ADC_GetFlagStatus)
    ADC_GetResetCalibrationStatus            0x0800384f   Thumb Code    20  stm32f10x_adc.o(i.ADC_GetResetCalibrationStatus)
    ADC_Init                                 0x08003865   Thumb Code    70  stm32f10x_adc.o(i.ADC_Init)
    ADC_RegularChannelConfig                 0x080038b5   Thumb Code   184  stm32f10x_adc.o(i.ADC_RegularChannelConfig)
    ADC_ResetCalibration                     0x0800396d   Thumb Code    10  stm32f10x_adc.o(i.ADC_ResetCalibration)
    ADC_SoftwareStartConvCmd                 0x08003977   Thumb Code    22  stm32f10x_adc.o(i.ADC_SoftwareStartConvCmd)
    ADC_StartCalibration                     0x0800398d   Thumb Code    10  stm32f10x_adc.o(i.ADC_StartCalibration)
    Adc_Config                               0x08003999   Thumb Code   172  adc.o(i.Adc_Config)
    BusFault_Handler                         0x08003a4d   Thumb Code     4  stm32f10x_it.o(i.BusFault_Handler)
    DebugMon_Handler                         0x08003a51   Thumb Code     2  stm32f10x_it.o(i.DebugMon_Handler)
    GPIO_Init                                0x08003a53   Thumb Code   278  stm32f10x_gpio.o(i.GPIO_Init)
    GPIO_ResetBits                           0x08003b69   Thumb Code     4  stm32f10x_gpio.o(i.GPIO_ResetBits)
    GPIO_SetBits                             0x08003b6d   Thumb Code     4  stm32f10x_gpio.o(i.GPIO_SetBits)
    HardFault_Handler                        0x08003b71   Thumb Code     4  stm32f10x_it.o(i.HardFault_Handler)
    Init_data_array                          0x08003b75   Thumb Code    20  receive_agreement.o(i.Init_data_array)
    MemManage_Handler                        0x08003b89   Thumb Code     4  stm32f10x_it.o(i.MemManage_Handler)
    NMI_Handler                              0x08003b8d   Thumb Code     2  stm32f10x_it.o(i.NMI_Handler)
    NVIC_Configuration                       0x08003b8f   Thumb Code    12  sys.o(i.NVIC_Configuration)
    NVIC_Init                                0x08003b9d   Thumb Code   100  misc.o(i.NVIC_Init)
    NVIC_PriorityGroupConfig                 0x08003c0d   Thumb Code    10  misc.o(i.NVIC_PriorityGroupConfig)
    PendSV_Handler                           0x08003c21   Thumb Code     2  stm32f10x_it.o(i.PendSV_Handler)
    RCC_ADCCLKConfig                         0x08003c25   Thumb Code    18  stm32f10x_rcc.o(i.RCC_ADCCLKConfig)
    RCC_APB1PeriphClockCmd                   0x08003c3d   Thumb Code    26  stm32f10x_rcc.o(i.RCC_APB1PeriphClockCmd)
    RCC_APB1PeriphResetCmd                   0x08003c5d   Thumb Code    26  stm32f10x_rcc.o(i.RCC_APB1PeriphResetCmd)
    RCC_APB2PeriphClockCmd                   0x08003c7d   Thumb Code    26  stm32f10x_rcc.o(i.RCC_APB2PeriphClockCmd)
    RCC_APB2PeriphResetCmd                   0x08003c9d   Thumb Code    26  stm32f10x_rcc.o(i.RCC_APB2PeriphResetCmd)
    RCC_GetClocksFreq                        0x08003cbd   Thumb Code   192  stm32f10x_rcc.o(i.RCC_GetClocksFreq)
    Receive_Data                             0x08003d91   Thumb Code   258  receive_agreement.o(i.Receive_Data)
    SVC_Handler                              0x08003e99   Thumb Code     2  stm32f10x_it.o(i.SVC_Handler)
    SendChar                                 0x08003e9d   Thumb Code    28  usart.o(i.SendChar)
    SendString                               0x08003ebd   Thumb Code    22  usart.o(i.SendString)
    Send_Data                                0x08003ed5   Thumb Code    94  usart.o(i.Send_Data)
    SoftReset                                0x08004021   Thumb Code    32  sys.o(i.SoftReset)
    SysTick_CLKSourceConfig                  0x08004049   Thumb Code    40  misc.o(i.SysTick_CLKSourceConfig)
    SysTick_Handler                          0x08004071   Thumb Code     2  stm32f10x_it.o(i.SysTick_Handler)
    SystemInit                               0x08004075   Thumb Code    78  system_stm32f10x.o(i.SystemInit)
    TIM4_IRQHandler                          0x080040d5   Thumb Code    40  tim_delay.o(i.TIM4_IRQHandler)
    TIM_ClearITPendingBit                    0x08004105   Thumb Code     6  stm32f10x_tim.o(i.TIM_ClearITPendingBit)
    TIM_Cmd                                  0x0800410b   Thumb Code    24  stm32f10x_tim.o(i.TIM_Cmd)
    TIM_DeInit                               0x08004125   Thumb Code   424  stm32f10x_tim.o(i.TIM_DeInit)
    TIM_GetITStatus                          0x0800430d   Thumb Code    34  stm32f10x_tim.o(i.TIM_GetITStatus)
    TIM_OC1Init                              0x08004331   Thumb Code   132  stm32f10x_tim.o(i.TIM_OC1Init)
    TIM_OC1PreloadConfig                     0x080043c9   Thumb Code    18  stm32f10x_tim.o(i.TIM_OC1PreloadConfig)
    TIM_TimeBaseInit                         0x080043dd   Thumb Code   122  stm32f10x_tim.o(i.TIM_TimeBaseInit)
    USART1_IRQHandler                        0x08004481   Thumb Code   122  usart.o(i.USART1_IRQHandler)
    USART2_IRQHandler                        0x08004509   Thumb Code   250  usart.o(i.USART2_IRQHandler)
    USART3_IRQHandler                        0x08004665   Thumb Code    32  usart.o(i.USART3_IRQHandler)
    USART_ClearFlag                          0x0800468d   Thumb Code    18  stm32f10x_usart.o(i.USART_ClearFlag)
    USART_ClearITPendingBit                  0x0800469f   Thumb Code    30  stm32f10x_usart.o(i.USART_ClearITPendingBit)
    USART_Cmd                                0x080046bd   Thumb Code    24  stm32f10x_usart.o(i.USART_Cmd)
    USART_DeInit                             0x080046d5   Thumb Code   134  stm32f10x_usart.o(i.USART_DeInit)
    USART_GetFlagStatus                      0x08004771   Thumb Code    26  stm32f10x_usart.o(i.USART_GetFlagStatus)
    USART_GetITStatus                        0x0800478b   Thumb Code    84  stm32f10x_usart.o(i.USART_GetITStatus)
    USART_ITConfig                           0x080047df   Thumb Code    74  stm32f10x_usart.o(i.USART_ITConfig)
    USART_Init                               0x08004829   Thumb Code   210  stm32f10x_usart.o(i.USART_Init)
    USART_ReceiveData                        0x08004901   Thumb Code    10  stm32f10x_usart.o(i.USART_ReceiveData)
    USART_SendData                           0x0800490b   Thumb Code     8  stm32f10x_usart.o(i.USART_SendData)
    USART_SendString                         0x08004913   Thumb Code    58  usart.o(i.USART_SendString)
    UsageFault_Handler                       0x0800494d   Thumb Code     4  stm32f10x_it.o(i.UsageFault_Handler)
    __0vsprintf                              0x08004951   Thumb Code    30  printfa.o(i.__0vsprintf)
    __1vsprintf                              0x08004951   Thumb Code     0  printfa.o(i.__0vsprintf)
    __2vsprintf                              0x08004951   Thumb Code     0  printfa.o(i.__0vsprintf)
    __c89vsprintf                            0x08004951   Thumb Code     0  printfa.o(i.__0vsprintf)
    vsprintf                                 0x08004951   Thumb Code     0  printfa.o(i.__0vsprintf)
    __scatterload_copy                       0x08004975   Thumb Code    14  handlers.o(i.__scatterload_copy)
    __scatterload_null                       0x08004983   Thumb Code     2  handlers.o(i.__scatterload_null)
    __scatterload_zeroinit                   0x08004985   Thumb Code    14  handlers.o(i.__scatterload_zeroinit)
    batt_init                                0x08005231   Thumb Code    40  batt.o(i.batt_init)
    batt_init_Read                           0x0800525d   Thumb Code    34  batt.o(i.batt_init_Read)
    ctral_cpctrl                             0x08005285   Thumb Code    12  ctral.o(i.ctral_cpctrl)
    ctral_gpsctrl                            0x08005295   Thumb Code    64  ctral.o(i.ctral_gpsctrl)
    ctral_init                               0x080052e5   Thumb Code    66  ctral.o(i.ctral_init)
    delay_init                               0x08005331   Thumb Code    50  delay.o(i.delay_init)
    delay_ms                                 0x08005375   Thumb Code    72  delay.o(i.delay_ms)
    free                                     0x080053c1   Thumb Code    76  malloc.o(i.free)
    iap_load_bootload                        0x08005411   Thumb Code    62  ctral.o(i.iap_load_bootload)
    main                                     0x08005469   Thumb Code   378  main.o(i.main)
    malloc                                   0x08005639   Thumb Code    92  malloc.o(i.malloc)
    pUartHandle_init                         0x080056a5   Thumb Code    12  receive_agreement.o(i.pUartHandle_init)
    pwm_daty_updata                          0x080056b5   Thumb Code   110  pwm.o(i.pwm_daty_updata)
    pwm_init                                 0x08005759   Thumb Code    12  pwm.o(i.pwm_init)
    usart2_init                              0x080057c5   Thumb Code   166  usart.o(i.usart2_init)
    Region$$Table$$Base                      0x08005874   Number         0  anon$$obj.o(Region$$Table)
    Region$$Table$$Limit                     0x08005894   Number         0  anon$$obj.o(Region$$Table)
    flag_bootload                            0x20000000   Data           1  main.o(.data)
    flag_SoftReset                           0x20000001   Data           1  main.o(.data)
    ADC_ConvertedValue                       0x20000004   Data           4  main.o(.data)
    ADC_ConvertedValueLocal                  0x20000008   Data           4  main.o(.data)
    flag                                     0x2000000c   Data           1  main.o(.data)
    temp                                     0x2000000e   Data           2  main.o(.data)
    temp1                                    0x20000010   Data           2  main.o(.data)
    a                                        0x20000012   Data           1  main.o(.data)
    time_delay_ms                            0x20000013   Data           1  main.o(.data)
    SystemCoreClock                          0x20000014   Data           4  system_stm32f10x.o(.data)
    AHBPrescTable                            0x20000018   Data          16  system_stm32f10x.o(.data)
    RX_Value                                 0x20000040   Data           4  usart.o(.data)
    USART2_RX_STA                            0x20000044   Data           2  usart.o(.data)
    USART3_RX_STA                            0x20000046   Data           2  usart.o(.data)
    state                                    0x20000048   Data           4  usart.o(.data)
    __stdout                                 0x2000004c   Data           4  usart.o(.data)
    USART_RX_STA                             0x20000050   Data           2  usart.o(.data)
    jump2app                                 0x20000054   Data           4  ctral.o(.data)
    __microlib_freelist                      0x20000058   Data           4  mvars.o(.data)
    __microlib_freelist_initialised          0x2000005c   Data           4  mvars.o(.data)
    data                                     0x20000060   Data          20  main.o(.bss)
    pUartHandle                              0x20000074   Data         268  receive_agreement.o(.bss)
    send_str                                 0x20000180   Data         256  usart.o(.bss)
    USART2_RX_BUF                            0x20000280   Data       15360  usart.o(.bss)
    USART3_RX_BUF                            0x20003e80   Data         200  usart.o(.bss)
    USART3_TX_BUF                            0x20003f48   Data         200  usart.o(.bss)
    DataScope_OutPut_Buffer                  0x20004010   Data          42  usart.o(.bss)
    pstr                                     0x2000403a   Data          13  usart.o(.bss)
    USART_RX_BUF                             0x20004047   Data         200  usart.o(.bss)
    __heap_base                              0x20004110   Data           0  startup_stm32f10x_md.o(HEAP)
    __heap_limit                             0x20004310   Data           0  startup_stm32f10x_md.o(HEAP)
    __initial_sp                             0x20004710   Data           0  startup_stm32f10x_md.o(STACK)



==============================================================================

Memory Map of the image

  Image Entry point : 0x080030ed

  Load Region LR_IROM1 (Base: 0x08003000, Size: 0x000028f4, Max: 0x00020000, ABSOLUTE)

    Execution Region ER_IROM1 (Base: 0x08003000, Size: 0x00002894, Max: 0x00020000, ABSOLUTE)

    Base Addr    Size         Type   Attr      Idx    E Section Name        Object

    0x08003000   0x000000ec   Data   RO           19    RESET               startup_stm32f10x_md.o
    0x080030ec   0x00000000   Code   RO         3576  * .ARM.Collect$$$$00000000  mc_w.l(entry.o)
    0x080030ec   0x00000004   Code   RO         3653    .ARM.Collect$$$$00000001  mc_w.l(entry2.o)
    0x080030f0   0x00000004   Code   RO         3656    .ARM.Collect$$$$00000004  mc_w.l(entry5.o)
    0x080030f4   0x00000000   Code   RO         3658    .ARM.Collect$$$$00000008  mc_w.l(entry7b.o)
    0x080030f4   0x00000000   Code   RO         3660    .ARM.Collect$$$$0000000A  mc_w.l(entry8b.o)
    0x080030f4   0x00000008   Code   RO         3661    .ARM.Collect$$$$0000000B  mc_w.l(entry9a.o)
    0x080030fc   0x00000000   Code   RO         3663    .ARM.Collect$$$$0000000D  mc_w.l(entry10a.o)
    0x080030fc   0x00000000   Code   RO         3665    .ARM.Collect$$$$0000000F  mc_w.l(entry11a.o)
    0x080030fc   0x00000004   Code   RO         3654    .ARM.Collect$$$$00002712  mc_w.l(entry2.o)
    0x08003100   0x00000008   Code   RO         3271    .emb_text           sys.o
    0x08003108   0x00000024   Code   RO           20    .text               startup_stm32f10x_md.o
    0x0800312c   0x0000000e   Code   RO         3579    .text               mc_w.l(strlen.o)
    0x0800313a   0x0000001c   Code   RO         3581    .text               mc_w.l(strcmp.o)
    0x08003156   0x00000012   Code   RO         3583    .text               mc_w.l(strcpy.o)
    0x08003168   0x000000e4   Code   RO         3641    .text               mf_w.l(dmul.o)
    0x0800324c   0x0000000a   Code   RO         3643    .text               mf_w.l(ffltui.o)
    0x08003256   0x00000026   Code   RO         3645    .text               mf_w.l(f2d.o)
    0x0800327c   0x00000030   Code   RO         3647    .text               mf_w.l(cdcmple.o)
    0x080032ac   0x00000030   Code   RO         3649    .text               mf_w.l(cdrcmple.o)
    0x080032dc   0x00000038   Code   RO         3651    .text               mf_w.l(d2f.o)
    0x08003314   0x0000002c   Code   RO         3667    .text               mc_w.l(uidiv.o)
    0x08003340   0x00000062   Code   RO         3669    .text               mc_w.l(uldiv.o)
    0x080033a2   0x00000000   Code   RO         3677    .text               mc_w.l(iusefp.o)
    0x080033a2   0x0000006e   Code   RO         3678    .text               mf_w.l(fepilogue.o)
    0x08003410   0x000000ba   Code   RO         3680    .text               mf_w.l(depilogue.o)
    0x080034ca   0x0000014e   Code   RO         3682    .text               mf_w.l(dadd.o)
    0x08003618   0x000000de   Code   RO         3684    .text               mf_w.l(ddiv.o)
    0x080036f6   0x00000030   Code   RO         3686    .text               mf_w.l(dfixul.o)
    0x08003726   0x00000002   PAD
    0x08003728   0x00000024   Code   RO         3688    .text               mc_w.l(init.o)
    0x0800374c   0x0000001e   Code   RO         3690    .text               mc_w.l(llshl.o)
    0x0800376a   0x00000020   Code   RO         3692    .text               mc_w.l(llushr.o)
    0x0800378a   0x00000024   Code   RO         3694    .text               mc_w.l(llsshr.o)
    0x080037ae   0x00000016   Code   RO          320    i.ADC_Cmd           stm32f10x_adc.o
    0x080037c4   0x0000005c   Code   RO          322    i.ADC_DeInit        stm32f10x_adc.o
    0x08003820   0x00000014   Code   RO          328    i.ADC_GetCalibrationStatus  stm32f10x_adc.o
    0x08003834   0x00000008   Code   RO          329    i.ADC_GetConversionValue  stm32f10x_adc.o
    0x0800383c   0x00000012   Code   RO          331    i.ADC_GetFlagStatus  stm32f10x_adc.o
    0x0800384e   0x00000014   Code   RO          334    i.ADC_GetResetCalibrationStatus  stm32f10x_adc.o
    0x08003862   0x00000002   PAD
    0x08003864   0x00000050   Code   RO          338    i.ADC_Init          stm32f10x_adc.o
    0x080038b4   0x000000b8   Code   RO          342    i.ADC_RegularChannelConfig  stm32f10x_adc.o
    0x0800396c   0x0000000a   Code   RO          343    i.ADC_ResetCalibration  stm32f10x_adc.o
    0x08003976   0x00000016   Code   RO          345    i.ADC_SoftwareStartConvCmd  stm32f10x_adc.o
    0x0800398c   0x0000000a   Code   RO          347    i.ADC_StartCalibration  stm32f10x_adc.o
    0x08003996   0x00000002   PAD
    0x08003998   0x000000b4   Code   RO         3514    i.Adc_Config        adc.o
    0x08003a4c   0x00000004   Code   RO          158    i.BusFault_Handler  stm32f10x_it.o
    0x08003a50   0x00000002   Code   RO          159    i.DebugMon_Handler  stm32f10x_it.o
    0x08003a52   0x00000116   Code   RO         1429    i.GPIO_Init         stm32f10x_gpio.o
    0x08003b68   0x00000004   Code   RO         1436    i.GPIO_ResetBits    stm32f10x_gpio.o
    0x08003b6c   0x00000004   Code   RO         1437    i.GPIO_SetBits      stm32f10x_gpio.o
    0x08003b70   0x00000004   Code   RO          160    i.HardFault_Handler  stm32f10x_it.o
    0x08003b74   0x00000014   Code   RO         3297    i.Init_data_array   receive_agreement.o
    0x08003b88   0x00000004   Code   RO          161    i.MemManage_Handler  stm32f10x_it.o
    0x08003b8c   0x00000002   Code   RO          162    i.NMI_Handler       stm32f10x_it.o
    0x08003b8e   0x0000000c   Code   RO         3272    i.NVIC_Configuration  sys.o
    0x08003b9a   0x00000002   PAD
    0x08003b9c   0x00000070   Code   RO          252    i.NVIC_Init         misc.o
    0x08003c0c   0x00000014   Code   RO          253    i.NVIC_PriorityGroupConfig  misc.o
    0x08003c20   0x00000002   Code   RO          163    i.PendSV_Handler    stm32f10x_it.o
    0x08003c22   0x00000002   PAD
    0x08003c24   0x00000018   Code   RO         1843    i.RCC_ADCCLKConfig  stm32f10x_rcc.o
    0x08003c3c   0x00000020   Code   RO         1845    i.RCC_APB1PeriphClockCmd  stm32f10x_rcc.o
    0x08003c5c   0x00000020   Code   RO         1846    i.RCC_APB1PeriphResetCmd  stm32f10x_rcc.o
    0x08003c7c   0x00000020   Code   RO         1847    i.RCC_APB2PeriphClockCmd  stm32f10x_rcc.o
    0x08003c9c   0x00000020   Code   RO         1848    i.RCC_APB2PeriphResetCmd  stm32f10x_rcc.o
    0x08003cbc   0x000000d4   Code   RO         1855    i.RCC_GetClocksFreq  stm32f10x_rcc.o
    0x08003d90   0x00000108   Code   RO         3298    i.Receive_Data      receive_agreement.o
    0x08003e98   0x00000002   Code   RO          164    i.SVC_Handler       stm32f10x_it.o
    0x08003e9a   0x00000002   PAD
    0x08003e9c   0x00000020   Code   RO         3330    i.SendChar          usart.o
    0x08003ebc   0x00000016   Code   RO         3331    i.SendString        usart.o
    0x08003ed2   0x00000002   PAD
    0x08003ed4   0x00000064   Code   RO         3332    i.Send_Data         usart.o
    0x08003f38   0x00000008   Code   RO          218    i.SetSysClock       system_stm32f10x.o
    0x08003f40   0x000000e0   Code   RO          219    i.SetSysClockTo72   system_stm32f10x.o
    0x08004020   0x00000028   Code   RO         3273    i.SoftReset         sys.o
    0x08004048   0x00000028   Code   RO          256    i.SysTick_CLKSourceConfig  misc.o
    0x08004070   0x00000002   Code   RO          165    i.SysTick_Handler   stm32f10x_it.o
    0x08004072   0x00000002   PAD
    0x08004074   0x00000060   Code   RO          221    i.SystemInit        system_stm32f10x.o
    0x080040d4   0x00000030   Code   RO         3554    i.TIM4_IRQHandler   tim_delay.o
    0x08004104   0x00000006   Code   RO         2474    i.TIM_ClearITPendingBit  stm32f10x_tim.o
    0x0800410a   0x00000018   Code   RO         2479    i.TIM_Cmd           stm32f10x_tim.o
    0x08004122   0x00000002   PAD
    0x08004124   0x000001e8   Code   RO         2484    i.TIM_DeInit        stm32f10x_tim.o
    0x0800430c   0x00000022   Code   RO         2500    i.TIM_GetITStatus   stm32f10x_tim.o
    0x0800432e   0x00000002   PAD
    0x08004330   0x00000098   Code   RO         2508    i.TIM_OC1Init       stm32f10x_tim.o
    0x080043c8   0x00000012   Code   RO         2511    i.TIM_OC1PreloadConfig  stm32f10x_tim.o
    0x080043da   0x00000002   PAD
    0x080043dc   0x000000a4   Code   RO         2550    i.TIM_TimeBaseInit  stm32f10x_tim.o
    0x08004480   0x00000088   Code   RO         3334    i.USART1_IRQHandler  usart.o
    0x08004508   0x0000015c   Code   RO         3335    i.USART2_IRQHandler  usart.o
    0x08004664   0x00000028   Code   RO         3336    i.USART3_IRQHandler  usart.o
    0x0800468c   0x00000012   Code   RO         3011    i.USART_ClearFlag   stm32f10x_usart.o
    0x0800469e   0x0000001e   Code   RO         3012    i.USART_ClearITPendingBit  stm32f10x_usart.o
    0x080046bc   0x00000018   Code   RO         3015    i.USART_Cmd         stm32f10x_usart.o
    0x080046d4   0x0000009c   Code   RO         3017    i.USART_DeInit      stm32f10x_usart.o
    0x08004770   0x0000001a   Code   RO         3018    i.USART_GetFlagStatus  stm32f10x_usart.o
    0x0800478a   0x00000054   Code   RO         3019    i.USART_GetITStatus  stm32f10x_usart.o
    0x080047de   0x0000004a   Code   RO         3021    i.USART_ITConfig    stm32f10x_usart.o
    0x08004828   0x000000d8   Code   RO         3022    i.USART_Init        stm32f10x_usart.o
    0x08004900   0x0000000a   Code   RO         3029    i.USART_ReceiveData  stm32f10x_usart.o
    0x0800490a   0x00000008   Code   RO         3032    i.USART_SendData    stm32f10x_usart.o
    0x08004912   0x0000003a   Code   RO         3337    i.USART_SendString  usart.o
    0x0800494c   0x00000004   Code   RO          166    i.UsageFault_Handler  stm32f10x_it.o
    0x08004950   0x00000024   Code   RO         3592    i.__0vsprintf       mc_w.l(printfa.o)
    0x08004974   0x0000000e   Code   RO         3698    i.__scatterload_copy  mc_w.l(handlers.o)
    0x08004982   0x00000002   Code   RO         3699    i.__scatterload_null  mc_w.l(handlers.o)
    0x08004984   0x0000000e   Code   RO         3700    i.__scatterload_zeroinit  mc_w.l(handlers.o)
    0x08004992   0x00000002   PAD
    0x08004994   0x00000164   Code   RO         3593    i._fp_digits        mc_w.l(printfa.o)
    0x08004af8   0x000006dc   Code   RO         3594    i._printf_core      mc_w.l(printfa.o)
    0x080051d4   0x00000024   Code   RO         3595    i._printf_post_padding  mc_w.l(printfa.o)
    0x080051f8   0x0000002e   Code   RO         3596    i._printf_pre_padding  mc_w.l(printfa.o)
    0x08005226   0x0000000a   Code   RO         3598    i._sputc            mc_w.l(printfa.o)
    0x08005230   0x0000002c   Code   RO         3462    i.batt_init         batt.o
    0x0800525c   0x00000028   Code   RO         3463    i.batt_init_Read    batt.o
    0x08005284   0x00000010   Code   RO         3480    i.ctral_cpctrl      ctral.o
    0x08005294   0x00000050   Code   RO         3481    i.ctral_gpsctrl     ctral.o
    0x080052e4   0x0000004c   Code   RO         3482    i.ctral_init        ctral.o
    0x08005330   0x00000044   Code   RO         3245    i.delay_init        delay.o
    0x08005374   0x0000004c   Code   RO         3246    i.delay_ms          delay.o
    0x080053c0   0x00000050   Code   RO         3613    i.free              mc_w.l(malloc.o)
    0x08005410   0x00000058   Code   RO         3483    i.iap_load_bootload  ctral.o
    0x08005468   0x000001d0   Code   RO           24    i.main              main.o
    0x08005638   0x0000006c   Code   RO         3614    i.malloc            mc_w.l(malloc.o)
    0x080056a4   0x00000010   Code   RO         3299    i.pUartHandle_init  receive_agreement.o
    0x080056b4   0x00000074   Code   RO         3526    i.pwm_daty_updata   pwm.o
    0x08005728   0x00000030   Code   RO         3527    i.pwm_gpio_init     pwm.o
    0x08005758   0x0000000c   Code   RO         3528    i.pwm_init          pwm.o
    0x08005764   0x00000060   Code   RO         3529    i.pwm_tim_init      pwm.o
    0x080057c4   0x000000b0   Code   RO         3345    i.usart2_init       usart.o
    0x08005874   0x00000020   Data   RO         3696    Region$$Table       anon$$obj.o


    Execution Region RW_IRAM1 (Base: 0x20000000, Size: 0x00004710, Max: 0x00005000, ABSOLUTE)

    Base Addr    Size         Type   Attr      Idx    E Section Name        Object

    0x20000000   0x00000014   Data   RW           26    .data               main.o
    0x20000014   0x00000014   Data   RW          222    .data               system_stm32f10x.o
    0x20000028   0x00000014   Data   RW         1875    .data               stm32f10x_rcc.o
    0x2000003c   0x00000004   Data   RW         3248    .data               delay.o
    0x20000040   0x00000012   Data   RW         3348    .data               usart.o
    0x20000052   0x00000002   PAD
    0x20000054   0x00000004   Data   RW         3484    .data               ctral.o
    0x20000058   0x00000004   Data   RW         3675    .data               mc_w.l(mvars.o)
    0x2000005c   0x00000004   Data   RW         3676    .data               mc_w.l(mvars.o)
    0x20000060   0x00000014   Zero   RW           25    .bss                main.o
    0x20000074   0x0000010c   Zero   RW         3300    .bss                receive_agreement.o
    0x20000180   0x00003f8f   Zero   RW         3347    .bss                usart.o
    0x2000410f   0x00000001   PAD
    0x20004110   0x00000200   Zero   RW           18    HEAP                startup_stm32f10x_md.o
    0x20004310   0x00000400   Zero   RW           17    STACK               startup_stm32f10x_md.o


==============================================================================

Image component sizes


      Code (inc. data)   RO Data    RW Data    ZI Data      Debug   Object Name

       180          8          0          0          0        657   adc.o
        84         10          0          0          0        957   batt.o
         0          0          0          0          0       4536   core_cm3.o
       260         56          0          4          0       2143   ctral.o
       144         22          0          4          0       1152   delay.o
       464         86          0         20         20     247278   main.o
       172         22          0          0          0     214325   misc.o
       272         14          0          0          0       2105   pwm.o
       300         10          0          0        268       2446   receive_agreement.o
        36          8        236          0       1536        792   startup_stm32f10x_md.o
       486         24          0          0          0       8202   stm32f10x_adc.o
       286          0          0          0          0       2908   stm32f10x_gpio.o
        26          0          0          0          0       3670   stm32f10x_it.o
       364         50          0         20          0       5931   stm32f10x_rcc.o
       886        126          0          0          0       4837   stm32f10x_tim.o
       646         28          0          0          0       7612   stm32f10x_usart.o
        60          8          0          0          0      16336   sys.o
       328         28          0         20          0       2057   system_stm32f10x.o
        48          8          0          0          0        466   tim_delay.o
       912        140          0         18      16271       7932   usart.o

    ----------------------------------------------------------------------
      5974        648        268         88      18096     536342   Object Totals
         0          0         32          0          0          0   (incl. Generated)
        20          0          0          2          1          0   (incl. Padding)

    ----------------------------------------------------------------------

      Code (inc. data)   RO Data    RW Data    ZI Data      Debug   Library Member Name

         0          0          0          0          0          0   entry.o
         0          0          0          0          0          0   entry10a.o
         0          0          0          0          0          0   entry11a.o
         8          4          0          0          0          0   entry2.o
         4          0          0          0          0          0   entry5.o
         0          0          0          0          0          0   entry7b.o
         0          0          0          0          0          0   entry8b.o
         8          4          0          0          0          0   entry9a.o
        30          0          0          0          0          0   handlers.o
        36          8          0          0          0         68   init.o
         0          0          0          0          0          0   iusefp.o
        30          0          0          0          0         68   llshl.o
        36          0          0          0          0         68   llsshr.o
        32          0          0          0          0         68   llushr.o
       188         20          0          0          0        160   malloc.o
         0          0          0          8          0          0   mvars.o
      2240         86          0          0          0        508   printfa.o
        28          0          0          0          0         76   strcmp.o
        18          0          0          0          0         68   strcpy.o
        14          0          0          0          0         68   strlen.o
        44          0          0          0          0         80   uidiv.o
        98          0          0          0          0         92   uldiv.o
        48          0          0          0          0         68   cdcmple.o
        48          0          0          0          0         68   cdrcmple.o
        56          0          0          0          0         88   d2f.o
       334          0          0          0          0        148   dadd.o
       222          0          0          0          0        100   ddiv.o
       186          0          0          0          0        176   depilogue.o
        48          0          0          0          0         68   dfixul.o
       228          0          0          0          0         96   dmul.o
        38          0          0          0          0         68   f2d.o
       110          0          0          0          0        168   fepilogue.o
        10          0          0          0          0         68   ffltui.o

    ----------------------------------------------------------------------
      4146        122          0          8          0       2440   Library Totals
         4          0          0          0          0          0   (incl. Padding)

    ----------------------------------------------------------------------

      Code (inc. data)   RO Data    RW Data    ZI Data      Debug   Library Name

      2814        122          0          8          0       1324   mc_w.l
      1328          0          0          0          0       1116   mf_w.l

    ----------------------------------------------------------------------
      4146        122          0          8          0       2440   Library Totals

    ----------------------------------------------------------------------

==============================================================================


      Code (inc. data)   RO Data    RW Data    ZI Data      Debug   

     10120        770        268         96      18096     533578   Grand Totals
     10120        770        268         96      18096     533578   ELF Image Totals
     10120        770        268         96          0          0   ROM Totals

==============================================================================

    Total RO  Size (Code + RO Data)                10388 (  10.14kB)
    Total RW  Size (RW Data + ZI Data)             18192 (  17.77kB)
    Total ROM Size (Code + RO Data + RW Data)      10484 (  10.24kB)

==============================================================================

