<html>
<body>
<pre>
<h1>礦ision Build Log</h1>
<h2>Tool Versions:</h2>
IDE-Version: μVision V5.15
Copyright (C) 2015 ARM Ltd and ARM Germany GmbH. All rights reserved.
License Information:  ,  , LIC=EXJT4-FKX2X-VEGHA-1AVM4-50IQG-IGN7N
 
Tool Versions:
Toolchain:       MDK-ARM Standard  Version: 5.15.0
Toolchain Path:  C:\Keil_v5\ARM\ARMCC\Bin
C Compiler:      Armcc.exe V5.05 update 2 (build 169)
Assembler:       Armasm.exe V5.05 update 2 (build 169)
Linker/Locator:  ArmLink.exe V5.05 update 2 (build 169)
Library Manager: ArmAr.exe V5.05 update 2 (build 169)
Hex Converter:   FromElf.exe V5.05 update 2 (build 169)
CPU DLL:         SARMCM3.DLL V5.15.0
Dialog DLL:      DARMSTM.DLL V1.65.0.0
Target DLL:      STLink\ST-LINKIII-KEIL_SWO.dll V2.0.15.0_KEIL
Dialog DLL:      TARMSTM.DLL V1.64.0.0
 
<h2>Project:</h2>
C:\Users\MDS\Desktop\4.22第二版CODE\4.27终极版双板代码（目前）\IAP v 6.23\intmain test\Poard Board CODE\USER\Power Board.uvprojx
Project File Date:  05/31/2021

<h2>Output:</h2>
*** Using Compiler 'V5.05 update 2 (build 169)', folder: 'C:\Keil_v5\ARM\ARMCC\Bin'
Build target 'Power Board'
compiling main.c...
linking...
Program Size: Code=2584 RO-data=268 RW-data=32 ZI-data=1536  
"..\Power Board.axf" - 0 Error(s), 0 Warning(s).

<h2>Collection of Component include folders:</h2>
  C:\Users\MDS\Desktop\4.22第二版CODE\4.27终极版双板代码（目前）\IAP v 6.23\intmain test\Poard Board CODE\USER\RTE
  C:\Keil_v5\ARM\PACK\Keil\STM32F1xx_DFP\1.1.0\Device\Include

<h2>Collection of Component Files used:</h2>
</pre>
</body>
</html>
