Component: ARM Compiler 5.05 update 2 (build 169) Tool: armlink [4d0f33]

==============================================================================

Section Cross References

    startup_stm32f10x_md.o(RESET) refers to startup_stm32f10x_md.o(STACK) for __initial_sp
    startup_stm32f10x_md.o(RESET) refers to startup_stm32f10x_md.o(.text) for Reset_Handler
    startup_stm32f10x_md.o(RESET) refers to stm32f10x_it.o(i.NMI_Handler) for NMI_Handler
    startup_stm32f10x_md.o(RESET) refers to stm32f10x_it.o(i.HardFault_Handler) for HardFault_Handler
    startup_stm32f10x_md.o(RESET) refers to stm32f10x_it.o(i.MemManage_Handler) for MemManage_Handler
    startup_stm32f10x_md.o(RESET) refers to stm32f10x_it.o(i.BusFault_Handler) for BusFault_Handler
    startup_stm32f10x_md.o(RESET) refers to stm32f10x_it.o(i.UsageFault_Handler) for UsageFault_Handler
    startup_stm32f10x_md.o(RESET) refers to stm32f10x_it.o(i.SVC_Handler) for SVC_Handler
    startup_stm32f10x_md.o(RESET) refers to stm32f10x_it.o(i.DebugMon_Handler) for DebugMon_Handler
    startup_stm32f10x_md.o(RESET) refers to stm32f10x_it.o(i.PendSV_Handler) for PendSV_Handler
    startup_stm32f10x_md.o(RESET) refers to stm32f10x_it.o(i.SysTick_Handler) for SysTick_Handler
    startup_stm32f10x_md.o(RESET) refers to usart_dma.o(i.DMA1_Channel2_IRQHandler) for DMA1_Channel2_IRQHandler
    startup_stm32f10x_md.o(RESET) refers to usart_dma.o(i.DMA1_Channel7_IRQHandler) for DMA1_Channel7_IRQHandler
    startup_stm32f10x_md.o(RESET) refers to tim_delay.o(i.TIM4_IRQHandler) for TIM4_IRQHandler
    startup_stm32f10x_md.o(RESET) refers to usart.o(i.USART1_IRQHandler) for USART1_IRQHandler
    startup_stm32f10x_md.o(RESET) refers to usart.o(i.USART2_IRQHandler) for USART2_IRQHandler
    startup_stm32f10x_md.o(RESET) refers to usart.o(i.USART3_IRQHandler) for USART3_IRQHandler
    startup_stm32f10x_md.o(.text) refers to system_stm32f10x.o(i.SystemInit) for SystemInit
    startup_stm32f10x_md.o(.text) refers to entry.o(.ARM.Collect$$$$00000000) for __main
    main.o(i.main) refers to sys.o(i.NVIC_Configuration) for NVIC_Configuration
    main.o(i.main) refers to clock.o(i.clock_sys_init) for clock_sys_init
    main.o(i.main) refers to delay.o(i.delay_init) for delay_init
    main.o(i.main) refers to usart.o(i.usart2_init) for usart2_init
    main.o(i.main) refers to usart.o(i.usart3_init) for usart3_init
    main.o(i.main) refers to ep.o(i.ep_init) for ep_init
    main.o(i.main) refers to bsp_ws281x.o(i.ws281x_init) for ws281x_init
    main.o(i.main) refers to bsp_ws281x.o(i.RGB_flag_color) for RGB_flag_color
    main.o(i.main) refers to ep.o(i.USB_HUB_init) for USB_HUB_init
    main.o(i.main) refers to usart_dma.o(i.usart2_dma_tx_init) for usart2_dma_tx_init
    main.o(i.main) refers to usart_dma.o(i.usart3_dma_tx_init) for usart3_dma_tx_init
    main.o(i.main) refers to usart.o(i.USART_SendString) for USART_SendString
    main.o(i.main) refers to ep.o(i.iap_load_bootload) for iap_load_bootload
    main.o(i.main) refers to bsp_ws281x.o(i.ws281x_color) for ws281x_color
    main.o(i.main) refers to bsp_ws281x.o(i.ws281x_colorWipe) for ws281x_colorWipe
    main.o(i.main) refers to delay.o(i.delay_ms) for delay_ms
    main.o(i.main) refers to usart.o(i.Send_Data) for Send_Data
    main.o(i.main) refers to main.o(.data) for flag_bootload
    system_stm32f10x.o(i.SetSysClock) refers to system_stm32f10x.o(i.SetSysClockTo72) for SetSysClockTo72
    system_stm32f10x.o(i.SystemCoreClockUpdate) refers to system_stm32f10x.o(.data) for SystemCoreClock
    system_stm32f10x.o(i.SystemInit) refers to system_stm32f10x.o(i.SetSysClock) for SetSysClock
    stm32f10x_adc.o(i.ADC_DeInit) refers to stm32f10x_rcc.o(i.RCC_APB2PeriphResetCmd) for RCC_APB2PeriphResetCmd
    stm32f10x_bkp.o(i.BKP_DeInit) refers to stm32f10x_rcc.o(i.RCC_BackupResetCmd) for RCC_BackupResetCmd
    stm32f10x_can.o(i.CAN_DeInit) refers to stm32f10x_rcc.o(i.RCC_APB1PeriphResetCmd) for RCC_APB1PeriphResetCmd
    stm32f10x_can.o(i.CAN_GetITStatus) refers to stm32f10x_can.o(i.CheckITStatus) for CheckITStatus
    stm32f10x_cec.o(i.CEC_DeInit) refers to stm32f10x_rcc.o(i.RCC_APB1PeriphResetCmd) for RCC_APB1PeriphResetCmd
    stm32f10x_dac.o(i.DAC_DeInit) refers to stm32f10x_rcc.o(i.RCC_APB1PeriphResetCmd) for RCC_APB1PeriphResetCmd
    stm32f10x_flash.o(i.FLASH_EnableWriteProtection) refers to stm32f10x_flash.o(i.FLASH_WaitForLastOperation) for FLASH_WaitForLastOperation
    stm32f10x_flash.o(i.FLASH_EraseAllBank1Pages) refers to stm32f10x_flash.o(i.FLASH_WaitForLastBank1Operation) for FLASH_WaitForLastBank1Operation
    stm32f10x_flash.o(i.FLASH_EraseAllPages) refers to stm32f10x_flash.o(i.FLASH_WaitForLastOperation) for FLASH_WaitForLastOperation
    stm32f10x_flash.o(i.FLASH_EraseOptionBytes) refers to stm32f10x_flash.o(i.FLASH_GetReadOutProtectionStatus) for FLASH_GetReadOutProtectionStatus
[...]
    Removing stm32f10x_can.o(i.CAN_StructInit), (32 bytes).
    Removing stm32f10x_can.o(i.CAN_TTComModeCmd), (118 bytes).
    Removing stm32f10x_can.o(i.CAN_Transmit), (294 bytes).
    Removing stm32f10x_can.o(i.CAN_TransmitStatus), (160 bytes).
    Removing stm32f10x_can.o(i.CAN_WakeUp), (48 bytes).
    Removing stm32f10x_can.o(i.CheckITStatus), (18 bytes).
    Removing stm32f10x_cec.o(i.CEC_ClearFlag), (36 bytes).
    Removing stm32f10x_cec.o(i.CEC_ClearITPendingBit), (36 bytes).
    Removing stm32f10x_cec.o(i.CEC_Cmd), (32 bytes).
    Removing stm32f10x_cec.o(i.CEC_DeInit), (22 bytes).
    Removing stm32f10x_cec.o(i.CEC_EndOfMessageCmd), (12 bytes).
    Removing stm32f10x_cec.o(i.CEC_GetFlagStatus), (48 bytes).
    Removing stm32f10x_cec.o(i.CEC_GetITStatus), (40 bytes).
    Removing stm32f10x_cec.o(i.CEC_ITConfig), (12 bytes).
    Removing stm32f10x_cec.o(i.CEC_Init), (32 bytes).
    Removing stm32f10x_cec.o(i.CEC_OwnAddressConfig), (12 bytes).
    Removing stm32f10x_cec.o(i.CEC_ReceiveDataByte), (12 bytes).
    Removing stm32f10x_cec.o(i.CEC_SendDataByte), (12 bytes).
    Removing stm32f10x_cec.o(i.CEC_SetPrescaler), (12 bytes).
    Removing stm32f10x_cec.o(i.CEC_StartOfMessage), (12 bytes).
    Removing stm32f10x_crc.o(i.CRC_CalcBlockCRC), (36 bytes).
    Removing stm32f10x_crc.o(i.CRC_CalcCRC), (16 bytes).
    Removing stm32f10x_crc.o(i.CRC_GetCRC), (12 bytes).
    Removing stm32f10x_crc.o(i.CRC_GetIDRegister), (12 bytes).
    Removing stm32f10x_crc.o(i.CRC_ResetDR), (12 bytes).
    Removing stm32f10x_crc.o(i.CRC_SetIDRegister), (12 bytes).
    Removing stm32f10x_dac.o(i.DAC_Cmd), (40 bytes).
    Removing stm32f10x_dac.o(i.DAC_DMACmd), (44 bytes).
    Removing stm32f10x_dac.o(i.DAC_DeInit), (22 bytes).
    Removing stm32f10x_dac.o(i.DAC_DualSoftwareTriggerCmd), (36 bytes).
    Removing stm32f10x_dac.o(i.DAC_GetDataOutputValue), (36 bytes).
    Removing stm32f10x_dac.o(i.DAC_Init), (52 bytes).
    Removing stm32f10x_dac.o(i.DAC_SetChannel1Data), (32 bytes).
    Removing stm32f10x_dac.o(i.DAC_SetChannel2Data), (32 bytes).
    Removing stm32f10x_dac.o(i.DAC_SetDualChannelData), (36 bytes).
    Removing stm32f10x_dac.o(i.DAC_SoftwareTriggerCmd), (44 bytes).
    Removing stm32f10x_dac.o(i.DAC_StructInit), (12 bytes).
    Removing stm32f10x_dac.o(i.DAC_WaveGenerationCmd), (40 bytes).
    Removing stm32f10x_dbgmcu.o(i.DBGMCU_Config), (32 bytes).
    Removing stm32f10x_dbgmcu.o(i.DBGMCU_GetDEVID), (16 bytes).
    Removing stm32f10x_dbgmcu.o(i.DBGMCU_GetREVID), (12 bytes).
    Removing stm32f10x_dma.o(i.DMA_ClearFlag), (28 bytes).
    Removing stm32f10x_dma.o(i.DMA_GetCurrDataCounter), (8 bytes).
    Removing stm32f10x_dma.o(i.DMA_GetFlagStatus), (44 bytes).
    Removing stm32f10x_dma.o(i.DMA_SetCurrDataCounter), (4 bytes).
    Removing stm32f10x_dma.o(i.DMA_StructInit), (26 bytes).
    Removing stm32f10x_exti.o(i.EXTI_ClearFlag), (12 bytes).
    Removing stm32f10x_exti.o(i.EXTI_ClearITPendingBit), (12 bytes).
    Removing stm32f10x_exti.o(i.EXTI_DeInit), (36 bytes).
    Removing stm32f10x_exti.o(i.EXTI_GenerateSWInterrupt), (16 bytes).
    Removing stm32f10x_exti.o(i.EXTI_GetFlagStatus), (24 bytes).
    Removing stm32f10x_exti.o(i.EXTI_GetITStatus), (40 bytes).
    Removing stm32f10x_exti.o(i.EXTI_Init), (148 bytes).
    Removing stm32f10x_exti.o(i.EXTI_StructInit), (16 bytes).
    Removing stm32f10x_flash.o(i.FLASH_ClearFlag), (12 bytes).
    Removing stm32f10x_flash.o(i.FLASH_EnableWriteProtection), (196 bytes).
    Removing stm32f10x_flash.o(i.FLASH_EraseAllBank1Pages), (72 bytes).
    Removing stm32f10x_flash.o(i.FLASH_EraseAllPages), (72 bytes).
    Removing stm32f10x_flash.o(i.FLASH_EraseOptionBytes), (168 bytes).
    Removing stm32f10x_flash.o(i.FLASH_ErasePage), (76 bytes).
    Removing stm32f10x_flash.o(i.FLASH_GetBank1Status), (52 bytes).
    Removing stm32f10x_flash.o(i.FLASH_GetFlagStatus), (48 bytes).
    Removing stm32f10x_flash.o(i.FLASH_GetPrefetchBufferStatus), (24 bytes).
    Removing stm32f10x_flash.o(i.FLASH_GetReadOutProtectionStatus), (24 bytes).
    Removing stm32f10x_flash.o(i.FLASH_GetStatus), (52 bytes).
    Removing stm32f10x_flash.o(i.FLASH_GetUserOptionByte), (12 bytes).
    Removing stm32f10x_flash.o(i.FLASH_GetWriteProtectionOptionByte), (12 bytes).
    Removing stm32f10x_flash.o(i.FLASH_HalfCycleAccessCmd), (28 bytes).
    Removing stm32f10x_flash.o(i.FLASH_ITConfig), (32 bytes).
    Removing stm32f10x_flash.o(i.FLASH_Lock), (20 bytes).
    Removing stm32f10x_flash.o(i.FLASH_LockBank1), (20 bytes).
    Removing stm32f10x_flash.o(i.FLASH_ProgramHalfWord), (64 bytes).
    Removing stm32f10x_flash.o(i.FLASH_ProgramOptionByteData), (84 bytes).
    Removing stm32f10x_flash.o(i.FLASH_ProgramWord), (108 bytes).
    Removing stm32f10x_flash.o(i.FLASH_ReadOutProtection), (172 bytes).
    Removing stm32f10x_flash.o(i.FLASH_Unlock), (24 bytes).
    Removing stm32f10x_flash.o(i.FLASH_UnlockBank1), (24 bytes).
    Removing stm32f10x_flash.o(i.FLASH_UserOptionByteConfig), (104 bytes).
    Removing stm32f10x_flash.o(i.FLASH_WaitForLastBank1Operation), (38 bytes).
    Removing stm32f10x_flash.o(i.FLASH_WaitForLastOperation), (38 bytes).
    Removing stm32f10x_fsmc.o(i.FSMC_ClearFlag), (64 bytes).
    Removing stm32f10x_fsmc.o(i.FSMC_ClearITPendingBit), (72 bytes).
    Removing stm32f10x_fsmc.o(i.FSMC_GetECC), (28 bytes).
    Removing stm32f10x_fsmc.o(i.FSMC_GetFlagStatus), (56 bytes).
    Removing stm32f10x_fsmc.o(i.FSMC_GetITStatus), (68 bytes).
    Removing stm32f10x_fsmc.o(i.FSMC_ITConfig), (128 bytes).
    Removing stm32f10x_fsmc.o(i.FSMC_NANDCmd), (92 bytes).
    Removing stm32f10x_fsmc.o(i.FSMC_NANDDeInit), (68 bytes).
    Removing stm32f10x_fsmc.o(i.FSMC_NANDECCCmd), (92 bytes).
    Removing stm32f10x_fsmc.o(i.FSMC_NANDInit), (136 bytes).
    Removing stm32f10x_fsmc.o(i.FSMC_NANDStructInit), (54 bytes).
    Removing stm32f10x_fsmc.o(i.FSMC_NORSRAMCmd), (52 bytes).
    Removing stm32f10x_fsmc.o(i.FSMC_NORSRAMDeInit), (54 bytes).
    Removing stm32f10x_fsmc.o(i.FSMC_NORSRAMInit), (230 bytes).
    Removing stm32f10x_fsmc.o(i.FSMC_NORSRAMStructInit), (114 bytes).
    Removing stm32f10x_fsmc.o(i.FSMC_PCCARDCmd), (48 bytes).
    Removing stm32f10x_fsmc.o(i.FSMC_PCCARDDeInit), (40 bytes).
    Removing stm32f10x_fsmc.o(i.FSMC_PCCARDInit), (132 bytes).
    Removing stm32f10x_fsmc.o(i.FSMC_PCCARDStructInit), (60 bytes).
    Removing stm32f10x_gpio.o(i.GPIO_AFIODeInit), (20 bytes).
    Removing stm32f10x_gpio.o(i.GPIO_DeInit), (200 bytes).
    Removing stm32f10x_gpio.o(i.GPIO_ETH_MediaInterfaceConfig), (12 bytes).
    Removing stm32f10x_gpio.o(i.GPIO_EXTILineConfig), (64 bytes).
    Removing stm32f10x_gpio.o(i.GPIO_EventOutputCmd), (12 bytes).
    Removing stm32f10x_gpio.o(i.GPIO_EventOutputConfig), (32 bytes).
    Removing stm32f10x_gpio.o(i.GPIO_PinLockConfig), (18 bytes).
    Removing stm32f10x_gpio.o(i.GPIO_ReadInputData), (8 bytes).
    Removing stm32f10x_gpio.o(i.GPIO_ReadOutputData), (8 bytes).
    Removing stm32f10x_gpio.o(i.GPIO_ReadOutputDataBit), (18 bytes).
    Removing stm32f10x_gpio.o(i.GPIO_SetBits), (4 bytes).
    Removing stm32f10x_gpio.o(i.GPIO_StructInit), (16 bytes).
    Removing stm32f10x_gpio.o(i.GPIO_Write), (4 bytes).
    Removing stm32f10x_gpio.o(i.GPIO_WriteBit), (10 bytes).
    Removing stm32f10x_i2c.o(i.I2C_ARPCmd), (24 bytes).
    Removing stm32f10x_i2c.o(i.I2C_AcknowledgeConfig), (24 bytes).
    Removing stm32f10x_i2c.o(i.I2C_CalculatePEC), (24 bytes).
    Removing stm32f10x_i2c.o(i.I2C_CheckEvent), (42 bytes).
    Removing stm32f10x_i2c.o(i.I2C_ClearFlag), (12 bytes).
    Removing stm32f10x_i2c.o(i.I2C_ClearITPendingBit), (12 bytes).
    Removing stm32f10x_i2c.o(i.I2C_Cmd), (24 bytes).
    Removing stm32f10x_i2c.o(i.I2C_DMACmd), (24 bytes).
    Removing stm32f10x_i2c.o(i.I2C_DMALastTransferCmd), (24 bytes).
    Removing stm32f10x_i2c.o(i.I2C_DeInit), (56 bytes).
    Removing stm32f10x_i2c.o(i.I2C_DualAddressCmd), (24 bytes).
    Removing stm32f10x_i2c.o(i.I2C_FastModeDutyCycleConfig), (28 bytes).
    Removing stm32f10x_i2c.o(i.I2C_GeneralCallCmd), (24 bytes).
    Removing stm32f10x_i2c.o(i.I2C_GenerateSTART), (24 bytes).
    Removing stm32f10x_i2c.o(i.I2C_GenerateSTOP), (24 bytes).
    Removing stm32f10x_i2c.o(i.I2C_GetFlagStatus), (58 bytes).
    Removing stm32f10x_i2c.o(i.I2C_GetITStatus), (38 bytes).
    Removing stm32f10x_i2c.o(i.I2C_GetLastEvent), (26 bytes).
    Removing stm32f10x_i2c.o(i.I2C_GetPEC), (8 bytes).
    Removing stm32f10x_i2c.o(i.I2C_ITConfig), (18 bytes).
    Removing stm32f10x_i2c.o(i.I2C_Init), (236 bytes).
    Removing stm32f10x_i2c.o(i.I2C_NACKPositionConfig), (28 bytes).
    Removing stm32f10x_i2c.o(i.I2C_OwnAddress2Config), (22 bytes).
    Removing stm32f10x_i2c.o(i.I2C_PECPositionConfig), (28 bytes).
    Removing stm32f10x_i2c.o(i.I2C_ReadRegister), (22 bytes).
    Removing stm32f10x_i2c.o(i.I2C_ReceiveData), (8 bytes).
    Removing stm32f10x_i2c.o(i.I2C_SMBusAlertConfig), (28 bytes).
    Removing stm32f10x_i2c.o(i.I2C_Send7bitAddress), (18 bytes).
    Removing stm32f10x_i2c.o(i.I2C_SendData), (4 bytes).
    Removing stm32f10x_i2c.o(i.I2C_SoftwareResetCmd), (22 bytes).
    Removing stm32f10x_i2c.o(i.I2C_StretchClockCmd), (24 bytes).
    Removing stm32f10x_i2c.o(i.I2C_StructInit), (30 bytes).
    Removing stm32f10x_i2c.o(i.I2C_TransmitPEC), (24 bytes).
    Removing stm32f10x_iwdg.o(i.IWDG_Enable), (16 bytes).
    Removing stm32f10x_iwdg.o(i.IWDG_GetFlagStatus), (24 bytes).
    Removing stm32f10x_iwdg.o(i.IWDG_ReloadCounter), (16 bytes).
    Removing stm32f10x_iwdg.o(i.IWDG_SetPrescaler), (12 bytes).
    Removing stm32f10x_iwdg.o(i.IWDG_SetReload), (12 bytes).
    Removing stm32f10x_iwdg.o(i.IWDG_WriteAccessCmd), (12 bytes).
    Removing stm32f10x_pwr.o(i.PWR_BackupAccessCmd), (12 bytes).
    Removing stm32f10x_pwr.o(i.PWR_ClearFlag), (20 bytes).
    Removing stm32f10x_pwr.o(i.PWR_DeInit), (22 bytes).
    Removing stm32f10x_pwr.o(i.PWR_EnterSTANDBYMode), (52 bytes).
    Removing stm32f10x_pwr.o(i.PWR_EnterSTOPMode), (64 bytes).
    Removing stm32f10x_pwr.o(i.PWR_GetFlagStatus), (24 bytes).
    Removing stm32f10x_pwr.o(i.PWR_PVDCmd), (12 bytes).
    Removing stm32f10x_pwr.o(i.PWR_PVDLevelConfig), (24 bytes).
    Removing stm32f10x_pwr.o(i.PWR_WakeUpPinCmd), (12 bytes).
    Removing stm32f10x_rcc.o(i.RCC_AdjustHSICalibrationValue), (24 bytes).
    Removing stm32f10x_rcc.o(i.RCC_BackupResetCmd), (12 bytes).
    Removing stm32f10x_rcc.o(i.RCC_ClearFlag), (20 bytes).
    Removing stm32f10x_rcc.o(i.RCC_ClearITPendingBit), (12 bytes).
    Removing stm32f10x_rcc.o(i.RCC_ClockSecuritySystemCmd), (12 bytes).
    Removing stm32f10x_rcc.o(i.RCC_GetITStatus), (24 bytes).
    Removing stm32f10x_rcc.o(i.RCC_HSICmd), (12 bytes).
    Removing stm32f10x_rcc.o(i.RCC_ITConfig), (32 bytes).
    Removing stm32f10x_rcc.o(i.RCC_LSEConfig), (52 bytes).
    Removing stm32f10x_rcc.o(i.RCC_LSICmd), (12 bytes).
    Removing stm32f10x_rcc.o(i.RCC_MCOConfig), (12 bytes).
    Removing stm32f10x_rcc.o(i.RCC_RTCCLKCmd), (12 bytes).
    Removing stm32f10x_rcc.o(i.RCC_RTCCLKConfig), (16 bytes).
    Removing stm32f10x_rtc.o(i.RTC_ClearFlag), (16 bytes).
    Removing stm32f10x_rtc.o(i.RTC_ClearITPendingBit), (16 bytes).
    Removing stm32f10x_rtc.o(i.RTC_EnterConfigMode), (20 bytes).
    Removing stm32f10x_rtc.o(i.RTC_ExitConfigMode), (20 bytes).
    Removing stm32f10x_rtc.o(i.RTC_GetCounter), (20 bytes).
    Removing stm32f10x_rtc.o(i.RTC_GetDivider), (24 bytes).
    Removing stm32f10x_rtc.o(i.RTC_GetFlagStatus), (24 bytes).
    Removing stm32f10x_rtc.o(i.RTC_GetITStatus), (36 bytes).
    Removing stm32f10x_rtc.o(i.RTC_ITConfig), (32 bytes).
    Removing stm32f10x_rtc.o(i.RTC_SetAlarm), (28 bytes).
    Removing stm32f10x_rtc.o(i.RTC_SetCounter), (28 bytes).
    Removing stm32f10x_rtc.o(i.RTC_SetPrescaler), (32 bytes).
    Removing stm32f10x_rtc.o(i.RTC_WaitForLastTask), (20 bytes).
    Removing stm32f10x_rtc.o(i.RTC_WaitForSynchro), (36 bytes).
    Removing stm32f10x_sdio.o(i.SDIO_CEATAITCmd), (16 bytes).
    Removing stm32f10x_sdio.o(i.SDIO_ClearFlag), (12 bytes).
    Removing stm32f10x_sdio.o(i.SDIO_ClearITPendingBit), (12 bytes).
    Removing stm32f10x_sdio.o(i.SDIO_ClockCmd), (12 bytes).
    Removing stm32f10x_sdio.o(i.SDIO_CmdStructInit), (14 bytes).
    Removing stm32f10x_sdio.o(i.SDIO_CommandCompletionCmd), (12 bytes).
    Removing stm32f10x_sdio.o(i.SDIO_DMACmd), (12 bytes).
    Removing stm32f10x_sdio.o(i.SDIO_DataConfig), (48 bytes).
    Removing stm32f10x_sdio.o(i.SDIO_DataStructInit), (20 bytes).
    Removing stm32f10x_sdio.o(i.SDIO_DeInit), (36 bytes).
    Removing stm32f10x_sdio.o(i.SDIO_GetCommandResponse), (12 bytes).
    Removing stm32f10x_sdio.o(i.SDIO_GetDataCounter), (12 bytes).
    Removing stm32f10x_sdio.o(i.SDIO_GetFIFOCount), (12 bytes).
    Removing stm32f10x_sdio.o(i.SDIO_GetFlagStatus), (24 bytes).
    Removing stm32f10x_sdio.o(i.SDIO_GetITStatus), (24 bytes).
    Removing stm32f10x_sdio.o(i.SDIO_GetPowerState), (16 bytes).
    Removing stm32f10x_sdio.o(i.SDIO_GetResponse), (24 bytes).
    Removing stm32f10x_sdio.o(i.SDIO_ITConfig), (32 bytes).
    Removing stm32f10x_sdio.o(i.SDIO_Init), (48 bytes).
    Removing stm32f10x_sdio.o(i.SDIO_ReadData), (12 bytes).
    Removing stm32f10x_sdio.o(i.SDIO_SendCEATACmd), (12 bytes).
    Removing stm32f10x_sdio.o(i.SDIO_SendCommand), (44 bytes).
    Removing stm32f10x_sdio.o(i.SDIO_SendSDIOSuspendCmd), (12 bytes).
    Removing stm32f10x_sdio.o(i.SDIO_SetPowerState), (28 bytes).
    Removing stm32f10x_sdio.o(i.SDIO_SetSDIOOperation), (12 bytes).
    Removing stm32f10x_sdio.o(i.SDIO_SetSDIOReadWaitMode), (12 bytes).
    Removing stm32f10x_sdio.o(i.SDIO_StartSDIOReadWait), (12 bytes).
    Removing stm32f10x_sdio.o(i.SDIO_StopSDIOReadWait), (12 bytes).
    Removing stm32f10x_sdio.o(i.SDIO_StructInit), (16 bytes).
    Removing stm32f10x_sdio.o(i.SDIO_WriteData), (12 bytes).
    Removing stm32f10x_spi.o(i.I2S_Cmd), (24 bytes).
    Removing stm32f10x_spi.o(i.I2S_Init), (232 bytes).
    Removing stm32f10x_spi.o(i.I2S_StructInit), (20 bytes).
    Removing stm32f10x_spi.o(i.SPI_BiDirectionalLineConfig), (28 bytes).
    Removing stm32f10x_spi.o(i.SPI_CalculateCRC), (24 bytes).
    Removing stm32f10x_spi.o(i.SPI_Cmd), (24 bytes).
    Removing stm32f10x_spi.o(i.SPI_DataSizeConfig), (18 bytes).
    Removing stm32f10x_spi.o(i.SPI_GetCRC), (16 bytes).
    Removing stm32f10x_spi.o(i.SPI_GetCRCPolynomial), (6 bytes).
    Removing stm32f10x_spi.o(i.SPI_I2S_ClearFlag), (6 bytes).
    Removing stm32f10x_spi.o(i.SPI_I2S_ClearITPendingBit), (20 bytes).
    Removing stm32f10x_spi.o(i.SPI_I2S_DMACmd), (18 bytes).
    Removing stm32f10x_spi.o(i.SPI_I2S_DeInit), (88 bytes).
    Removing stm32f10x_spi.o(i.SPI_I2S_GetFlagStatus), (18 bytes).
    Removing stm32f10x_spi.o(i.SPI_I2S_GetITStatus), (52 bytes).
    Removing stm32f10x_spi.o(i.SPI_I2S_ITConfig), (32 bytes).
    Removing stm32f10x_spi.o(i.SPI_I2S_ReceiveData), (6 bytes).
    Removing stm32f10x_spi.o(i.SPI_I2S_SendData), (4 bytes).
    Removing stm32f10x_spi.o(i.SPI_Init), (60 bytes).
    Removing stm32f10x_spi.o(i.SPI_NSSInternalSoftwareConfig), (30 bytes).
    Removing stm32f10x_spi.o(i.SPI_SSOutputCmd), (24 bytes).
    Removing stm32f10x_spi.o(i.SPI_StructInit), (24 bytes).
    Removing stm32f10x_spi.o(i.SPI_TransmitCRC), (10 bytes).
    Removing stm32f10x_tim.o(i.TI1_Config), (128 bytes).
    Removing stm32f10x_tim.o(i.TI2_Config), (152 bytes).
    Removing stm32f10x_tim.o(i.TI3_Config), (144 bytes).
    Removing stm32f10x_tim.o(i.TI4_Config), (152 bytes).
    Removing stm32f10x_tim.o(i.TIM_ARRPreloadConfig), (24 bytes).
    Removing stm32f10x_tim.o(i.TIM_BDTRConfig), (32 bytes).
    Removing stm32f10x_tim.o(i.TIM_BDTRStructInit), (18 bytes).
    Removing stm32f10x_tim.o(i.TIM_CCPreloadControl), (24 bytes).
    Removing stm32f10x_tim.o(i.TIM_CCxCmd), (30 bytes).
    Removing stm32f10x_tim.o(i.TIM_CCxNCmd), (30 bytes).
    Removing stm32f10x_tim.o(i.TIM_ClearFlag), (6 bytes).
    Removing stm32f10x_tim.o(i.TIM_ClearOC1Ref), (18 bytes).
    Removing stm32f10x_tim.o(i.TIM_ClearOC2Ref), (24 bytes).
    Removing stm32f10x_tim.o(i.TIM_ClearOC3Ref), (18 bytes).
    Removing stm32f10x_tim.o(i.TIM_ClearOC4Ref), (24 bytes).
    Removing stm32f10x_tim.o(i.TIM_Cmd), (24 bytes).
    Removing stm32f10x_tim.o(i.TIM_CounterModeConfig), (18 bytes).
    Removing stm32f10x_tim.o(i.TIM_CtrlPWMOutputs), (30 bytes).
    Removing stm32f10x_tim.o(i.TIM_DMACmd), (18 bytes).
    Removing stm32f10x_tim.o(i.TIM_DMAConfig), (10 bytes).
    Removing stm32f10x_tim.o(i.TIM_ETRClockMode1Config), (54 bytes).
    Removing stm32f10x_tim.o(i.TIM_ETRClockMode2Config), (32 bytes).
    Removing stm32f10x_tim.o(i.TIM_ETRConfig), (28 bytes).
    Removing stm32f10x_tim.o(i.TIM_EncoderInterfaceConfig), (66 bytes).
    Removing stm32f10x_tim.o(i.TIM_ForcedOC1Config), (18 bytes).
    Removing stm32f10x_tim.o(i.TIM_ForcedOC2Config), (26 bytes).
    Removing stm32f10x_tim.o(i.TIM_ForcedOC3Config), (18 bytes).
    Removing stm32f10x_tim.o(i.TIM_ForcedOC4Config), (26 bytes).
    Removing stm32f10x_tim.o(i.TIM_GenerateEvent), (4 bytes).
    Removing stm32f10x_tim.o(i.TIM_GetCapture1), (6 bytes).
    Removing stm32f10x_tim.o(i.TIM_GetCapture2), (6 bytes).
    Removing stm32f10x_tim.o(i.TIM_GetCapture3), (6 bytes).
    Removing stm32f10x_tim.o(i.TIM_GetCapture4), (8 bytes).
    Removing stm32f10x_tim.o(i.TIM_GetCounter), (6 bytes).
    Removing stm32f10x_tim.o(i.TIM_GetFlagStatus), (18 bytes).
    Removing stm32f10x_tim.o(i.TIM_GetPrescaler), (6 bytes).
    Removing stm32f10x_tim.o(i.TIM_ICInit), (172 bytes).
    Removing stm32f10x_tim.o(i.TIM_ICStructInit), (18 bytes).
    Removing stm32f10x_tim.o(i.TIM_ITConfig), (18 bytes).
    Removing stm32f10x_tim.o(i.TIM_ITRxExternalClockConfig), (24 bytes).
    Removing stm32f10x_tim.o(i.TIM_InternalClockConfig), (12 bytes).
    Removing stm32f10x_tim.o(i.TIM_OC1FastConfig), (18 bytes).
    Removing stm32f10x_tim.o(i.TIM_OC1Init), (152 bytes).
    Removing stm32f10x_tim.o(i.TIM_OC1NPolarityConfig), (18 bytes).
    Removing stm32f10x_tim.o(i.TIM_OC1PolarityConfig), (18 bytes).
    Removing stm32f10x_tim.o(i.TIM_OC1PreloadConfig), (18 bytes).
    Removing stm32f10x_tim.o(i.TIM_OC2FastConfig), (26 bytes).
    Removing stm32f10x_tim.o(i.TIM_OC2Init), (164 bytes).
    Removing stm32f10x_tim.o(i.TIM_OC2NPolarityConfig), (26 bytes).
    Removing stm32f10x_tim.o(i.TIM_OC2PolarityConfig), (26 bytes).
    Removing stm32f10x_tim.o(i.TIM_OC2PreloadConfig), (26 bytes).
    Removing stm32f10x_tim.o(i.TIM_OC3FastConfig), (18 bytes).
    Removing stm32f10x_tim.o(i.TIM_OC3Init), (160 bytes).
    Removing stm32f10x_tim.o(i.TIM_OC3NPolarityConfig), (26 bytes).
    Removing stm32f10x_tim.o(i.TIM_OC3PolarityConfig), (26 bytes).
    Removing stm32f10x_tim.o(i.TIM_OC3PreloadConfig), (18 bytes).
    Removing stm32f10x_tim.o(i.TIM_OC4FastConfig), (26 bytes).
    Removing stm32f10x_tim.o(i.TIM_OC4Init), (124 bytes).
    Removing stm32f10x_tim.o(i.TIM_OC4PolarityConfig), (26 bytes).
    Removing stm32f10x_tim.o(i.TIM_OC4PreloadConfig), (26 bytes).
    Removing stm32f10x_tim.o(i.TIM_OCStructInit), (20 bytes).
    Removing stm32f10x_tim.o(i.TIM_PWMIConfig), (124 bytes).
    Removing stm32f10x_tim.o(i.TIM_PrescalerConfig), (6 bytes).
    Removing stm32f10x_tim.o(i.TIM_SelectCCDMA), (24 bytes).
    Removing stm32f10x_tim.o(i.TIM_SelectCOM), (24 bytes).
    Removing stm32f10x_tim.o(i.TIM_SelectHallSensor), (24 bytes).
    Removing stm32f10x_tim.o(i.TIM_SelectInputTrigger), (18 bytes).
    Removing stm32f10x_tim.o(i.TIM_SelectMasterSlaveMode), (18 bytes).
    Removing stm32f10x_tim.o(i.TIM_SelectOCxM), (82 bytes).
    Removing stm32f10x_tim.o(i.TIM_SelectOnePulseMode), (18 bytes).
    Removing stm32f10x_tim.o(i.TIM_SelectOutputTrigger), (18 bytes).
    Removing stm32f10x_tim.o(i.TIM_SelectSlaveMode), (18 bytes).
    Removing stm32f10x_tim.o(i.TIM_SetAutoreload), (4 bytes).
    Removing stm32f10x_tim.o(i.TIM_SetClockDivision), (18 bytes).
    Removing stm32f10x_tim.o(i.TIM_SetCompare1), (4 bytes).
    Removing stm32f10x_tim.o(i.TIM_SetCompare2), (4 bytes).
    Removing stm32f10x_tim.o(i.TIM_SetCompare3), (4 bytes).
    Removing stm32f10x_tim.o(i.TIM_SetCompare4), (6 bytes).
    Removing stm32f10x_tim.o(i.TIM_SetCounter), (4 bytes).
    Removing stm32f10x_tim.o(i.TIM_SetIC1Prescaler), (18 bytes).
    Removing stm32f10x_tim.o(i.TIM_SetIC2Prescaler), (26 bytes).
    Removing stm32f10x_tim.o(i.TIM_SetIC3Prescaler), (18 bytes).
    Removing stm32f10x_tim.o(i.TIM_SetIC4Prescaler), (26 bytes).
    Removing stm32f10x_tim.o(i.TIM_TIxExternalClockConfig), (62 bytes).
    Removing stm32f10x_tim.o(i.TIM_TimeBaseInit), (164 bytes).
    Removing stm32f10x_tim.o(i.TIM_TimeBaseStructInit), (18 bytes).
    Removing stm32f10x_tim.o(i.TIM_UpdateDisableConfig), (24 bytes).
    Removing stm32f10x_tim.o(i.TIM_UpdateRequestConfig), (24 bytes).
    Removing stm32f10x_usart.o(i.USART_ClockInit), (34 bytes).
    Removing stm32f10x_usart.o(i.USART_ClockStructInit), (12 bytes).
    Removing stm32f10x_usart.o(i.USART_HalfDuplexCmd), (24 bytes).
    Removing stm32f10x_usart.o(i.USART_IrDACmd), (24 bytes).
    Removing stm32f10x_usart.o(i.USART_IrDAConfig), (18 bytes).
    Removing stm32f10x_usart.o(i.USART_LINBreakDetectLengthConfig), (18 bytes).
    Removing stm32f10x_usart.o(i.USART_LINCmd), (24 bytes).
    Removing stm32f10x_usart.o(i.USART_OneBitMethodCmd), (24 bytes).
    Removing stm32f10x_usart.o(i.USART_OverSampling8Cmd), (22 bytes).
    Removing stm32f10x_usart.o(i.USART_ReceiverWakeUpCmd), (24 bytes).
    Removing stm32f10x_usart.o(i.USART_SendBreak), (10 bytes).
    Removing stm32f10x_usart.o(i.USART_SetAddress), (18 bytes).
    Removing stm32f10x_usart.o(i.USART_SetGuardTime), (16 bytes).
    Removing stm32f10x_usart.o(i.USART_SetPrescaler), (16 bytes).
    Removing stm32f10x_usart.o(i.USART_SmartCardCmd), (24 bytes).
    Removing stm32f10x_usart.o(i.USART_SmartCardNACKCmd), (24 bytes).
    Removing stm32f10x_usart.o(i.USART_StructInit), (24 bytes).
    Removing stm32f10x_usart.o(i.USART_WakeUpConfig), (18 bytes).
    Removing stm32f10x_wwdg.o(i.WWDG_ClearFlag), (12 bytes).
    Removing stm32f10x_wwdg.o(i.WWDG_DeInit), (22 bytes).
    Removing stm32f10x_wwdg.o(i.WWDG_Enable), (16 bytes).
    Removing stm32f10x_wwdg.o(i.WWDG_EnableIT), (12 bytes).
    Removing stm32f10x_wwdg.o(i.WWDG_GetFlagStatus), (12 bytes).
    Removing stm32f10x_wwdg.o(i.WWDG_SetCounter), (16 bytes).
    Removing stm32f10x_wwdg.o(i.WWDG_SetPrescaler), (24 bytes).
    Removing stm32f10x_wwdg.o(i.WWDG_SetWindowValue), (40 bytes).
    Removing delay.o(i.delay_us), (76 bytes).
    Removing usart.o(i.Send_data1), (40 bytes).
    Removing usart.o(i.UART_Value), (24 bytes).
    Removing usart.o(i._sys_exit), (4 bytes).
    Removing usart.o(i._ttywrch), (4 bytes).
    Removing usart.o(i.fputc), (28 bytes).
    Removing usart.o(i.receive), (108 bytes).
    Removing usart.o(i.send), (212 bytes).
    Removing usart.o(i.u3_printf), (80 bytes).
    Removing usart.o(i.uart_init), (176 bytes).
    Removing bsp_ws281x.o(i.GPS_rgbled), (56 bytes).
    Removing bsp_ws281x.o(i.rgbled_void), (48 bytes).
    Removing bsp_ws281x.o(i.ws281x_closeAll), (52 bytes).
    Removing bsp_ws281x.o(i.ws281x_rainbow), (62 bytes).
    Removing bsp_ws281x.o(i.ws281x_rainbowCycle), (76 bytes).
    Removing bsp_ws281x.o(i.ws281x_sendReset), (24 bytes).
    Removing bsp_ws281x.o(i.ws281x_setPixelRGB), (68 bytes).
    Removing bsp_ws281x.o(i.ws281x_theaterChase), (92 bytes).
    Removing bsp_ws281x.o(i.ws281x_theaterChaseRainbow), (108 bytes).
    Removing bsp_ws281x.o(i.ws281x_wheel), (100 bytes).
    Removing tim_delay.o(i.tim_Init), (92 bytes).
    Removing usart_dma.o(i.usart2_dma_rx_init), (144 bytes).
    Removing usart_dma.o(i.usart2_dma_tx), (140 bytes).

449 unused section(s) (total 17992 bytes) removed from the image.

==============================================================================

Image Symbol Table

    Local Symbols

    Symbol Name                              Value     Ov Type        Size  Object(Section)

    ../clib/microlib/division.c              0x00000000   Number         0  uldiv.o ABSOLUTE
    ../clib/microlib/division.c              0x00000000   Number         0  uidiv.o ABSOLUTE
    ../clib/microlib/init/entry.s            0x00000000   Number         0  entry2.o ABSOLUTE
    ../clib/microlib/init/entry.s            0x00000000   Number         0  entry.o ABSOLUTE
    ../clib/microlib/init/entry.s            0x00000000   Number         0  entry5.o ABSOLUTE
    ../clib/microlib/init/entry.s            0x00000000   Number         0  entry11b.o ABSOLUTE
    ../clib/microlib/init/entry.s            0x00000000   Number         0  entry7a.o ABSOLUTE
    ../clib/microlib/init/entry.s            0x00000000   Number         0  entry7b.o ABSOLUTE
    ../clib/microlib/init/entry.s            0x00000000   Number         0  entry8a.o ABSOLUTE
    ../clib/microlib/init/entry.s            0x00000000   Number         0  entry8b.o ABSOLUTE
    ../clib/microlib/init/entry.s            0x00000000   Number         0  entry9a.o ABSOLUTE
    ../clib/microlib/init/entry.s            0x00000000   Number         0  entry9b.o ABSOLUTE
    ../clib/microlib/init/entry.s            0x00000000   Number         0  entry10a.o ABSOLUTE
    ../clib/microlib/init/entry.s            0x00000000   Number         0  entry10b.o ABSOLUTE
    ../clib/microlib/init/entry.s            0x00000000   Number         0  entry11a.o ABSOLUTE
    ../clib/microlib/longlong.c              0x00000000   Number         0  llsshr.o ABSOLUTE
    ../clib/microlib/longlong.c              0x00000000   Number         0  llushr.o ABSOLUTE
    ../clib/microlib/longlong.c              0x00000000   Number         0  llshl.o ABSOLUTE
    ../clib/microlib/malloc/malloc.c         0x00000000   Number         0  malloca.o ABSOLUTE
    ../clib/microlib/malloc/malloc.c         0x00000000   Number         0  mallocra.o ABSOLUTE
    ../clib/microlib/malloc/malloc.c         0x00000000   Number         0  mallocr.o ABSOLUTE
    ../clib/microlib/malloc/malloc.c         0x00000000   Number         0  malloc.o ABSOLUTE
    ../clib/microlib/malloc/mvars.c          0x00000000   Number         0  mvars.o ABSOLUTE
    ../clib/microlib/printf/printf.c         0x00000000   Number         0  printfa.o ABSOLUTE
    ../clib/microlib/string/memcpy.c         0x00000000   Number         0  memcpya.o ABSOLUTE
    ../clib/microlib/string/memcpy.c         0x00000000   Number         0  memcpyb.o ABSOLUTE
    ../clib/microlib/string/strcmp.c         0x00000000   Number         0  strcmp.o ABSOLUTE
    ../clib/microlib/string/strcpy.c         0x00000000   Number         0  strcpy.o ABSOLUTE
    ../clib/microlib/string/strlen.c         0x00000000   Number         0  strlen.o ABSOLUTE
    ../clib/microlib/stubs.s                 0x00000000   Number         0  useno.o ABSOLUTE
    ../clib/microlib/stubs.s                 0x00000000   Number         0  iusefp.o ABSOLUTE
    ../fplib/microlib/fpadd.c                0x00000000   Number         0  dadd.o ABSOLUTE
    ../fplib/microlib/fpdiv.c                0x00000000   Number         0  ddiv.o ABSOLUTE
    ../fplib/microlib/fpepilogue.c           0x00000000   Number         0  depilogue.o ABSOLUTE
    ../fplib/microlib/fpfix.c                0x00000000   Number         0  dfixul.o ABSOLUTE
    ../fplib/microlib/fpmul.c                0x00000000   Number         0  dmul.o ABSOLUTE
    ..\CORE\core_cm3.c                       0x00000000   Number         0  core_cm3.o ABSOLUTE
    ..\CORE\startup_stm32f10x_md.s           0x00000000   Number         0  startup_stm32f10x_md.o ABSOLUTE
    ..\FWLIB\src\misc.c                      0x00000000   Number         0  misc.o ABSOLUTE
    ..\FWLIB\src\stm32f10x_adc.c             0x00000000   Number         0  stm32f10x_adc.o ABSOLUTE
    ..\FWLIB\src\stm32f10x_bkp.c             0x00000000   Number         0  stm32f10x_bkp.o ABSOLUTE
    ..\FWLIB\src\stm32f10x_can.c             0x00000000   Number         0  stm32f10x_can.o ABSOLUTE
    ..\FWLIB\src\stm32f10x_cec.c             0x00000000   Number         0  stm32f10x_cec.o ABSOLUTE
    ..\FWLIB\src\stm32f10x_crc.c             0x00000000   Number         0  stm32f10x_crc.o ABSOLUTE
    ..\FWLIB\src\stm32f10x_dac.c             0x00000000   Number         0  stm32f10x_dac.o ABSOLUTE
    ..\FWLIB\src\stm32f10x_dbgmcu.c          0x00000000   Number         0  stm32f10x_dbgmcu.o ABSOLUTE
    ..\FWLIB\src\stm32f10x_dma.c             0x00000000   Number         0  stm32f10x_dma.o ABSOLUTE
    ..\FWLIB\src\stm32f10x_exti.c            0x00000000   Number         0  stm32f10x_exti.o ABSOLUTE
    ..\FWLIB\src\stm32f10x_flash.c           0x00000000   Number         0  stm32f10x_flash.o ABSOLUTE
    ..\FWLIB\src\stm32f10x_fsmc.c            0x00000000   Number         0  stm32f10x_fsmc.o ABSOLUTE
    ..\FWLIB\src\stm32f10x_gpio.c            0x00000000   Number         0  stm32f10x_gpio.o ABSOLUTE
    ..\FWLIB\src\stm32f10x_i2c.c             0x00000000   Number         0  stm32f10x_i2c.o ABSOLUTE
    ..\FWLIB\src\stm32f10x_iwdg.c            0x00000000   Number         0  stm32f10x_iwdg.o ABSOLUTE
    ..\FWLIB\src\stm32f10x_pwr.c             0x00000000   Number         0  stm32f10x_pwr.o ABSOLUTE
    ..\FWLIB\src\stm32f10x_rcc.c             0x00000000   Number         0  stm32f10x_rcc.o ABSOLUTE
    ..\FWLIB\src\stm32f10x_rtc.c             0x00000000   Number         0  stm32f10x_rtc.o ABSOLUTE
    ..\FWLIB\src\stm32f10x_sdio.c            0x00000000   Number         0  stm32f10x_sdio.o ABSOLUTE
    ..\FWLIB\src\stm32f10x_spi.c             0x00000000   Number         0  stm32f10x_spi.o ABSOLUTE
    ..\FWLIB\src\stm32f10x_tim.c             0x00000000   Number         0  stm32f10x_tim.o ABSOLUTE
    ..\FWLIB\src\stm32f10x_usart.c           0x00000000   Number         0  stm32f10x_usart.o ABSOLUTE
    ..\FWLIB\src\stm32f10x_wwdg.c            0x00000000   Number         0  stm32f10x_wwdg.o ABSOLUTE
    ..\HARDWARE\bsp_ws281x.c                 0x00000000   Number         0  bsp_ws281x.o ABSOLUTE
    ..\HARDWARE\clock.c                      0x00000000   Number         0  clock.o ABSOLUTE
    ..\HARDWARE\delay.c                      0x00000000   Number         0  delay.o ABSOLUTE
    ..\HARDWARE\ep.c                         0x00000000   Number         0  ep.o ABSOLUTE
    ..\HARDWARE\receive_agreement.c          0x00000000   Number         0  receive_agreement.o ABSOLUTE
    ..\HARDWARE\sys.c                        0x00000000   Number         0  sys.o ABSOLUTE
    ..\HARDWARE\tim_delay.c                  0x00000000   Number         0  tim_delay.o ABSOLUTE
    ..\HARDWARE\usart.c                      0x00000000   Number         0  usart.o ABSOLUTE
    ..\HARDWARE\usart_dma.c                  0x00000000   Number         0  usart_dma.o ABSOLUTE
    ..\\CORE\\core_cm3.c                     0x00000000   Number         0  core_cm3.o ABSOLUTE
    ..\\HARDWARE\\sys.c                      0x00000000   Number         0  sys.o ABSOLUTE
    cdrcmple.s                               0x00000000   Number         0  cdrcmple.o ABSOLUTE
    dc.s                                     0x00000000   Number         0  dc.o ABSOLUTE
    handlers.s                               0x00000000   Number         0  handlers.o ABSOLUTE
    init.s                                   0x00000000   Number         0  init.o ABSOLUTE
    main.c                                   0x00000000   Number         0  main.o ABSOLUTE
    stm32f10x_it.c                           0x00000000   Number         0  stm32f10x_it.o ABSOLUTE
    system_stm32f10x.c                       0x00000000   Number         0  system_stm32f10x.o ABSOLUTE
    RESET                                    0x08003000   Section      236  startup_stm32f10x_md.o(RESET)
    .ARM.Collect$$$$00000000                 0x080030ec   Section        0  entry.o(.ARM.Collect$$$$00000000)
    .ARM.Collect$$$$00000001                 0x080030ec   Section        4  entry2.o(.ARM.Collect$$$$00000001)
    .ARM.Collect$$$$00000004                 0x080030f0   Section        4  entry5.o(.ARM.Collect$$$$00000004)
    .ARM.Collect$$$$00000008                 0x080030f4   Section        0  entry7b.o(.ARM.Collect$$$$00000008)
    .ARM.Collect$$$$0000000A                 0x080030f4   Section        0  entry8b.o(.ARM.Collect$$$$0000000A)
    .ARM.Collect$$$$0000000B                 0x080030f4   Section        8  entry9a.o(.ARM.Collect$$$$0000000B)
    .ARM.Collect$$$$0000000D                 0x080030fc   Section        0  entry10a.o(.ARM.Collect$$$$0000000D)
    .ARM.Collect$$$$0000000F                 0x080030fc   Section        0  entry11a.o(.ARM.Collect$$$$0000000F)
    .ARM.Collect$$$$00002712                 0x080030fc   Section        4  entry2.o(.ARM.Collect$$$$00002712)
    __lit__00000000                          0x080030fc   Data           4  entry2.o(.ARM.Collect$$$$00002712)
    .emb_text                                0x08003100   Section       12  sys.o(.emb_text)
    .text                                    0x0800310c   Section       36  startup_stm32f10x_md.o(.text)
    .text                                    0x08003130   Section        0  strlen.o(.text)
    .text                                    0x0800313e   Section        0  strcmp.o(.text)
    .text                                    0x0800315a   Section        0  strcpy.o(.text)
    .text                                    0x0800316c   Section        0  uidiv.o(.text)
    .text                                    0x08003198   Section        0  uldiv.o(.text)
    .text                                    0x080031fa   Section        0  dadd.o(.text)
    .text                                    0x080031fa   Section        0  iusefp.o(.text)
    .text                                    0x08003348   Section        0  dmul.o(.text)
    .text                                    0x0800342c   Section        0  ddiv.o(.text)
    .text                                    0x0800350a   Section        0  dfixul.o(.text)
    .text                                    0x0800353c   Section       48  cdrcmple.o(.text)
    .text                                    0x0800356c   Section       36  init.o(.text)
    .text                                    0x08003590   Section        0  llshl.o(.text)
    .text                                    0x080035ae   Section        0  llushr.o(.text)
    .text                                    0x080035ce   Section        0  llsshr.o(.text)
    .text                                    0x080035f2   Section        0  depilogue.o(.text)
    i.BusFault_Handler                       0x080036ac   Section        0  stm32f10x_it.o(i.BusFault_Handler)
    i.DMA1_Channel2_IRQHandler               0x080036b0   Section        0  usart_dma.o(i.DMA1_Channel2_IRQHandler)
    i.DMA1_Channel7_IRQHandler               0x080036e4   Section        0  usart_dma.o(i.DMA1_Channel7_IRQHandler)
    i.DMA_ClearITPendingBit                  0x0800371c   Section        0  stm32f10x_dma.o(i.DMA_ClearITPendingBit)
    i.DMA_Cmd                                0x08003738   Section        0  stm32f10x_dma.o(i.DMA_Cmd)
    i.DMA_DeInit                             0x08003750   Section        0  stm32f10x_dma.o(i.DMA_DeInit)
    i.DMA_GetITStatus                        0x0800389c   Section        0  stm32f10x_dma.o(i.DMA_GetITStatus)
    i.DMA_ITConfig                           0x080038c8   Section        0  stm32f10x_dma.o(i.DMA_ITConfig)
    i.DMA_Init                               0x080038da   Section        0  stm32f10x_dma.o(i.DMA_Init)
    i.DMA_USART2_Tx_Data                     0x08003918   Section        0  usart_dma.o(i.DMA_USART2_Tx_Data)
    i.DMA_USART3_Tx_Data                     0x08003950   Section        0  usart_dma.o(i.DMA_USART3_Tx_Data)
    i.DebugMon_Handler                       0x08003980   Section        0  stm32f10x_it.o(i.DebugMon_Handler)
    i.FLASH_PrefetchBufferCmd                0x08003984   Section        0  stm32f10x_flash.o(i.FLASH_PrefetchBufferCmd)
    i.FLASH_SetLatency                       0x080039a0   Section        0  stm32f10x_flash.o(i.FLASH_SetLatency)
    i.GPIO_Init                              0x080039b8   Section        0  stm32f10x_gpio.o(i.GPIO_Init)
    i.GPIO_PinRemapConfig                    0x08003ad0   Section        0  stm32f10x_gpio.o(i.GPIO_PinRemapConfig)
    i.GPIO_ReadInputDataBit                  0x08003b60   Section        0  stm32f10x_gpio.o(i.GPIO_ReadInputDataBit)
    i.GPIO_ResetBits                         0x08003b72   Section        0  stm32f10x_gpio.o(i.GPIO_ResetBits)
    i.HardFault_Handler                      0x08003b76   Section        0  stm32f10x_it.o(i.HardFault_Handler)
    i.Init_data_array                        0x08003b7a   Section        0  receive_agreement.o(i.Init_data_array)
    i.MemManage_Handler                      0x08003b8e   Section        0  stm32f10x_it.o(i.MemManage_Handler)
    i.NMI_Handler                            0x08003b92   Section        0  stm32f10x_it.o(i.NMI_Handler)
    i.NVIC_Configuration                     0x08003b94   Section        0  sys.o(i.NVIC_Configuration)
    i.NVIC_Init                              0x08003ba0   Section        0  misc.o(i.NVIC_Init)
    i.NVIC_PriorityGroupConfig               0x08003c10   Section        0  misc.o(i.NVIC_PriorityGroupConfig)
    i.PendSV_Handler                         0x08003c24   Section        0  stm32f10x_it.o(i.PendSV_Handler)
    i.RCC_ADCCLKConfig                       0x08003c28   Section        0  stm32f10x_rcc.o(i.RCC_ADCCLKConfig)
    i.RCC_AHBPeriphClockCmd                  0x08003c40   Section        0  stm32f10x_rcc.o(i.RCC_AHBPeriphClockCmd)
    i.RCC_APB1PeriphClockCmd                 0x08003c60   Section        0  stm32f10x_rcc.o(i.RCC_APB1PeriphClockCmd)
    i.RCC_APB1PeriphResetCmd                 0x08003c80   Section        0  stm32f10x_rcc.o(i.RCC_APB1PeriphResetCmd)
    i.RCC_APB2PeriphClockCmd                 0x08003ca0   Section        0  stm32f10x_rcc.o(i.RCC_APB2PeriphClockCmd)
    i.RCC_APB2PeriphResetCmd                 0x08003cc0   Section        0  stm32f10x_rcc.o(i.RCC_APB2PeriphResetCmd)
    i.RCC_DeInit                             0x08003ce0   Section        0  stm32f10x_rcc.o(i.RCC_DeInit)
    i.RCC_GetClocksFreq                      0x08003d2c   Section        0  stm32f10x_rcc.o(i.RCC_GetClocksFreq)
    i.RCC_GetFlagStatus                      0x08003e00   Section        0  stm32f10x_rcc.o(i.RCC_GetFlagStatus)
    i.RCC_GetSYSCLKSource                    0x08003e3c   Section        0  stm32f10x_rcc.o(i.RCC_GetSYSCLKSource)
    i.RCC_HCLKConfig                         0x08003e4c   Section        0  stm32f10x_rcc.o(i.RCC_HCLKConfig)
    i.RCC_HSEConfig                          0x08003e64   Section        0  stm32f10x_rcc.o(i.RCC_HSEConfig)
    i.RCC_PCLK1Config                        0x08003eb0   Section        0  stm32f10x_rcc.o(i.RCC_PCLK1Config)
    i.RCC_PCLK2Config                        0x08003ec8   Section        0  stm32f10x_rcc.o(i.RCC_PCLK2Config)
    i.RCC_PLLCmd                             0x08003ee0   Section        0  stm32f10x_rcc.o(i.RCC_PLLCmd)
    i.RCC_PLLConfig                          0x08003eec   Section        0  stm32f10x_rcc.o(i.RCC_PLLConfig)
    i.RCC_SYSCLKConfig                       0x08003f08   Section        0  stm32f10x_rcc.o(i.RCC_SYSCLKConfig)
    i.RCC_USBCLKConfig                       0x08003f20   Section        0  stm32f10x_rcc.o(i.RCC_USBCLKConfig)
    i.RCC_WaitForHSEStartUp                  0x08003f2c   Section        0  stm32f10x_rcc.o(i.RCC_WaitForHSEStartUp)
    i.RGB_flag_color                         0x08003f64   Section        0  bsp_ws281x.o(i.RGB_flag_color)
    i.Receive_Data                           0x080040f4   Section        0  receive_agreement.o(i.Receive_Data)
    i.SVC_Handler                            0x080041fc   Section        0  stm32f10x_it.o(i.SVC_Handler)
    i.SendChar                               0x08004200   Section        0  usart.o(i.SendChar)
    i.SendString                             0x08004220   Section        0  usart.o(i.SendString)
    i.Send_Data                              0x08004238   Section        0  usart.o(i.Send_Data)
    i.SetSysClock                            0x0800429c   Section        0  system_stm32f10x.o(i.SetSysClock)
    SetSysClock                              0x0800429d   Thumb Code     8  system_stm32f10x.o(i.SetSysClock)
    i.SetSysClockTo72                        0x080042a4   Section        0  system_stm32f10x.o(i.SetSysClockTo72)
    SetSysClockTo72                          0x080042a5   Thumb Code   214  system_stm32f10x.o(i.SetSysClockTo72)
    i.SoftReset                              0x08004384   Section        0  sys.o(i.SoftReset)
    i.SysTick_CLKSourceConfig                0x080043ac   Section        0  misc.o(i.SysTick_CLKSourceConfig)
    i.SysTick_Handler                        0x080043d4   Section        0  stm32f10x_it.o(i.SysTick_Handler)
    i.SystemInit                             0x080043d8   Section        0  system_stm32f10x.o(i.SystemInit)
    i.TIM4_IRQHandler                        0x08004438   Section        0  tim_delay.o(i.TIM4_IRQHandler)
    i.TIM_ClearITPendingBit                  0x08004468   Section        0  stm32f10x_tim.o(i.TIM_ClearITPendingBit)
    i.TIM_DeInit                             0x08004470   Section        0  stm32f10x_tim.o(i.TIM_DeInit)
    i.TIM_GetITStatus                        0x08004658   Section        0  stm32f10x_tim.o(i.TIM_GetITStatus)
    i.USART1_IRQHandler                      0x0800467c   Section        0  usart.o(i.USART1_IRQHandler)
    i.USART2_IRQHandler                      0x08004704   Section        0  usart.o(i.USART2_IRQHandler)
    i.USART3_IRQHandler                      0x08004998   Section        0  usart.o(i.USART3_IRQHandler)
    i.USART_ClearFlag                        0x08004ba4   Section        0  stm32f10x_usart.o(i.USART_ClearFlag)
    i.USART_ClearITPendingBit                0x08004bb6   Section        0  stm32f10x_usart.o(i.USART_ClearITPendingBit)
    i.USART_Cmd                              0x08004bd4   Section        0  stm32f10x_usart.o(i.USART_Cmd)
    i.USART_DMACmd                           0x08004bec   Section        0  stm32f10x_usart.o(i.USART_DMACmd)
    i.USART_DeInit                           0x08004c00   Section        0  stm32f10x_usart.o(i.USART_DeInit)
    i.USART_GetFlagStatus                    0x08004c9c   Section        0  stm32f10x_usart.o(i.USART_GetFlagStatus)
    i.USART_GetITStatus                      0x08004cb6   Section        0  stm32f10x_usart.o(i.USART_GetITStatus)
    i.USART_ITConfig                         0x08004d0a   Section        0  stm32f10x_usart.o(i.USART_ITConfig)
    i.USART_Init                             0x08004d54   Section        0  stm32f10x_usart.o(i.USART_Init)
    i.USART_ReceiveData                      0x08004e2c   Section        0  stm32f10x_usart.o(i.USART_ReceiveData)
    i.USART_SendData                         0x08004e36   Section        0  stm32f10x_usart.o(i.USART_SendData)
    i.USART_SendString                       0x08004e3e   Section        0  usart.o(i.USART_SendString)
    i.USB_HUB_init                           0x08004e78   Section        0  ep.o(i.USB_HUB_init)
    i.UsageFault_Handler                     0x08004ea0   Section        0  stm32f10x_it.o(i.UsageFault_Handler)
    i.__0vsprintf                            0x08004ea4   Section        0  printfa.o(i.__0vsprintf)
    i.__scatterload_copy                     0x08004ec8   Section       14  handlers.o(i.__scatterload_copy)
    i.__scatterload_null                     0x08004ed6   Section        2  handlers.o(i.__scatterload_null)
    i.__scatterload_zeroinit                 0x08004ed8   Section       14  handlers.o(i.__scatterload_zeroinit)
    i._fp_digits                             0x08004ee8   Section        0  printfa.o(i._fp_digits)
    _fp_digits                               0x08004ee9   Thumb Code   334  printfa.o(i._fp_digits)
    i._printf_core                           0x0800504c   Section        0  printfa.o(i._printf_core)
    _printf_core                             0x0800504d   Thumb Code  1744  printfa.o(i._printf_core)
    i._printf_post_padding                   0x08005728   Section        0  printfa.o(i._printf_post_padding)
    _printf_post_padding                     0x08005729   Thumb Code    36  printfa.o(i._printf_post_padding)
    i._printf_pre_padding                    0x0800574c   Section        0  printfa.o(i._printf_pre_padding)
    _printf_pre_padding                      0x0800574d   Thumb Code    46  printfa.o(i._printf_pre_padding)
    i._sputc                                 0x0800577a   Section        0  printfa.o(i._sputc)
    _sputc                                   0x0800577b   Thumb Code    10  printfa.o(i._sputc)
    i.clock_sys_init                         0x08005784   Section        0  clock.o(i.clock_sys_init)
    i.delay_init                             0x080057f8   Section        0  delay.o(i.delay_init)
    i.delay_ms                               0x0800583c   Section        0  delay.o(i.delay_ms)
    i.ep_init                                0x08005888   Section        0  ep.o(i.ep_init)
    i.free                                   0x080058c0   Section        0  malloc.o(i.free)
    i.iap_load_bootload                      0x08005910   Section        0  ep.o(i.iap_load_bootload)
    i.main                                   0x08005974   Section        0  main.o(i.main)
    i.malloc                                 0x08005a7c   Section        0  malloc.o(i.malloc)
    i.pUartHandle_init                       0x08005ae8   Section        0  receive_agreement.o(i.pUartHandle_init)
    i.usart2_dma_tx_init                     0x08005af8   Section        0  usart_dma.o(i.usart2_dma_tx_init)
    i.usart2_init                            0x08005b80   Section        0  usart.o(i.usart2_init)
    i.usart3_dma_tx_init                     0x08005c30   Section        0  usart_dma.o(i.usart3_dma_tx_init)
    i.usart3_init                            0x08005cb8   Section        0  usart.o(i.usart3_init)
    i.ws281x_color                           0x08005d84   Section        0  bsp_ws281x.o(i.ws281x_color)
    i.ws281x_colorWipe                       0x08005d90   Section        0  bsp_ws281x.o(i.ws281x_colorWipe)
    i.ws281x_delay                           0x08005db6   Section        0  bsp_ws281x.o(i.ws281x_delay)
    ws281x_delay                             0x08005db7   Thumb Code    12  bsp_ws281x.o(i.ws281x_delay)
    i.ws281x_init                            0x08005dc4   Section        0  bsp_ws281x.o(i.ws281x_init)
    i.ws281x_sendOne                         0x08005df8   Section        0  bsp_ws281x.o(i.ws281x_sendOne)
    i.ws281x_sendTero                        0x08005e1c   Section        0  bsp_ws281x.o(i.ws281x_sendTero)
    i.ws281x_setPixelColor                   0x08005e40   Section        0  bsp_ws281x.o(i.ws281x_setPixelColor)
    i.ws281x_show                            0x08005e70   Section        0  bsp_ws281x.o(i.ws281x_show)
    .data                                    0x20000000   Section       12  main.o(.data)
    .data                                    0x2000000c   Section       20  system_stm32f10x.o(.data)
    .data                                    0x20000020   Section       20  stm32f10x_rcc.o(.data)
    APBAHBPrescTable                         0x20000020   Data          16  stm32f10x_rcc.o(.data)
    ADCPrescTable                            0x20000030   Data           4  stm32f10x_rcc.o(.data)
    .data                                    0x20000034   Section        4  delay.o(.data)
    fac_us                                   0x20000034   Data           1  delay.o(.data)
    fac_ms                                   0x20000036   Data           2  delay.o(.data)
    .data                                    0x20000038   Section       18  usart.o(.data)
    .data                                    0x2000004c   Section        4  ep.o(.data)
    .data                                    0x20000050   Section        4  usart_dma.o(.data)
    .data                                    0x20000054   Section        4  mvars.o(.data)
    .data                                    0x20000058   Section        4  mvars.o(.data)
    .bss                                     0x2000005c   Section       20  main.o(.bss)
    .bss                                     0x20000070   Section      268  receive_agreement.o(.bss)
    .bss                                     0x20000180   Section    16295  usart.o(.bss)
    .bss                                     0x20004127   Section      120  bsp_ws281x.o(.bss)
    .bss                                     0x2000419f   Section      800  usart_dma.o(.bss)
    HEAP                                     0x200044c0   Section      512  startup_stm32f10x_md.o(HEAP)
    STACK                                    0x200046c0   Section     1024  startup_stm32f10x_md.o(STACK)

    Global Symbols

    Symbol Name                              Value     Ov Type        Size  Object(Section)

    BuildAttributes$$THM_ISAv4$P$D$K$B$S$PE$A:L22UL41UL21$X:L11$S22US41US21$IEEE1$IW$USESV6$~STKCKD$USESV7$~SHL$OSPACE$ROPI$EBA8$MICROLIB$REQ8$PRES8$EABIv2 0x00000000   Number         0  anon$$obj.o ABSOLUTE
    __ARM_use_no_argv                        0x00000000   Number         0  main.o ABSOLUTE
    __use_no_errno                           0x00000000   Number         0  useno.o ABSOLUTE
    __use_no_exception_handling              0x00000000   Number         0  useno.o ABSOLUTE
    __use_no_fp                              0x00000000   Number         0  useno.o ABSOLUTE
    __use_no_heap                            0x00000000   Number         0  useno.o ABSOLUTE
    __use_no_heap_region                     0x00000000   Number         0  useno.o ABSOLUTE
    __use_no_semihosting                     0x00000000   Number         0  useno.o ABSOLUTE
    __use_no_semihosting_swi                 0x00000000   Number         0  useno.o ABSOLUTE
    __use_no_signal_handling                 0x00000000   Number         0  useno.o ABSOLUTE
    __cpp_initialize__aeabi_                  - Undefined Weak Reference
    __cxa_finalize                            - Undefined Weak Reference
    __decompress                              - Undefined Weak Reference
    _clock_init                               - Undefined Weak Reference
    _microlib_exit                            - Undefined Weak Reference
    __Vectors_Size                           0x000000ec   Number         0  startup_stm32f10x_md.o ABSOLUTE
    __Vectors                                0x08003000   Data           4  startup_stm32f10x_md.o(RESET)
    __Vectors_End                            0x080030ec   Data           0  startup_stm32f10x_md.o(RESET)
    __main                                   0x080030ed   Thumb Code     0  entry.o(.ARM.Collect$$$$00000000)
    _main_stk                                0x080030ed   Thumb Code     0  entry2.o(.ARM.Collect$$$$00000001)
    _main_scatterload                        0x080030f1   Thumb Code     0  entry5.o(.ARM.Collect$$$$00000004)
    __main_after_scatterload                 0x080030f5   Thumb Code     0  entry5.o(.ARM.Collect$$$$00000004)
    _main_clock                              0x080030f5   Thumb Code     0  entry7b.o(.ARM.Collect$$$$00000008)
    _main_cpp_init                           0x080030f5   Thumb Code     0  entry8b.o(.ARM.Collect$$$$0000000A)
    _main_init                               0x080030f5   Thumb Code     0  entry9a.o(.ARM.Collect$$$$0000000B)
    __rt_final_cpp                           0x080030fd   Thumb Code     0  entry10a.o(.ARM.Collect$$$$0000000D)
    __rt_final_exit                          0x080030fd   Thumb Code     0  entry11a.o(.ARM.Collect$$$$0000000F)
    WFI_SET                                  0x08003101   Thumb Code     2  sys.o(.emb_text)
    INTX_DISABLE                             0x08003103   Thumb Code     2  sys.o(.emb_text)
    INTX_ENABLE                              0x08003105   Thumb Code     2  sys.o(.emb_text)
    MSR_MSP                                  0x08003107   Thumb Code     6  sys.o(.emb_text)
    Reset_Handler                            0x0800310d   Thumb Code     8  startup_stm32f10x_md.o(.text)
    ADC1_2_IRQHandler                        0x08003127   Thumb Code     0  startup_stm32f10x_md.o(.text)
    CAN1_RX1_IRQHandler                      0x08003127   Thumb Code     0  startup_stm32f10x_md.o(.text)
    CAN1_SCE_IRQHandler                      0x08003127   Thumb Code     0  startup_stm32f10x_md.o(.text)
    DMA1_Channel1_IRQHandler                 0x08003127   Thumb Code     0  startup_stm32f10x_md.o(.text)
    DMA1_Channel3_IRQHandler                 0x08003127   Thumb Code     0  startup_stm32f10x_md.o(.text)
    DMA1_Channel4_IRQHandler                 0x08003127   Thumb Code     0  startup_stm32f10x_md.o(.text)
    DMA1_Channel5_IRQHandler                 0x08003127   Thumb Code     0  startup_stm32f10x_md.o(.text)
    DMA1_Channel6_IRQHandler                 0x08003127   Thumb Code     0  startup_stm32f10x_md.o(.text)
    EXTI0_IRQHandler                         0x08003127   Thumb Code     0  startup_stm32f10x_md.o(.text)
    EXTI15_10_IRQHandler                     0x08003127   Thumb Code     0  startup_stm32f10x_md.o(.text)
    EXTI1_IRQHandler                         0x08003127   Thumb Code     0  startup_stm32f10x_md.o(.text)
    EXTI2_IRQHandler                         0x08003127   Thumb Code     0  startup_stm32f10x_md.o(.text)
    EXTI3_IRQHandler                         0x08003127   Thumb Code     0  startup_stm32f10x_md.o(.text)
    EXTI4_IRQHandler                         0x08003127   Thumb Code     0  startup_stm32f10x_md.o(.text)
    EXTI9_5_IRQHandler                       0x08003127   Thumb Code     0  startup_stm32f10x_md.o(.text)
    FLASH_IRQHandler                         0x08003127   Thumb Code     0  startup_stm32f10x_md.o(.text)
    I2C1_ER_IRQHandler                       0x08003127   Thumb Code     0  startup_stm32f10x_md.o(.text)
    I2C1_EV_IRQHandler                       0x08003127   Thumb Code     0  startup_stm32f10x_md.o(.text)
    I2C2_ER_IRQHandler                       0x08003127   Thumb Code     0  startup_stm32f10x_md.o(.text)
    I2C2_EV_IRQHandler                       0x08003127   Thumb Code     0  startup_stm32f10x_md.o(.text)
    PVD_IRQHandler                           0x08003127   Thumb Code     0  startup_stm32f10x_md.o(.text)
    RCC_IRQHandler                           0x08003127   Thumb Code     0  startup_stm32f10x_md.o(.text)
    RTCAlarm_IRQHandler                      0x08003127   Thumb Code     0  startup_stm32f10x_md.o(.text)
    RTC_IRQHandler                           0x08003127   Thumb Code     0  startup_stm32f10x_md.o(.text)
    SPI1_IRQHandler                          0x08003127   Thumb Code     0  startup_stm32f10x_md.o(.text)
    SPI2_IRQHandler                          0x08003127   Thumb Code     0  startup_stm32f10x_md.o(.text)
    TAMPER_IRQHandler                        0x08003127   Thumb Code     0  startup_stm32f10x_md.o(.text)
    TIM1_BRK_IRQHandler                      0x08003127   Thumb Code     0  startup_stm32f10x_md.o(.text)
    TIM1_CC_IRQHandler                       0x08003127   Thumb Code     0  startup_stm32f10x_md.o(.text)
    TIM1_TRG_COM_IRQHandler                  0x08003127   Thumb Code     0  startup_stm32f10x_md.o(.text)
    TIM1_UP_IRQHandler                       0x08003127   Thumb Code     0  startup_stm32f10x_md.o(.text)
    TIM2_IRQHandler                          0x08003127   Thumb Code     0  startup_stm32f10x_md.o(.text)
    TIM3_IRQHandler                          0x08003127   Thumb Code     0  startup_stm32f10x_md.o(.text)
    USBWakeUp_IRQHandler                     0x08003127   Thumb Code     0  startup_stm32f10x_md.o(.text)
    USB_HP_CAN1_TX_IRQHandler                0x08003127   Thumb Code     0  startup_stm32f10x_md.o(.text)
    USB_LP_CAN1_RX0_IRQHandler               0x08003127   Thumb Code     0  startup_stm32f10x_md.o(.text)
    WWDG_IRQHandler                          0x08003127   Thumb Code     0  startup_stm32f10x_md.o(.text)
    strlen                                   0x08003131   Thumb Code    14  strlen.o(.text)
    strcmp                                   0x0800313f   Thumb Code    28  strcmp.o(.text)
    strcpy                                   0x0800315b   Thumb Code    18  strcpy.o(.text)
    __aeabi_uidiv                            0x0800316d   Thumb Code     0  uidiv.o(.text)
    __aeabi_uidivmod                         0x0800316d   Thumb Code    44  uidiv.o(.text)
    __aeabi_uldivmod                         0x08003199   Thumb Code    98  uldiv.o(.text)
    __I$use$fp                               0x080031fb   Thumb Code     0  iusefp.o(.text)
    __aeabi_dadd                             0x080031fb   Thumb Code   322  dadd.o(.text)
    __aeabi_dsub                             0x0800333d   Thumb Code     6  dadd.o(.text)
    __aeabi_drsub                            0x08003343   Thumb Code     6  dadd.o(.text)
    __aeabi_dmul                             0x08003349   Thumb Code   228  dmul.o(.text)
    __aeabi_ddiv                             0x0800342d   Thumb Code   222  ddiv.o(.text)
    __aeabi_d2ulz                            0x0800350b   Thumb Code    48  dfixul.o(.text)
    __aeabi_cdrcmple                         0x0800353d   Thumb Code    48  cdrcmple.o(.text)
    __scatterload                            0x0800356d   Thumb Code    28  init.o(.text)
    __scatterload_rt2                        0x0800356d   Thumb Code     0  init.o(.text)
    __aeabi_llsl                             0x08003591   Thumb Code    30  llshl.o(.text)
    _ll_shift_l                              0x08003591   Thumb Code     0  llshl.o(.text)
    __aeabi_llsr                             0x080035af   Thumb Code    32  llushr.o(.text)
    _ll_ushift_r                             0x080035af   Thumb Code     0  llushr.o(.text)
    __aeabi_lasr                             0x080035cf   Thumb Code    36  llsshr.o(.text)
    _ll_sshift_r                             0x080035cf   Thumb Code     0  llsshr.o(.text)
    _double_round                            0x080035f3   Thumb Code    30  depilogue.o(.text)
    _double_epilogue                         0x08003611   Thumb Code   156  depilogue.o(.text)
    BusFault_Handler                         0x080036ad   Thumb Code     4  stm32f10x_it.o(i.BusFault_Handler)
    DMA1_Channel2_IRQHandler                 0x080036b1   Thumb Code    40  usart_dma.o(i.DMA1_Channel2_IRQHandler)
    DMA1_Channel7_IRQHandler                 0x080036e5   Thumb Code    44  usart_dma.o(i.DMA1_Channel7_IRQHandler)
    DMA_ClearITPendingBit                    0x0800371d   Thumb Code    18  stm32f10x_dma.o(i.DMA_ClearITPendingBit)
    DMA_Cmd                                  0x08003739   Thumb Code    24  stm32f10x_dma.o(i.DMA_Cmd)
    DMA_DeInit                               0x08003751   Thumb Code   324  stm32f10x_dma.o(i.DMA_DeInit)
    DMA_GetITStatus                          0x0800389d   Thumb Code    36  stm32f10x_dma.o(i.DMA_GetITStatus)
    DMA_ITConfig                             0x080038c9   Thumb Code    18  stm32f10x_dma.o(i.DMA_ITConfig)
    DMA_Init                                 0x080038db   Thumb Code    60  stm32f10x_dma.o(i.DMA_Init)
    DMA_USART2_Tx_Data                       0x08003919   Thumb Code    46  usart_dma.o(i.DMA_USART2_Tx_Data)
    DMA_USART3_Tx_Data                       0x08003951   Thumb Code    40  usart_dma.o(i.DMA_USART3_Tx_Data)
    DebugMon_Handler                         0x08003981   Thumb Code     2  stm32f10x_it.o(i.DebugMon_Handler)
    FLASH_PrefetchBufferCmd                  0x08003985   Thumb Code    22  stm32f10x_flash.o(i.FLASH_PrefetchBufferCmd)
    FLASH_SetLatency                         0x080039a1   Thumb Code    18  stm32f10x_flash.o(i.FLASH_SetLatency)
    GPIO_Init                                0x080039b9   Thumb Code   278  stm32f10x_gpio.o(i.GPIO_Init)
    GPIO_PinRemapConfig                      0x08003ad1   Thumb Code   138  stm32f10x_gpio.o(i.GPIO_PinRemapConfig)
    GPIO_ReadInputDataBit                    0x08003b61   Thumb Code    18  stm32f10x_gpio.o(i.GPIO_ReadInputDataBit)
    GPIO_ResetBits                           0x08003b73   Thumb Code     4  stm32f10x_gpio.o(i.GPIO_ResetBits)
    HardFault_Handler                        0x08003b77   Thumb Code     4  stm32f10x_it.o(i.HardFault_Handler)
    Init_data_array                          0x08003b7b   Thumb Code    20  receive_agreement.o(i.Init_data_array)
    MemManage_Handler                        0x08003b8f   Thumb Code     4  stm32f10x_it.o(i.MemManage_Handler)
    NMI_Handler                              0x08003b93   Thumb Code     2  stm32f10x_it.o(i.NMI_Handler)
    NVIC_Configuration                       0x08003b95   Thumb Code    12  sys.o(i.NVIC_Configuration)
    NVIC_Init                                0x08003ba1   Thumb Code   100  misc.o(i.NVIC_Init)
    NVIC_PriorityGroupConfig                 0x08003c11   Thumb Code    10  misc.o(i.NVIC_PriorityGroupConfig)
    PendSV_Handler                           0x08003c25   Thumb Code     2  stm32f10x_it.o(i.PendSV_Handler)
    RCC_ADCCLKConfig                         0x08003c29   Thumb Code    18  stm32f10x_rcc.o(i.RCC_ADCCLKConfig)
    RCC_AHBPeriphClockCmd                    0x08003c41   Thumb Code    26  stm32f10x_rcc.o(i.RCC_AHBPeriphClockCmd)
    RCC_APB1PeriphClockCmd                   0x08003c61   Thumb Code    26  stm32f10x_rcc.o(i.RCC_APB1PeriphClockCmd)
    RCC_APB1PeriphResetCmd                   0x08003c81   Thumb Code    26  stm32f10x_rcc.o(i.RCC_APB1PeriphResetCmd)
    RCC_APB2PeriphClockCmd                   0x08003ca1   Thumb Code    26  stm32f10x_rcc.o(i.RCC_APB2PeriphClockCmd)
    RCC_APB2PeriphResetCmd                   0x08003cc1   Thumb Code    26  stm32f10x_rcc.o(i.RCC_APB2PeriphResetCmd)
    RCC_DeInit                               0x08003ce1   Thumb Code    64  stm32f10x_rcc.o(i.RCC_DeInit)
    RCC_GetClocksFreq                        0x08003d2d   Thumb Code   192  stm32f10x_rcc.o(i.RCC_GetClocksFreq)
    RCC_GetFlagStatus                        0x08003e01   Thumb Code    56  stm32f10x_rcc.o(i.RCC_GetFlagStatus)
    RCC_GetSYSCLKSource                      0x08003e3d   Thumb Code    10  stm32f10x_rcc.o(i.RCC_GetSYSCLKSource)
    RCC_HCLKConfig                           0x08003e4d   Thumb Code    18  stm32f10x_rcc.o(i.RCC_HCLKConfig)
    RCC_HSEConfig                            0x08003e65   Thumb Code    70  stm32f10x_rcc.o(i.RCC_HSEConfig)
    RCC_PCLK1Config                          0x08003eb1   Thumb Code    18  stm32f10x_rcc.o(i.RCC_PCLK1Config)
    RCC_PCLK2Config                          0x08003ec9   Thumb Code    20  stm32f10x_rcc.o(i.RCC_PCLK2Config)
    RCC_PLLCmd                               0x08003ee1   Thumb Code     6  stm32f10x_rcc.o(i.RCC_PLLCmd)
    RCC_PLLConfig                            0x08003eed   Thumb Code    24  stm32f10x_rcc.o(i.RCC_PLLConfig)
    RCC_SYSCLKConfig                         0x08003f09   Thumb Code    18  stm32f10x_rcc.o(i.RCC_SYSCLKConfig)
    RCC_USBCLKConfig                         0x08003f21   Thumb Code     6  stm32f10x_rcc.o(i.RCC_USBCLKConfig)
    RCC_WaitForHSEStartUp                    0x08003f2d   Thumb Code    56  stm32f10x_rcc.o(i.RCC_WaitForHSEStartUp)
    RGB_flag_color                           0x08003f65   Thumb Code   334  bsp_ws281x.o(i.RGB_flag_color)
    Receive_Data                             0x080040f5   Thumb Code   258  receive_agreement.o(i.Receive_Data)
    SVC_Handler                              0x080041fd   Thumb Code     2  stm32f10x_it.o(i.SVC_Handler)
    SendChar                                 0x08004201   Thumb Code    28  usart.o(i.SendChar)
    SendString                               0x08004221   Thumb Code    22  usart.o(i.SendString)
    Send_Data                                0x08004239   Thumb Code    94  usart.o(i.Send_Data)
    SoftReset                                0x08004385   Thumb Code    32  sys.o(i.SoftReset)
    SysTick_CLKSourceConfig                  0x080043ad   Thumb Code    40  misc.o(i.SysTick_CLKSourceConfig)
    SysTick_Handler                          0x080043d5   Thumb Code     2  stm32f10x_it.o(i.SysTick_Handler)
    SystemInit                               0x080043d9   Thumb Code    78  system_stm32f10x.o(i.SystemInit)
    TIM4_IRQHandler                          0x08004439   Thumb Code    40  tim_delay.o(i.TIM4_IRQHandler)
    TIM_ClearITPendingBit                    0x08004469   Thumb Code     6  stm32f10x_tim.o(i.TIM_ClearITPendingBit)
    TIM_DeInit                               0x08004471   Thumb Code   424  stm32f10x_tim.o(i.TIM_DeInit)
    TIM_GetITStatus                          0x08004659   Thumb Code    34  stm32f10x_tim.o(i.TIM_GetITStatus)
    USART1_IRQHandler                        0x0800467d   Thumb Code   122  usart.o(i.USART1_IRQHandler)
    USART2_IRQHandler                        0x08004705   Thumb Code   446  usart.o(i.USART2_IRQHandler)
    USART3_IRQHandler                        0x08004999   Thumb Code   306  usart.o(i.USART3_IRQHandler)
    USART_ClearFlag                          0x08004ba5   Thumb Code    18  stm32f10x_usart.o(i.USART_ClearFlag)
    USART_ClearITPendingBit                  0x08004bb7   Thumb Code    30  stm32f10x_usart.o(i.USART_ClearITPendingBit)
    USART_Cmd                                0x08004bd5   Thumb Code    24  stm32f10x_usart.o(i.USART_Cmd)
    USART_DMACmd                             0x08004bed   Thumb Code    18  stm32f10x_usart.o(i.USART_DMACmd)
    USART_DeInit                             0x08004c01   Thumb Code   134  stm32f10x_usart.o(i.USART_DeInit)
    USART_GetFlagStatus                      0x08004c9d   Thumb Code    26  stm32f10x_usart.o(i.USART_GetFlagStatus)
    USART_GetITStatus                        0x08004cb7   Thumb Code    84  stm32f10x_usart.o(i.USART_GetITStatus)
    USART_ITConfig                           0x08004d0b   Thumb Code    74  stm32f10x_usart.o(i.USART_ITConfig)
    USART_Init                               0x08004d55   Thumb Code   210  stm32f10x_usart.o(i.USART_Init)
    USART_ReceiveData                        0x08004e2d   Thumb Code    10  stm32f10x_usart.o(i.USART_ReceiveData)
    USART_SendData                           0x08004e37   Thumb Code     8  stm32f10x_usart.o(i.USART_SendData)
    USART_SendString                         0x08004e3f   Thumb Code    58  usart.o(i.USART_SendString)
    USB_HUB_init                             0x08004e79   Thumb Code    34  ep.o(i.USB_HUB_init)
    UsageFault_Handler                       0x08004ea1   Thumb Code     4  stm32f10x_it.o(i.UsageFault_Handler)
    __0vsprintf                              0x08004ea5   Thumb Code    30  printfa.o(i.__0vsprintf)
    __1vsprintf                              0x08004ea5   Thumb Code     0  printfa.o(i.__0vsprintf)
    __2vsprintf                              0x08004ea5   Thumb Code     0  printfa.o(i.__0vsprintf)
    __c89vsprintf                            0x08004ea5   Thumb Code     0  printfa.o(i.__0vsprintf)
    vsprintf                                 0x08004ea5   Thumb Code     0  printfa.o(i.__0vsprintf)
    __scatterload_copy                       0x08004ec9   Thumb Code    14  handlers.o(i.__scatterload_copy)
    __scatterload_null                       0x08004ed7   Thumb Code     2  handlers.o(i.__scatterload_null)
    __scatterload_zeroinit                   0x08004ed9   Thumb Code    14  handlers.o(i.__scatterload_zeroinit)
    clock_sys_init                           0x08005785   Thumb Code   114  clock.o(i.clock_sys_init)
    delay_init                               0x080057f9   Thumb Code    50  delay.o(i.delay_init)
    delay_ms                                 0x0800583d   Thumb Code    72  delay.o(i.delay_ms)
    ep_init                                  0x08005889   Thumb Code    52  ep.o(i.ep_init)
    free                                     0x080058c1   Thumb Code    76  malloc.o(i.free)
    iap_load_bootload                        0x08005911   Thumb Code    74  ep.o(i.iap_load_bootload)
    main                                     0x08005975   Thumb Code   208  main.o(i.main)
    malloc                                   0x08005a7d   Thumb Code    92  malloc.o(i.malloc)
    pUartHandle_init                         0x08005ae9   Thumb Code    12  receive_agreement.o(i.pUartHandle_init)
    usart2_dma_tx_init                       0x08005af9   Thumb Code   122  usart_dma.o(i.usart2_dma_tx_init)
    usart2_init                              0x08005b81   Thumb Code   166  usart.o(i.usart2_init)
    usart3_dma_tx_init                       0x08005c31   Thumb Code   124  usart_dma.o(i.usart3_dma_tx_init)
    usart3_init                              0x08005cb9   Thumb Code   192  usart.o(i.usart3_init)
    ws281x_color                             0x08005d85   Thumb Code    12  bsp_ws281x.o(i.ws281x_color)
    ws281x_colorWipe                         0x08005d91   Thumb Code    38  bsp_ws281x.o(i.ws281x_colorWipe)
    ws281x_init                              0x08005dc5   Thumb Code    46  bsp_ws281x.o(i.ws281x_init)
    ws281x_sendOne                           0x08005df9   Thumb Code    30  bsp_ws281x.o(i.ws281x_sendOne)
    ws281x_sendTero                          0x08005e1d   Thumb Code    30  bsp_ws281x.o(i.ws281x_sendTero)
    ws281x_setPixelColor                     0x08005e41   Thumb Code    44  bsp_ws281x.o(i.ws281x_setPixelColor)
    ws281x_show                              0x08005e71   Thumb Code    54  bsp_ws281x.o(i.ws281x_show)
    Region$$Table$$Base                      0x08005eac   Number         0  anon$$obj.o(Region$$Table)
    Region$$Table$$Limit                     0x08005ecc   Number         0  anon$$obj.o(Region$$Table)
    flag_bootload                            0x20000000   Data           1  main.o(.data)
    flag                                     0x20000001   Data           1  main.o(.data)
    temp                                     0x20000002   Data           2  main.o(.data)
    temp1                                    0x20000004   Data           2  main.o(.data)
    time_delay_ms                            0x20000006   Data           1  main.o(.data)
    USB_HUB_2_2                              0x20000007   Data           1  main.o(.data)
    y                                        0x20000008   Data           4  main.o(.data)
    SystemCoreClock                          0x2000000c   Data           4  system_stm32f10x.o(.data)
    AHBPrescTable                            0x20000010   Data          16  system_stm32f10x.o(.data)
    RX_Value                                 0x20000038   Data           4  usart.o(.data)
    USART2_RX_STA                            0x2000003c   Data           2  usart.o(.data)
    USART3_RX_STA                            0x2000003e   Data           2  usart.o(.data)
    state                                    0x20000040   Data           4  usart.o(.data)
    __stdout                                 0x20000044   Data           4  usart.o(.data)
    USART_RX_STA                             0x20000048   Data           2  usart.o(.data)
    jump2app                                 0x2000004c   Data           4  ep.o(.data)
    witchbuf                                 0x20000050   Data           1  usart_dma.o(.data)
    USART2_DMA_RX_FLAG                       0x20000051   Data           1  usart_dma.o(.data)
    USART2_DMA_TX_FLAG                       0x20000052   Data           1  usart_dma.o(.data)
    USART3_DMA_TX_FLAG                       0x20000053   Data           1  usart_dma.o(.data)
    __microlib_freelist                      0x20000054   Data           4  mvars.o(.data)
    __microlib_freelist_initialised          0x20000058   Data           4  mvars.o(.data)
    data                                     0x2000005c   Data          20  main.o(.bss)
    pUartHandle                              0x20000070   Data         268  receive_agreement.o(.bss)
    send_str                                 0x20000180   Data         256  usart.o(.bss)
    data1                                    0x20000280   Data          20  usart.o(.bss)
    USART2_RX_BUF                            0x20000294   Data       15360  usart.o(.bss)
    USART3_RX_BUF                            0x20003e94   Data         200  usart.o(.bss)
    USART3_TX_BUF                            0x20003f60   Data         200  usart.o(.bss)
    DataScope_OutPut_Buffer                  0x20004028   Data          42  usart.o(.bss)
    pstr                                     0x20004052   Data          13  usart.o(.bss)
    USART_RX_BUF                             0x2000405f   Data         200  usart.o(.bss)
    pixelBuffer                              0x20004127   Data         120  bsp_ws281x.o(.bss)
    USART2_DMA_TX_BUF                        0x2000419f   Data         200  usart_dma.o(.bss)
    USART3_DMA_TX_BUF                        0x20004267   Data         200  usart_dma.o(.bss)
    u1rxbuf                                  0x2000432f   Data         200  usart_dma.o(.bss)
    u2rxbuf                                  0x200043f7   Data         200  usart_dma.o(.bss)
    __heap_base                              0x200044c0   Data           0  startup_stm32f10x_md.o(HEAP)
    __heap_limit                             0x200046c0   Data           0  startup_stm32f10x_md.o(HEAP)
    __initial_sp                             0x20004ac0   Data           0  startup_stm32f10x_md.o(STACK)



==============================================================================

Memory Map of the image

  Image Entry point : 0x080030ed

  Load Region LR_IROM1 (Base: 0x08003000, Size: 0x00002f28, Max: 0x0001ffff, ABSOLUTE)

    Execution Region ER_IROM1 (Base: 0x08003000, Size: 0x00002ecc, Max: 0x0001ffff, ABSOLUTE)

    Base Addr    Size         Type   Attr      Idx    E Section Name        Object

    0x08003000   0x000000ec   Data   RO           19    RESET               startup_stm32f10x_md.o
    0x080030ec   0x00000000   Code   RO         3717  * .ARM.Collect$$$$00000000  mc_w.l(entry.o)
    0x080030ec   0x00000004   Code   RO         3782    .ARM.Collect$$$$00000001  mc_w.l(entry2.o)
    0x080030f0   0x00000004   Code   RO         3785    .ARM.Collect$$$$00000004  mc_w.l(entry5.o)
    0x080030f4   0x00000000   Code   RO         3787    .ARM.Collect$$$$00000008  mc_w.l(entry7b.o)
    0x080030f4   0x00000000   Code   RO         3789    .ARM.Collect$$$$0000000A  mc_w.l(entry8b.o)
    0x080030f4   0x00000008   Code   RO         3790    .ARM.Collect$$$$0000000B  mc_w.l(entry9a.o)
    0x080030fc   0x00000000   Code   RO         3792    .ARM.Collect$$$$0000000D  mc_w.l(entry10a.o)
    0x080030fc   0x00000000   Code   RO         3794    .ARM.Collect$$$$0000000F  mc_w.l(entry11a.o)
    0x080030fc   0x00000004   Code   RO         3783    .ARM.Collect$$$$00002712  mc_w.l(entry2.o)
    0x08003100   0x0000000c   Code   RO         3271    .emb_text           sys.o
    0x0800310c   0x00000024   Code   RO           20    .text               startup_stm32f10x_md.o
    0x08003130   0x0000000e   Code   RO         3720    .text               mc_w.l(strlen.o)
    0x0800313e   0x0000001c   Code   RO         3722    .text               mc_w.l(strcmp.o)
    0x0800315a   0x00000012   Code   RO         3724    .text               mc_w.l(strcpy.o)
    0x0800316c   0x0000002c   Code   RO         3796    .text               mc_w.l(uidiv.o)
    0x08003198   0x00000062   Code   RO         3798    .text               mc_w.l(uldiv.o)
    0x080031fa   0x00000000   Code   RO         3806    .text               mc_w.l(iusefp.o)
    0x080031fa   0x0000014e   Code   RO         3807    .text               mf_w.l(dadd.o)
    0x08003348   0x000000e4   Code   RO         3809    .text               mf_w.l(dmul.o)
    0x0800342c   0x000000de   Code   RO         3811    .text               mf_w.l(ddiv.o)
    0x0800350a   0x00000030   Code   RO         3813    .text               mf_w.l(dfixul.o)
    0x0800353a   0x00000002   PAD
    0x0800353c   0x00000030   Code   RO         3815    .text               mf_w.l(cdrcmple.o)
    0x0800356c   0x00000024   Code   RO         3817    .text               mc_w.l(init.o)
    0x08003590   0x0000001e   Code   RO         3819    .text               mc_w.l(llshl.o)
    0x080035ae   0x00000020   Code   RO         3821    .text               mc_w.l(llushr.o)
    0x080035ce   0x00000024   Code   RO         3823    .text               mc_w.l(llsshr.o)
    0x080035f2   0x000000ba   Code   RO         3825    .text               mf_w.l(depilogue.o)
    0x080036ac   0x00000004   Code   RO          158    i.BusFault_Handler  stm32f10x_it.o
    0x080036b0   0x00000034   Code   RO         3659    i.DMA1_Channel2_IRQHandler  usart_dma.o
    0x080036e4   0x00000038   Code   RO         3660    i.DMA1_Channel7_IRQHandler  usart_dma.o
    0x0800371c   0x0000001c   Code   RO         1004    i.DMA_ClearITPendingBit  stm32f10x_dma.o
    0x08003738   0x00000018   Code   RO         1005    i.DMA_Cmd           stm32f10x_dma.o
    0x08003750   0x0000014c   Code   RO         1006    i.DMA_DeInit        stm32f10x_dma.o
    0x0800389c   0x0000002c   Code   RO         1009    i.DMA_GetITStatus   stm32f10x_dma.o
    0x080038c8   0x00000012   Code   RO         1010    i.DMA_ITConfig      stm32f10x_dma.o
    0x080038da   0x0000003c   Code   RO         1011    i.DMA_Init          stm32f10x_dma.o
    0x08003916   0x00000002   PAD
    0x08003918   0x00000038   Code   RO         3661    i.DMA_USART2_Tx_Data  usart_dma.o
    0x08003950   0x00000030   Code   RO         3662    i.DMA_USART3_Tx_Data  usart_dma.o
    0x08003980   0x00000002   Code   RO          159    i.DebugMon_Handler  stm32f10x_it.o
    0x08003982   0x00000002   PAD
    0x08003984   0x0000001c   Code   RO         1146    i.FLASH_PrefetchBufferCmd  stm32f10x_flash.o
    0x080039a0   0x00000018   Code   RO         1151    i.FLASH_SetLatency  stm32f10x_flash.o
    0x080039b8   0x00000116   Code   RO         1429    i.GPIO_Init         stm32f10x_gpio.o
    0x08003ace   0x00000002   PAD
    0x08003ad0   0x00000090   Code   RO         1431    i.GPIO_PinRemapConfig  stm32f10x_gpio.o
    0x08003b60   0x00000012   Code   RO         1433    i.GPIO_ReadInputDataBit  stm32f10x_gpio.o
    0x08003b72   0x00000004   Code   RO         1436    i.GPIO_ResetBits    stm32f10x_gpio.o
    0x08003b76   0x00000004   Code   RO          160    i.HardFault_Handler  stm32f10x_it.o
    0x08003b7a   0x00000014   Code   RO         3297    i.Init_data_array   receive_agreement.o
    0x08003b8e   0x00000004   Code   RO          161    i.MemManage_Handler  stm32f10x_it.o
    0x08003b92   0x00000002   Code   RO          162    i.NMI_Handler       stm32f10x_it.o
    0x08003b94   0x0000000c   Code   RO         3272    i.NVIC_Configuration  sys.o
    0x08003ba0   0x00000070   Code   RO          252    i.NVIC_Init         misc.o
    0x08003c10   0x00000014   Code   RO          253    i.NVIC_PriorityGroupConfig  misc.o
    0x08003c24   0x00000002   Code   RO          163    i.PendSV_Handler    stm32f10x_it.o
    0x08003c26   0x00000002   PAD
    0x08003c28   0x00000018   Code   RO         1843    i.RCC_ADCCLKConfig  stm32f10x_rcc.o
    0x08003c40   0x00000020   Code   RO         1844    i.RCC_AHBPeriphClockCmd  stm32f10x_rcc.o
    0x08003c60   0x00000020   Code   RO         1845    i.RCC_APB1PeriphClockCmd  stm32f10x_rcc.o
    0x08003c80   0x00000020   Code   RO         1846    i.RCC_APB1PeriphResetCmd  stm32f10x_rcc.o
    0x08003ca0   0x00000020   Code   RO         1847    i.RCC_APB2PeriphClockCmd  stm32f10x_rcc.o
    0x08003cc0   0x00000020   Code   RO         1848    i.RCC_APB2PeriphResetCmd  stm32f10x_rcc.o
    0x08003ce0   0x0000004c   Code   RO         1854    i.RCC_DeInit        stm32f10x_rcc.o
    0x08003d2c   0x000000d4   Code   RO         1855    i.RCC_GetClocksFreq  stm32f10x_rcc.o
    0x08003e00   0x0000003c   Code   RO         1856    i.RCC_GetFlagStatus  stm32f10x_rcc.o
    0x08003e3c   0x00000010   Code   RO         1858    i.RCC_GetSYSCLKSource  stm32f10x_rcc.o
    0x08003e4c   0x00000018   Code   RO         1859    i.RCC_HCLKConfig    stm32f10x_rcc.o
    0x08003e64   0x0000004c   Code   RO         1860    i.RCC_HSEConfig     stm32f10x_rcc.o
    0x08003eb0   0x00000018   Code   RO         1866    i.RCC_PCLK1Config   stm32f10x_rcc.o
    0x08003ec8   0x00000018   Code   RO         1867    i.RCC_PCLK2Config   stm32f10x_rcc.o
    0x08003ee0   0x0000000c   Code   RO         1868    i.RCC_PLLCmd        stm32f10x_rcc.o
    0x08003eec   0x0000001c   Code   RO         1869    i.RCC_PLLConfig     stm32f10x_rcc.o
    0x08003f08   0x00000018   Code   RO         1872    i.RCC_SYSCLKConfig  stm32f10x_rcc.o
    0x08003f20   0x0000000c   Code   RO         1873    i.RCC_USBCLKConfig  stm32f10x_rcc.o
    0x08003f2c   0x00000038   Code   RO         1874    i.RCC_WaitForHSEStartUp  stm32f10x_rcc.o
    0x08003f64   0x00000190   Code   RO         3496    i.RGB_flag_color    bsp_ws281x.o
    0x080040f4   0x00000108   Code   RO         3298    i.Receive_Data      receive_agreement.o
    0x080041fc   0x00000002   Code   RO          164    i.SVC_Handler       stm32f10x_it.o
    0x080041fe   0x00000002   PAD
    0x08004200   0x00000020   Code   RO         3330    i.SendChar          usart.o
    0x08004220   0x00000016   Code   RO         3331    i.SendString        usart.o
    0x08004236   0x00000002   PAD
    0x08004238   0x00000064   Code   RO         3332    i.Send_Data         usart.o
    0x0800429c   0x00000008   Code   RO          218    i.SetSysClock       system_stm32f10x.o
    0x080042a4   0x000000e0   Code   RO          219    i.SetSysClockTo72   system_stm32f10x.o
    0x08004384   0x00000028   Code   RO         3273    i.SoftReset         sys.o
    0x080043ac   0x00000028   Code   RO          256    i.SysTick_CLKSourceConfig  misc.o
    0x080043d4   0x00000002   Code   RO          165    i.SysTick_Handler   stm32f10x_it.o
    0x080043d6   0x00000002   PAD
    0x080043d8   0x00000060   Code   RO          221    i.SystemInit        system_stm32f10x.o
    0x08004438   0x00000030   Code   RO         3625    i.TIM4_IRQHandler   tim_delay.o
    0x08004468   0x00000006   Code   RO         2474    i.TIM_ClearITPendingBit  stm32f10x_tim.o
    0x0800446e   0x00000002   PAD
    0x08004470   0x000001e8   Code   RO         2484    i.TIM_DeInit        stm32f10x_tim.o
    0x08004658   0x00000022   Code   RO         2500    i.TIM_GetITStatus   stm32f10x_tim.o
    0x0800467a   0x00000002   PAD
    0x0800467c   0x00000088   Code   RO         3335    i.USART1_IRQHandler  usart.o
    0x08004704   0x00000294   Code   RO         3336    i.USART2_IRQHandler  usart.o
    0x08004998   0x0000020c   Code   RO         3337    i.USART3_IRQHandler  usart.o
    0x08004ba4   0x00000012   Code   RO         3011    i.USART_ClearFlag   stm32f10x_usart.o
    0x08004bb6   0x0000001e   Code   RO         3012    i.USART_ClearITPendingBit  stm32f10x_usart.o
    0x08004bd4   0x00000018   Code   RO         3015    i.USART_Cmd         stm32f10x_usart.o
    0x08004bec   0x00000012   Code   RO         3016    i.USART_DMACmd      stm32f10x_usart.o
    0x08004bfe   0x00000002   PAD
    0x08004c00   0x0000009c   Code   RO         3017    i.USART_DeInit      stm32f10x_usart.o
    0x08004c9c   0x0000001a   Code   RO         3018    i.USART_GetFlagStatus  stm32f10x_usart.o
    0x08004cb6   0x00000054   Code   RO         3019    i.USART_GetITStatus  stm32f10x_usart.o
    0x08004d0a   0x0000004a   Code   RO         3021    i.USART_ITConfig    stm32f10x_usart.o
    0x08004d54   0x000000d8   Code   RO         3022    i.USART_Init        stm32f10x_usart.o
    0x08004e2c   0x0000000a   Code   RO         3029    i.USART_ReceiveData  stm32f10x_usart.o
    0x08004e36   0x00000008   Code   RO         3032    i.USART_SendData    stm32f10x_usart.o
    0x08004e3e   0x0000003a   Code   RO         3338    i.USART_SendString  usart.o
    0x08004e78   0x00000028   Code   RO         3468    i.USB_HUB_init      ep.o
    0x08004ea0   0x00000004   Code   RO          166    i.UsageFault_Handler  stm32f10x_it.o
    0x08004ea4   0x00000024   Code   RO         3733    i.__0vsprintf       mc_w.l(printfa.o)
    0x08004ec8   0x0000000e   Code   RO         3829    i.__scatterload_copy  mc_w.l(handlers.o)
    0x08004ed6   0x00000002   Code   RO         3830    i.__scatterload_null  mc_w.l(handlers.o)
    0x08004ed8   0x0000000e   Code   RO         3831    i.__scatterload_zeroinit  mc_w.l(handlers.o)
    0x08004ee6   0x00000002   PAD
    0x08004ee8   0x00000164   Code   RO         3734    i._fp_digits        mc_w.l(printfa.o)
    0x0800504c   0x000006dc   Code   RO         3735    i._printf_core      mc_w.l(printfa.o)
    0x08005728   0x00000024   Code   RO         3736    i._printf_post_padding  mc_w.l(printfa.o)
    0x0800574c   0x0000002e   Code   RO         3737    i._printf_pre_padding  mc_w.l(printfa.o)
    0x0800577a   0x0000000a   Code   RO         3739    i._sputc            mc_w.l(printfa.o)
    0x08005784   0x00000072   Code   RO         3647    i.clock_sys_init    clock.o
    0x080057f6   0x00000002   PAD
    0x080057f8   0x00000044   Code   RO         3245    i.delay_init        delay.o
    0x0800583c   0x0000004c   Code   RO         3246    i.delay_ms          delay.o
    0x08005888   0x00000038   Code   RO         3469    i.ep_init           ep.o
    0x080058c0   0x00000050   Code   RO         3754    i.free              mc_w.l(malloc.o)
    0x08005910   0x00000064   Code   RO         3470    i.iap_load_bootload  ep.o
    0x08005974   0x00000108   Code   RO           24    i.main              main.o
    0x08005a7c   0x0000006c   Code   RO         3755    i.malloc            mc_w.l(malloc.o)
    0x08005ae8   0x00000010   Code   RO         3299    i.pUartHandle_init  receive_agreement.o
    0x08005af8   0x00000088   Code   RO         3665    i.usart2_dma_tx_init  usart_dma.o
    0x08005b80   0x000000b0   Code   RO         3346    i.usart2_init       usart.o
    0x08005c30   0x00000088   Code   RO         3666    i.usart3_dma_tx_init  usart_dma.o
    0x08005cb8   0x000000cc   Code   RO         3347    i.usart3_init       usart.o
    0x08005d84   0x0000000c   Code   RO         3499    i.ws281x_color      bsp_ws281x.o
    0x08005d90   0x00000026   Code   RO         3500    i.ws281x_colorWipe  bsp_ws281x.o
    0x08005db6   0x0000000c   Code   RO         3501    i.ws281x_delay      bsp_ws281x.o
    0x08005dc2   0x00000002   PAD
    0x08005dc4   0x00000034   Code   RO         3502    i.ws281x_init       bsp_ws281x.o
    0x08005df8   0x00000024   Code   RO         3505    i.ws281x_sendOne    bsp_ws281x.o
    0x08005e1c   0x00000024   Code   RO         3507    i.ws281x_sendTero   bsp_ws281x.o
    0x08005e40   0x00000030   Code   RO         3508    i.ws281x_setPixelColor  bsp_ws281x.o
    0x08005e70   0x0000003c   Code   RO         3510    i.ws281x_show       bsp_ws281x.o
    0x08005eac   0x00000020   Data   RO         3827    Region$$Table       anon$$obj.o


    Execution Region RW_IRAM1 (Base: 0x20000000, Size: 0x00004ac0, Max: 0x00005000, ABSOLUTE)

    Base Addr    Size         Type   Attr      Idx    E Section Name        Object

    0x20000000   0x0000000c   Data   RW           26    .data               main.o
    0x2000000c   0x00000014   Data   RW          222    .data               system_stm32f10x.o
    0x20000020   0x00000014   Data   RW         1875    .data               stm32f10x_rcc.o
    0x20000034   0x00000004   Data   RW         3248    .data               delay.o
    0x20000038   0x00000012   Data   RW         3349    .data               usart.o
    0x2000004a   0x00000002   PAD
    0x2000004c   0x00000004   Data   RW         3471    .data               ep.o
    0x20000050   0x00000004   Data   RW         3668    .data               usart_dma.o
    0x20000054   0x00000004   Data   RW         3804    .data               mc_w.l(mvars.o)
    0x20000058   0x00000004   Data   RW         3805    .data               mc_w.l(mvars.o)
    0x2000005c   0x00000014   Zero   RW           25    .bss                main.o
    0x20000070   0x0000010c   Zero   RW         3300    .bss                receive_agreement.o
    0x2000017c   0x00000004   PAD
    0x20000180   0x00003fa7   Zero   RW         3348    .bss                usart.o
    0x20004127   0x00000078   Zero   RW         3514    .bss                bsp_ws281x.o
    0x2000419f   0x00000320   Zero   RW         3667    .bss                usart_dma.o
    0x200044bf   0x00000001   PAD
    0x200044c0   0x00000200   Zero   RW           18    HEAP                startup_stm32f10x_md.o
    0x200046c0   0x00000400   Zero   RW           17    STACK               startup_stm32f10x_md.o


==============================================================================

Image component sizes


      Code (inc. data)   RO Data    RW Data    ZI Data      Debug   Object Name

       694        102          0          0        120       6146   bsp_ws281x.o
       114          0          0          0          0        609   clock.o
         0          0          0          0          0       4528   core_cm3.o
       144         22          0          4          0       1308   delay.o
       196         36          0          4          0       1904   ep.o
       264         56          0         12         20     257292   main.o
       172         22          0          0          0     205617   misc.o
       300         10          0          0        268       2710   receive_agreement.o
        36          8        236          0       1536        828   startup_stm32f10x_md.o
       506         26          0          0          0       5315   stm32f10x_dma.o
        52         12          0          0          0       1141   stm32f10x_flash.o
       444          6          0          0          0       4051   stm32f10x_gpio.o
        26          0          0          0          0       4150   stm32f10x_it.o
       828        122          0         20          0      13822   stm32f10x_rcc.o
       528         64          0          0          0       2619   stm32f10x_tim.o
       664         28          0          0          0       8811   stm32f10x_usart.o
        64          8          0          0          0      16612   sys.o
       328         28          0         20          0       2325   system_stm32f10x.o
        48          8          0          0          0        522   tim_delay.o
      1912        478          0         18      16295       9725   usart.o
       484         68          0          4        800       4698   usart_dma.o

    ----------------------------------------------------------------------
      7828       1104        268         84      19044     554733   Object Totals
         0          0         32          0          0          0   (incl. Generated)
        24          0          0          2          5          0   (incl. Padding)

    ----------------------------------------------------------------------

      Code (inc. data)   RO Data    RW Data    ZI Data      Debug   Library Member Name

         0          0          0          0          0          0   entry.o
         0          0          0          0          0          0   entry10a.o
         0          0          0          0          0          0   entry11a.o
         8          4          0          0          0          0   entry2.o
         4          0          0          0          0          0   entry5.o
         0          0          0          0          0          0   entry7b.o
         0          0          0          0          0          0   entry8b.o
         8          4          0          0          0          0   entry9a.o
        30          0          0          0          0          0   handlers.o
        36          8          0          0          0         68   init.o
         0          0          0          0          0          0   iusefp.o
        30          0          0          0          0         68   llshl.o
        36          0          0          0          0         68   llsshr.o
        32          0          0          0          0         68   llushr.o
       188         20          0          0          0        160   malloc.o
         0          0          0          8          0          0   mvars.o
      2240         86          0          0          0        508   printfa.o
        28          0          0          0          0         76   strcmp.o
        18          0          0          0          0         68   strcpy.o
        14          0          0          0          0         68   strlen.o
        44          0          0          0          0         80   uidiv.o
        98          0          0          0          0         92   uldiv.o
        48          0          0          0          0         68   cdrcmple.o
       334          0          0          0          0        148   dadd.o
       222          0          0          0          0        100   ddiv.o
       186          0          0          0          0        176   depilogue.o
        48          0          0          0          0         68   dfixul.o
       228          0          0          0          0         96   dmul.o

    ----------------------------------------------------------------------
      3884        122          0          8          0       1980   Library Totals
         4          0          0          0          0          0   (incl. Padding)

    ----------------------------------------------------------------------

      Code (inc. data)   RO Data    RW Data    ZI Data      Debug   Library Name

      2814        122          0          8          0       1324   mc_w.l
      1066          0          0          0          0        656   mf_w.l

    ----------------------------------------------------------------------
      3884        122          0          8          0       1980   Library Totals

    ----------------------------------------------------------------------

==============================================================================


      Code (inc. data)   RO Data    RW Data    ZI Data      Debug   

     11712       1226        268         92      19044     550937   Grand Totals
     11712       1226        268         92      19044     550937   ELF Image Totals
     11712       1226        268         92          0          0   ROM Totals

==============================================================================

    Total RO  Size (Code + RO Data)                11980 (  11.70kB)
    Total RW  Size (RW Data + ZI Data)             19136 (  18.69kB)
    Total ROM Size (Code + RO Data + RW Data)      12072 (  11.79kB)

==============================================================================

